Rc files read:
  NONE
Latexmk: This is Latexmk, John Collins, 15 June 2025. Version 4.87.
Force everything to be remade.
Latexmk: applying rule 'xelatex'...
Rule 'xelatex':  Reasons for rerun
Category 'other':
  Rerun of 'xelatex' forced or previously required:
    Reason or flag: 'go_mode'

------------
Run number 1 of rule 'xelatex'
------------
------------
Running 'xelatex -no-pdf -interaction=nonstopmode -halt-on-error -file-line-error -recorder -output-directory="/Users/rob/dev/Presentation/ROB-Books/tmp/pdfs"  "complete-builders-field-manual.tex"'
------------
This is XeTeX, Version 3.141592653-2.6-0.999998 (TeX Live 2026/Homebrew) (preloaded format=xelatex)
 restricted \write18 enabled.
entering extended mode
(./complete-builders-field-manual.tex
LaTeX2e <2025-11-01>
L3 programming layer <2026-01-19>

(/opt/homebrew/Cellar/texlive/20260301/share/texmf-dist/tex/latex/base/book.cls
Document Class: book 2025/01/22 v1.4n Standard LaTeX document class

(/opt/homebrew/Cellar/texlive/20260301/share/texmf-dist/tex/latex/base/bk10.clo
)) (./robbook.sty
(/opt/homebrew/Cellar/texlive/20260301/share/texmf-dist/tex/latex/geometry/geom
etry.sty
(/opt/homebrew/Cellar/texlive/20260301/share/texmf-dist/tex/latex/graphics/keyv
al.sty)
(/opt/homebrew/Cellar/texlive/20260301/share/texmf-dist/tex/generic/iftex/ifvte
x.sty
(/opt/homebrew/Cellar/texlive/20260301/share/texmf-dist/tex/generic/iftex/iftex
.sty)))
(/opt/homebrew/Cellar/texlive/20260301/share/texmf-dist/tex/latex/fontspec/font
spec.sty
(/opt/homebrew/Cellar/texlive/20260301/share/texmf-dist/tex/latex/l3packages/xp
arse/xparse.sty
(/opt/homebrew/Cellar/texlive/20260301/share/texmf-dist/tex/latex/l3kernel/expl
3.sty
(/opt/homebrew/Cellar/texlive/20260301/share/texmf-dist/tex/latex/l3backend/l3b
ackend-xetex.def)))
(/opt/homebrew/Cellar/texlive/20260301/share/texmf-dist/tex/latex/fontspec/font
spec-xetex.sty
(/opt/homebrew/Cellar/texlive/20260301/share/texmf-dist/tex/latex/base/fontenc.
sty)
(/opt/homebrew/Cellar/texlive/20260301/share/texmf-dist/tex/latex/fontspec/font
spec.cfg)))
(/opt/homebrew/Cellar/texlive/20260301/share/texmf-dist/tex/latex/graphics/grap
hicx.sty
(/opt/homebrew/Cellar/texlive/20260301/share/texmf-dist/tex/latex/graphics/grap
hics.sty
(/opt/homebrew/Cellar/texlive/20260301/share/texmf-dist/tex/latex/graphics/trig
.sty)
(/opt/homebrew/Cellar/texlive/20260301/share/texmf-dist/tex/latex/graphics-cfg/
graphics.cfg)
(/opt/homebrew/Cellar/texlive/20260301/share/texmf-dist/tex/latex/graphics-def/
xetex.def)))
(/opt/homebrew/Cellar/texlive/20260301/share/texmf-dist/tex/latex/adjustbox/adj
ustbox.sty
(/opt/homebrew/Cellar/texlive/20260301/share/texmf-dist/tex/latex/xkeyval/xkeyv
al.sty
(/opt/homebrew/Cellar/texlive/20260301/share/texmf-dist/tex/generic/xkeyval/xke
yval.tex
(/opt/homebrew/Cellar/texlive/20260301/share/texmf-dist/tex/generic/xkeyval/xkv
utils.tex)))
(/opt/homebrew/Cellar/texlive/20260301/share/texmf-dist/tex/latex/adjustbox/adj
calc.sty)
(/opt/homebrew/Cellar/texlive/20260301/share/texmf-dist/tex/latex/adjustbox/tri
mclip.sty
(/opt/homebrew/Cellar/texlive/20260301/share/texmf-dist/tex/latex/collectbox/co
llectbox.sty)
(/opt/homebrew/Cellar/texlive/20260301/share/texmf-dist/tex/latex/adjustbox/tc-
xetex.def))
(/opt/homebrew/Cellar/texlive/20260301/share/texmf-dist/tex/latex/ifoddpage/ifo
ddpage.sty)
(/opt/homebrew/Cellar/texlive/20260301/share/texmf-dist/tex/latex/varwidth/varw
idth.sty)
==> First Aid for varwidth.sty applied!
)
(/opt/homebrew/Cellar/texlive/20260301/share/texmf-dist/tex/latex/pgf/frontendl
ayer/tikz.sty
(/opt/homebrew/Cellar/texlive/20260301/share/texmf-dist/tex/latex/pgf/basiclaye
r/pgf.sty
(/opt/homebrew/Cellar/texlive/20260301/share/texmf-dist/tex/latex/pgf/utilities
/pgfrcs.sty
(/opt/homebrew/Cellar/texlive/20260301/share/texmf-dist/tex/generic/pgf/utiliti
es/pgfutil-common.tex)
(/opt/homebrew/Cellar/texlive/20260301/share/texmf-dist/tex/generic/pgf/utiliti
es/pgfutil-latex.def)
(/opt/homebrew/Cellar/texlive/20260301/share/texmf-dist/tex/generic/pgf/utiliti
es/pgfrcs.code.tex
(/opt/homebrew/Cellar/texlive/20260301/share/texmf-dist/tex/generic/pgf/pgf.rev
ision.tex)))
(/opt/homebrew/Cellar/texlive/20260301/share/texmf-dist/tex/latex/pgf/basiclaye
r/pgfcore.sty
(/opt/homebrew/Cellar/texlive/20260301/share/texmf-dist/tex/latex/pgf/systemlay
er/pgfsys.sty
(/opt/homebrew/Cellar/texlive/20260301/share/texmf-dist/tex/generic/pgf/systeml
ayer/pgfsys.code.tex
(/opt/homebrew/Cellar/texlive/20260301/share/texmf-dist/tex/generic/pgf/utiliti
es/pgfkeys.code.tex
(/opt/homebrew/Cellar/texlive/20260301/share/texmf-dist/tex/generic/pgf/utiliti
es/pgfkeyslibraryfiltered.code.tex))
(/opt/homebrew/Cellar/texlive/20260301/share/texmf-dist/tex/generic/pgf/systeml
ayer/pgf.cfg)
(/opt/homebrew/Cellar/texlive/20260301/share/texmf-dist/tex/generic/pgf/systeml
ayer/pgfsys-xetex.def
(/opt/homebrew/Cellar/texlive/20260301/share/texmf-dist/tex/generic/pgf/systeml
ayer/pgfsys-dvipdfmx.def
(/opt/homebrew/Cellar/texlive/20260301/share/texmf-dist/tex/generic/pgf/systeml
ayer/pgfsys-common-pdf.def))))
(/opt/homebrew/Cellar/texlive/20260301/share/texmf-dist/tex/generic/pgf/systeml
ayer/pgfsyssoftpath.code.tex)
(/opt/homebrew/Cellar/texlive/20260301/share/texmf-dist/tex/generic/pgf/systeml
ayer/pgfsysprotocol.code.tex))
(/opt/homebrew/Cellar/texlive/20260301/share/texmf-dist/tex/latex/xcolor/xcolor
.sty
(/opt/homebrew/Cellar/texlive/20260301/share/texmf-dist/tex/latex/graphics-cfg/
color.cfg)
(/opt/homebrew/Cellar/texlive/20260301/share/texmf-dist/tex/latex/graphics/math
color.ltx))
(/opt/homebrew/Cellar/texlive/20260301/share/texmf-dist/tex/generic/pgf/basicla
yer/pgfcore.code.tex
(/opt/homebrew/Cellar/texlive/20260301/share/texmf-dist/tex/generic/pgf/math/pg
fmath.code.tex
(/opt/homebrew/Cellar/texlive/20260301/share/texmf-dist/tex/generic/pgf/math/pg
fmathutil.code.tex)
(/opt/homebrew/Cellar/texlive/20260301/share/texmf-dist/tex/generic/pgf/math/pg
fmathparser.code.tex)
(/opt/homebrew/Cellar/texlive/20260301/share/texmf-dist/tex/generic/pgf/math/pg
fmathfunctions.code.tex)
(/opt/homebrew/Cellar/texlive/20260301/share/texmf-dist/tex/generic/pgf/math/pg
fmathfunctions.basic.code.tex)
(/opt/homebrew/Cellar/texlive/20260301/share/texmf-dist/tex/generic/pgf/math/pg
fmathfunctions.trigonometric.code.tex)
(/opt/homebrew/Cellar/texlive/20260301/share/texmf-dist/tex/generic/pgf/math/pg
fmathfunctions.random.code.tex)
(/opt/homebrew/Cellar/texlive/20260301/share/texmf-dist/tex/generic/pgf/math/pg
fmathfunctions.comparison.code.tex)
(/opt/homebrew/Cellar/texlive/20260301/share/texmf-dist/tex/generic/pgf/math/pg
fmathfunctions.base.code.tex)
(/opt/homebrew/Cellar/texlive/20260301/share/texmf-dist/tex/generic/pgf/math/pg
fmathfunctions.round.code.tex)
(/opt/homebrew/Cellar/texlive/20260301/share/texmf-dist/tex/generic/pgf/math/pg
fmathfunctions.misc.code.tex)
(/opt/homebrew/Cellar/texlive/20260301/share/texmf-dist/tex/generic/pgf/math/pg
fmathfunctions.integerarithmetics.code.tex)
(/opt/homebrew/Cellar/texlive/20260301/share/texmf-dist/tex/generic/pgf/math/pg
fmathcalc.code.tex)
(/opt/homebrew/Cellar/texlive/20260301/share/texmf-dist/tex/generic/pgf/math/pg
fmathfloat.code.tex))
(/opt/homebrew/Cellar/texlive/20260301/share/texmf-dist/tex/generic/pgf/math/pg
fint.code.tex)
(/opt/homebrew/Cellar/texlive/20260301/share/texmf-dist/tex/generic/pgf/basicla
yer/pgfcorepoints.code.tex)
(/opt/homebrew/Cellar/texlive/20260301/share/texmf-dist/tex/generic/pgf/basicla
yer/pgfcorepathconstruct.code.tex)
(/opt/homebrew/Cellar/texlive/20260301/share/texmf-dist/tex/generic/pgf/basicla
yer/pgfcorepathusage.code.tex)
(/opt/homebrew/Cellar/texlive/20260301/share/texmf-dist/tex/generic/pgf/basicla
yer/pgfcorescopes.code.tex)
(/opt/homebrew/Cellar/texlive/20260301/share/texmf-dist/tex/generic/pgf/basicla
yer/pgfcoregraphicstate.code.tex)
(/opt/homebrew/Cellar/texlive/20260301/share/texmf-dist/tex/generic/pgf/basicla
yer/pgfcoretransformations.code.tex)
(/opt/homebrew/Cellar/texlive/20260301/share/texmf-dist/tex/generic/pgf/basicla
yer/pgfcorequick.code.tex)
(/opt/homebrew/Cellar/texlive/20260301/share/texmf-dist/tex/generic/pgf/basicla
yer/pgfcoreobjects.code.tex)
(/opt/homebrew/Cellar/texlive/20260301/share/texmf-dist/tex/generic/pgf/basicla
yer/pgfcorepathprocessing.code.tex)
(/opt/homebrew/Cellar/texlive/20260301/share/texmf-dist/tex/generic/pgf/basicla
yer/pgfcorearrows.code.tex)
(/opt/homebrew/Cellar/texlive/20260301/share/texmf-dist/tex/generic/pgf/basicla
yer/pgfcoreshade.code.tex)
(/opt/homebrew/Cellar/texlive/20260301/share/texmf-dist/tex/generic/pgf/basicla
yer/pgfcoreimage.code.tex)
(/opt/homebrew/Cellar/texlive/20260301/share/texmf-dist/tex/generic/pgf/basicla
yer/pgfcoreexternal.code.tex)
(/opt/homebrew/Cellar/texlive/20260301/share/texmf-dist/tex/generic/pgf/basicla
yer/pgfcorelayers.code.tex)
(/opt/homebrew/Cellar/texlive/20260301/share/texmf-dist/tex/generic/pgf/basicla
yer/pgfcoretransparency.code.tex)
(/opt/homebrew/Cellar/texlive/20260301/share/texmf-dist/tex/generic/pgf/basicla
yer/pgfcorepatterns.code.tex)
(/opt/homebrew/Cellar/texlive/20260301/share/texmf-dist/tex/generic/pgf/basicla
yer/pgfcorerdf.code.tex)))
(/opt/homebrew/Cellar/texlive/20260301/share/texmf-dist/tex/generic/pgf/modules
/pgfmoduleshapes.code.tex)
(/opt/homebrew/Cellar/texlive/20260301/share/texmf-dist/tex/generic/pgf/modules
/pgfmoduleplot.code.tex)
(/opt/homebrew/Cellar/texlive/20260301/share/texmf-dist/tex/latex/pgf/compatibi
lity/pgfcomp-version-0-65.sty)
(/opt/homebrew/Cellar/texlive/20260301/share/texmf-dist/tex/latex/pgf/compatibi
lity/pgfcomp-version-1-18.sty))
(/opt/homebrew/Cellar/texlive/20260301/share/texmf-dist/tex/latex/pgf/utilities
/pgffor.sty
(/opt/homebrew/Cellar/texlive/20260301/share/texmf-dist/tex/latex/pgf/utilities
/pgfkeys.sty
(/opt/homebrew/Cellar/texlive/20260301/share/texmf-dist/tex/generic/pgf/utiliti
es/pgfkeys.code.tex))
(/opt/homebrew/Cellar/texlive/20260301/share/texmf-dist/tex/latex/pgf/math/pgfm
ath.sty
(/opt/homebrew/Cellar/texlive/20260301/share/texmf-dist/tex/generic/pgf/math/pg
fmath.code.tex))
(/opt/homebrew/Cellar/texlive/20260301/share/texmf-dist/tex/generic/pgf/utiliti
es/pgffor.code.tex))
(/opt/homebrew/Cellar/texlive/20260301/share/texmf-dist/tex/generic/pgf/fronten
dlayer/tikz/tikz.code.tex
(/opt/homebrew/Cellar/texlive/20260301/share/texmf-dist/tex/generic/pgf/librari
es/pgflibraryplothandlers.code.tex)
(/opt/homebrew/Cellar/texlive/20260301/share/texmf-dist/tex/generic/pgf/modules
/pgfmodulematrix.code.tex)
(/opt/homebrew/Cellar/texlive/20260301/share/texmf-dist/tex/generic/pgf/fronten
dlayer/tikz/libraries/tikzlibrarytopaths.code.tex)))
(/opt/homebrew/Cellar/texlive/20260301/share/texmf-dist/tex/generic/pgf/fronten
dlayer/tikz/libraries/tikzlibrarypositioning.code.tex)
(/opt/homebrew/Cellar/texlive/20260301/share/texmf-dist/tex/generic/pgf/fronten
dlayer/tikz/libraries/tikzlibrarycalc.code.tex)
(/opt/homebrew/Cellar/texlive/20260301/share/texmf-dist/tex/latex/tcolorbox/tco
lorbox.sty
(/opt/homebrew/Cellar/texlive/20260301/share/texmf-dist/tex/latex/tools/verbati
m.sty)
(/opt/homebrew/Cellar/texlive/20260301/share/texmf-dist/tex/latex/environ/envir
on.sty
(/opt/homebrew/Cellar/texlive/20260301/share/texmf-dist/tex/latex/trimspaces/tr
imspaces.sty))
(/opt/homebrew/Cellar/texlive/20260301/share/texmf-dist/tex/latex/etoolbox/etoo
lbox.sty)
(/opt/homebrew/Cellar/texlive/20260301/share/texmf-dist/tex/latex/tcolorbox/tcb
raster.code.tex
Library (tcolorbox): 'tcbraster.code.tex' version '6.9.0'
)
(/opt/homebrew/Cellar/texlive/20260301/share/texmf-dist/tex/latex/tcolorbox/tcb
skins.code.tex
Library (tcolorbox): 'tcbskins.code.tex' version '6.9.0'

(/opt/homebrew/Cellar/texlive/20260301/share/texmf-dist/tex/latex/tikzfill/tikz
fill.image.sty
(/opt/homebrew/Cellar/texlive/20260301/share/texmf-dist/tex/latex/tikzfill/tikz
fill-common.sty)
(/opt/homebrew/Cellar/texlive/20260301/share/texmf-dist/tex/latex/tikzfill/tikz
libraryfill.image.code.tex))
(/opt/homebrew/Cellar/texlive/20260301/share/texmf-dist/tex/latex/tcolorbox/tcb
skinsjigsaw.code.tex
Library (tcolorbox): 'tcbskinsjigsaw.code.tex' version '6.9.0'
))
(/opt/homebrew/Cellar/texlive/20260301/share/texmf-dist/tex/latex/tcolorbox/tcb
breakable.code.tex
Library (tcolorbox): 'tcbbreakable.code.tex' version '6.9.0'

(/opt/homebrew/Cellar/texlive/20260301/share/texmf-dist/tex/latex/pdfcol/pdfcol
.sty
(/opt/homebrew/Cellar/texlive/20260301/share/texmf-dist/tex/generic/ltxcmds/ltx
cmds.sty)
(/opt/homebrew/Cellar/texlive/20260301/share/texmf-dist/tex/generic/infwarerr/i
nfwarerr.sty)))
(/opt/homebrew/Cellar/texlive/20260301/share/texmf-dist/tex/latex/tcolorbox/tcb
hooks.code.tex
Library (tcolorbox): 'tcbhooks.code.tex' version '6.9.0'
)
(/opt/homebrew/Cellar/texlive/20260301/share/texmf-dist/tex/latex/tcolorbox/tcb
theorems.code.tex
Library (tcolorbox): 'tcbtheorems.code.tex' version '6.9.0'

(/opt/homebrew/Cellar/texlive/20260301/share/texmf-dist/tex/latex/amsmath/amsma
th.sty
For additional information on amsmath, use the `?' option.

(/opt/homebrew/Cellar/texlive/20260301/share/texmf-dist/tex/latex/amsmath/amste
xt.sty
(/opt/homebrew/Cellar/texlive/20260301/share/texmf-dist/tex/latex/amsmath/amsge
n.sty))
(/opt/homebrew/Cellar/texlive/20260301/share/texmf-dist/tex/latex/amsmath/amsbs
y.sty)
(/opt/homebrew/Cellar/texlive/20260301/share/texmf-dist/tex/latex/amsmath/amsop
n.sty)))
(/opt/homebrew/Cellar/texlive/20260301/share/texmf-dist/tex/latex/tcolorbox/tcb
fitting.code.tex
Library (tcolorbox): 'tcbfitting.code.tex' version '6.9.0'
)
(/opt/homebrew/Cellar/texlive/20260301/share/texmf-dist/tex/latex/tcolorbox/tcb
listingsutf8.code.tex
Library (tcolorbox): 'tcblistingsutf8.code.tex' version '6.9.0'

(/opt/homebrew/Cellar/texlive/20260301/share/texmf-dist/tex/latex/tcolorbox/tcb
listings.code.tex
Library (tcolorbox): 'tcblistings.code.tex' version '6.9.0'

(/opt/homebrew/Cellar/texlive/20260301/share/texmf-dist/tex/latex/listings/list
ings.sty
(/opt/homebrew/Cellar/texlive/20260301/share/texmf-dist/tex/latex/listings/lstp
atch.sty)
(/opt/homebrew/Cellar/texlive/20260301/share/texmf-dist/tex/latex/listings/lstm
isc.sty)
(/opt/homebrew/Cellar/texlive/20260301/share/texmf-dist/tex/latex/listings/list
ings.cfg))
==> First Aid for listings.sty no longer applied!
    Expected:
        2024/09/23 1.10c (Carsten Heinz)
    but found:
        2025/11/14 1.11b (Carsten Heinz)
    so I'm assuming it got fixed.

(/opt/homebrew/Cellar/texlive/20260301/share/texmf-dist/tex/latex/tcolorbox/tcb
listingscore.code.tex
Library (tcolorbox): 'tcblistingscore.code.tex' version '6.9.0'

(/opt/homebrew/Cellar/texlive/20260301/share/texmf-dist/tex/latex/tcolorbox/tcb
processing.code.tex
Library (tcolorbox): 'tcbprocessing.code.tex' version '6.9.0'
))))
(/opt/homebrew/Cellar/texlive/20260301/share/texmf-dist/tex/latex/tcolorbox/tcb
external.code.tex
Library (tcolorbox): 'tcbexternal.code.tex' version '6.9.0'
)
(/opt/homebrew/Cellar/texlive/20260301/share/texmf-dist/tex/latex/tcolorbox/tcb
magazine.code.tex
Library (tcolorbox): 'tcbmagazine.code.tex' version '6.9.0'
)
(/opt/homebrew/Cellar/texlive/20260301/share/texmf-dist/tex/latex/tcolorbox/tcb
vignette.code.tex
Library (tcolorbox): 'tcbvignette.code.tex' version '6.9.0'

(/opt/homebrew/Cellar/texlive/20260301/share/texmf-dist/tex/generic/pgf/fronten
dlayer/tikz/libraries/tikzlibraryfadings.code.tex
(/opt/homebrew/Cellar/texlive/20260301/share/texmf-dist/tex/generic/pgf/librari
es/pgflibraryfadings.code.tex)))
(/opt/homebrew/Cellar/texlive/20260301/share/texmf-dist/tex/latex/tcolorbox/tcb
poster.code.tex
Library (tcolorbox): 'tcbposter.code.tex' version '6.9.0'
))
(/opt/homebrew/Cellar/texlive/20260301/share/texmf-dist/tex/latex/tools/tabular
x.sty
(/opt/homebrew/Cellar/texlive/20260301/share/texmf-dist/tex/latex/tools/array.s
ty))
(/opt/homebrew/Cellar/texlive/20260301/share/texmf-dist/tex/latex/booktabs/book
tabs.sty)
(/opt/homebrew/Cellar/texlive/20260301/share/texmf-dist/tex/latex/enumitem/enum
item.sty)
(/opt/homebrew/Cellar/texlive/20260301/share/texmf-dist/tex/latex/fancyhdr/fanc
yhdr.sty)
(/opt/homebrew/Cellar/texlive/20260301/share/texmf-dist/tex/latex/titlesec/titl
esec.sty)
(/opt/homebrew/Cellar/texlive/20260301/share/texmf-dist/tex/latex/hyperref/hype
rref.sty
(/opt/homebrew/Cellar/texlive/20260301/share/texmf-dist/tex/latex/kvsetkeys/kvs
etkeys.sty)
(/opt/homebrew/Cellar/texlive/20260301/share/texmf-dist/tex/generic/kvdefinekey
s/kvdefinekeys.sty)
(/opt/homebrew/Cellar/texlive/20260301/share/texmf-dist/tex/generic/pdfescape/p
dfescape.sty
(/opt/homebrew/Cellar/texlive/20260301/share/texmf-dist/tex/generic/pdftexcmds/
pdftexcmds.sty))
(/opt/homebrew/Cellar/texlive/20260301/share/texmf-dist/tex/latex/hycolor/hycol
or.sty)
(/opt/homebrew/Cellar/texlive/20260301/share/texmf-dist/tex/latex/hyperref/name
ref.sty
(/opt/homebrew/Cellar/texlive/20260301/share/texmf-dist/tex/latex/refcount/refc
ount.sty)
(/opt/homebrew/Cellar/texlive/20260301/share/texmf-dist/tex/generic/gettitlestr
ing/gettitlestring.sty
(/opt/homebrew/Cellar/texlive/20260301/share/texmf-dist/tex/latex/kvoptions/kvo
ptions.sty)))
(/opt/homebrew/Cellar/texlive/20260301/share/texmf-dist/tex/generic/stringenc/s
tringenc.sty)
(/opt/homebrew/Cellar/texlive/20260301/share/texmf-dist/tex/latex/hyperref/pd1e
nc.def)
(/opt/homebrew/Cellar/texlive/20260301/share/texmf-dist/tex/generic/intcalc/int
calc.sty)
(/opt/homebrew/Cellar/texlive/20260301/share/texmf-dist/tex/latex/hyperref/puen
c.def)
(/opt/homebrew/Cellar/texlive/20260301/share/texmf-dist/tex/latex/url/url.sty)
(/opt/homebrew/Cellar/texlive/20260301/share/texmf-dist/tex/generic/bitset/bits
et.sty
(/opt/homebrew/Cellar/texlive/20260301/share/texmf-dist/tex/generic/bigintcalc/
bigintcalc.sty)))
(/opt/homebrew/Cellar/texlive/20260301/share/texmf-dist/tex/latex/hyperref/hxet
ex.def
(/opt/homebrew/Cellar/texlive/20260301/share/texmf-dist/tex/latex/rerunfilechec
k/rerunfilecheck.sty
(/opt/homebrew/Cellar/texlive/20260301/share/texmf-dist/tex/generic/uniquecount
er/uniquecounter.sty)))
(/opt/homebrew/Cellar/texlive/20260301/share/texmf-dist/tex/latex/microtype/mic
rotype.sty
(/opt/homebrew/Cellar/texlive/20260301/share/texmf-dist/tex/latex/microtype/mic
rotype-xetex.def)
(/opt/homebrew/Cellar/texlive/20260301/share/texmf-dist/tex/latex/microtype/mic
rotype.cfg))
(/opt/homebrew/Cellar/texlive/20260301/share/texmf-dist/tex/latex/setspace/sets
pace.sty)
(/opt/homebrew/Cellar/texlive/20260301/share/texmf-dist/tex/latex/caption/capti
on.sty
(/opt/homebrew/Cellar/texlive/20260301/share/texmf-dist/tex/latex/caption/capti
on3.sty))
(/opt/homebrew/Cellar/texlive/20260301/share/texmf-dist/tex/latex/tools/multico
l.sty)
(/opt/homebrew/Cellar/texlive/20260301/share/texmf-dist/tex/latex/ragged2e/ragg
ed2e.sty)
(/opt/homebrew/Cellar/texlive/20260301/share/texmf-dist/tex/latex/base/ifthen.s
ty)
(/opt/homebrew/Cellar/texlive/20260301/share/texmf-dist/tex/latex/lastpage/last
page.sty
(/opt/homebrew/Cellar/texlive/20260301/share/texmf-dist/tex/latex/lastpage/last
page2e.sty
(/opt/homebrew/Cellar/texlive/20260301/share/texmf-dist/tex/latex/lastpage/last
pagemodern.sty) 
)))
(/Users/rob/dev/Presentation/ROB-Books/tmp/pdfs/complete-builders-field-manual.
aux)
*geometry* driver: auto-detecting
*geometry* detected driver: xetex

(/Users/rob/dev/Presentation/ROB-Books/tmp/pdfs/complete-builders-field-manual.
out)
(/Users/rob/dev/Presentation/ROB-Books/tmp/pdfs/complete-builders-field-manual.
out)

Package microtype Warning: Unable to apply patch `footnote' on input line 7.

[1] [2]
(/opt/homebrew/Cellar/texlive/20260301/share/texmf-dist/tex/latex/microtype/mt-
cmr.cfg)

LaTeX Warning: Reference `LastPage' on page 3 undefined on input line 45.

[3]

LaTeX Warning: Reference `LastPage' on page 4 undefined on input line 46.

[4]
(/Users/rob/dev/Presentation/ROB-Books/tmp/pdfs/complete-builders-field-manual.
toc) [5]

LaTeX Warning: Reference `LastPage' on page 6 undefined on input line 48.

[6] [1] [2]
Chapter 1.

Underfull \hbox (badness 10000) in paragraph at lines 71--71
[]|\TU/AvenirNext(0)/m/n/10 Open electronics, camera/head revisions,

Underfull \hbox (badness 10000) in paragraph at lines 71--71
\TU/AvenirNext(0)/m/n/10 wooden base templates, tread geometry,

Underfull \hbox (badness 2671) in paragraph at lines 71--71
[]|\TU/AvenirNext(0)/m/n/10 Operational experience likely drove require-

Underfull \hbox (badness 3068) in paragraph at lines 71--71
\TU/AvenirNext(0)/m/n/10 ments, but the archive does not link each

Underfull \hbox (badness 10000) in paragraph at lines 71--71
[]|\TU/AvenirNext(0)/m/n/10 Sprocket-area machining, chain clearance,

Underfull \hbox (badness 10000) in paragraph at lines 71--71
[]|\TU/AvenirNext(0)/m/n/10 Shoulder and neck gearing, arm re-

Underfull \hbox (badness 3623) in paragraph at lines 71--71
\TU/AvenirNext(0)/m/n/10 moval/reassembly, cable labels, emergency-
[3]

LaTeX Warning: Reference `LastPage' on page 4 undefined on input line 110.

[4]

LaTeX Warning: Reference `LastPage' on page 5 undefined on input line 112.

[5] [6]
Chapter 2.

Underfull \hbox (badness 10000) in paragraph at lines 145--145
[]|\TU/AvenirNext(0)/m/n/10 Capture fresh intent, apply its client-

Underfull \hbox (badness 10000) in paragraph at lines 145--145
\TU/AvenirNext(0)/m/n/10 specific lease or watchdog, present

Underfull \hbox (badness 2285) in paragraph at lines 145--145
\TU/AvenirNext(0)/m/n/10 and order messages, reject replay and

Underfull \hbox (badness 1275) in paragraph at lines 145--145
[]|\TU/AvenirNext(0)/m/n/10 Target: accept only complete bounded
[7]

LaTeX Warning: Reference `LastPage' on page 8 undefined on input line 159.

[8] [9] [10]
Chapter 3.

Underfull \hbox (badness 10000) in paragraph at lines 182--182
[][]

Underfull \hbox (badness 10000) in paragraph at lines 190--190
[][]
[11]

LaTeX Warning: Reference `LastPage' on page 12 undefined on input line 200.

[12]

LaTeX Warning: Reference `LastPage' on page 13 undefined on input line 222.

[13] [14]
Chapter 4.

Underfull \hbox (badness 10000) in paragraph at lines 248--248
[][]

Underfull \hbox (badness 2547) in paragraph at lines 248--248
[]\TU/AvenirNext(0)/m/it/7 Temporary labels aid teardown, but permanent routing
 must account for
[15]
Underfull \hbox (badness 10000) in paragraph at lines 254--254
[][]

Underfull \hbox (badness 2564) in paragraph at lines 260--260
[][] []\TU/AvenirNext(0)/m/it/7 A detached arm reveals its

LaTeX Warning: Reference `LastPage' on page 16 undefined on input line 265.

[16]

LaTeX Warning: Reference `LastPage' on page 17 undefined on input line 268.

[17] [18]
Chapter 5.

Underfull \hbox (badness 10000) in paragraph at lines 289--289
[][]

Underfull \hbox (badness 10000) in paragraph at lines 289--289
[][]
[19]

LaTeX Warning: Reference `LastPage' on page 20 undefined on input line 319.

[20] [21] [22]
Chapter 6.

Underfull \hbox (badness 10000) in paragraph at lines 329--329
[][]

Underfull \hbox (badness 10000) in paragraph at lines 329--329
[][]

Underfull \hbox (badness 10000) in paragraph at lines 348--348
[][]
[23]

LaTeX Warning: Reference `LastPage' on page 24 undefined on input line 362.

[24]

LaTeX Warning: Reference `LastPage' on page 25 undefined on input line 366.

[25] [26]
Chapter 7.

Underfull \hbox (badness 10000) in paragraph at lines 383--383
[]|[] \TU/AvenirNext(0)/m/n/10 current

Underfull \hbox (badness 10000) in paragraph at lines 411--411
[]|\TU/AvenirNext(0)/m/n/10 SoftwareSerial

Underfull \hbox (badness 10000) in paragraph at lines 411--411
\TU/AvenirNext(0)/m/n/10 D22/D23, 19,200

Underfull \hbox (badness 2932) in paragraph at lines 411--411
[]|\TU/AvenirNext(0)/m/n/10 Compact serial forward/reverse; nominal speed -3200
 to

Underfull \hbox (badness 10000) in paragraph at lines 411--411
[]|\TU/AvenirNext(0)/m/n/10 I2C via Wire;

Underfull \hbox (badness 10000) in paragraph at lines 411--411
[]|\TU/AvenirNext(0)/m/n/10 Proposed
[27]

LaTeX Warning: Reference `LastPage' on page 28 undefined on input line 443.

[28]

LaTeX Warning: Reference `LastPage' on page 29 undefined on input line 483.

[29]

LaTeX Warning: Reference `LastPage' on page 30 undefined on input line 485.

[30] [31] [32]
Chapter 8.

Underfull \hbox (badness 1735) in paragraph at lines 511--511
[]|\TU/AvenirNext(0)/m/n/10 Camera providers, frame-set ownership, bounded deli
very, RGB-D

Underfull \hbox (badness 10000) in paragraph at lines 518--518
[]\TU/AvenirNext(0)/b/n/10 Why it is here: \TU/AvenirNext(0)/m/n/10 Read \TU/Me
nlo(0)/m/n/10 initialize_connection\TU/AvenirNext(0)/m/n/10 , \TU/Menlo(0)/m/n/
10 usbSerialPortPaths\TU/AvenirNext(0)/m/n/10 , \TU/Menlo(0)/m/n/10 connectToDe
tectedBase\TU/AvenirNext(0)/m/n/10 ,

Underfull \hbox (badness 10000) in paragraph at lines 518--518
\TU/Menlo(0)/m/n/10 probeBaseFirmwareAtPath\TU/AvenirNext(0)/m/n/10 , \TU/Menlo
(0)/m/n/10 consumeBaseSerialBytes\TU/AvenirNext(0)/m/n/10 , the Vision neck/tor
so methods, and
[33]
Underfull \hbox (badness 10000) in paragraph at lines 541--541
[]\TU/AvenirNext(0)/b/n/10 Why it is here: \TU/AvenirNext(0)/m/n/10 Compare the
 latest-value snapshot store with \TU/Menlo(0)/m/n/10 ROBMLXRuntime.swift\TU/Av
enirNext(0)/m/n/10 ,

LaTeX Warning: Reference `LastPage' on page 34 undefined on input line 541.

[34]

LaTeX Warning: Reference `LastPage' on page 35 undefined on input line 551.

[35] [36]
Chapter 9.

Underfull \hbox (badness 3439) in paragraph at lines 554--554
[]\TU/AvenirNext(0)/b/n/10 Why it is here: \TU/AvenirNext(0)/m/n/10 The client 
control contract is the anchor. Compare it with Cerebro’s matching

Underfull \hbox (badness 10000) in paragraph at lines 575--575
[]|\TU/AvenirNext(0)/m/n/10 Send established con-

Underfull \hbox (badness 10000) in paragraph at lines 575--575
\TU/AvenirNext(0)/m/n/10 trol/action/autonomy messages and

Underfull \hbox (badness 5331) in paragraph at lines 575--575
[]|\TU/AvenirNext(0)/m/n/10 Send bounded typed scan and map
[37]

LaTeX Warning: Reference `LastPage' on page 38 undefined on input line 595.

[38] [39]
Chapter 10.
[40]
Underfull \hbox (badness 10000) in paragraph at lines 660--660
[]|\TU/AvenirNext(0)/m/n/10 pinned identity,

Underfull \hbox (badness 10000) in paragraph at lines 660--660
[]|\TU/AvenirNext(0)/m/n/10 magic, version,

Underfull \hbox (badness 10000) in paragraph at lines 660--660
\TU/AvenirNext(0)/m/n/10 kind, length, se-

Underfull \hbox (badness 1072) in paragraph at lines 660--660
[]|\TU/AvenirNext(0)/m/n/10 IDs, codec, timing,

Underfull \hbox (badness 10000) in paragraph at lines 660--660
[]|\TU/AvenirNext(0)/m/n/10 NAL lengths and

LaTeX Warning: Reference `LastPage' on page 41 undefined on input line 665.

[41]
Overfull \hbox (5.287pt too wide) in paragraph at lines 674--675
\TU/AvenirNext(0)/m/n/10 timing, and calls \TU/Menlo(0)/m/n/10 CMSampleBufferCr
eateReady\TU/AvenirNext(0)/m/n/10 . The \TU/Menlo(0)/m/n/10 NotSync \TU/AvenirN
ext(0)/m/n/10 attachment mirrors the key-frame flag. \TU/Menlo(0)/m/n/10 Displa
yImmediately

LaTeX Warning: Reference `LastPage' on page 42 undefined on input line 695.

[42]

LaTeX Warning: Reference `LastPage' on page 43 undefined on input line 705.

[43] [44]
Chapter 11.
[45]
Underfull \hbox (badness 10000) in paragraph at lines 758--758
[][]

LaTeX Warning: Reference `LastPage' on page 46 undefined on input line 760.

[46]

LaTeX Warning: Reference `LastPage' on page 47 undefined on input line 762.

[47]
Underfull \hbox (badness 1248) in paragraph at lines 762--762
[]\TU/Futura(0)/b/n/29 Arms, animation, speech, auton- 
[48]
Chapter 12.
[49]
Underfull \hbox (badness 10000) in paragraph at lines 797--797
[]\TU/AvenirNext(0)/b/n/10 Why it is here: \TU/AvenirNext(0)/m/n/10 Read the st
rict show protocol and fixture tests first, then compare

LaTeX Warning: Reference `LastPage' on page 50 undefined on input line 819.

[50]

LaTeX Warning: Reference `LastPage' on page 51 undefined on input line 825.

[51] [52] [53]
Chapter 13.

Underfull \hbox (badness 2134) in paragraph at lines 850--850
[]|\TU/AvenirNext(0)/m/n/10 Protocol, range, state, deadline, replay, and

Underfull \hbox (badness 10000) in paragraph at lines 850--850
[]|\TU/AvenirNext(0)/m/n/10 Repeatable operating envelope and ther-
[54]

LaTeX Warning: Reference `LastPage' on page 55 undefined on input line 885.

[55] [56]
Chapter 14.
[57]

LaTeX Warning: Reference `LastPage' on page 58 undefined on input line 931.

[58] [59]
Chapter 15.
[60] (./adult-learning-and-commissioning.tex

LaTeX Warning: Reference `LastPage' on page 61 undefined on input line 1.

[61]
Appendix A.
[62]
Appendix B.
[63]
Appendix C.
) [64]
Appendix D.
[65]
Appendix E.
[66]
Appendix F.

Underfull \hbox (badness 10000) in paragraph at lines 1025--1025
[]|\TU/AvenirNext(0)/m/n/10 PROTECTION / CON-
[67]
Appendix G.
[68]
Appendix H.

Underfull \hbox (badness 1132) in paragraph at lines 1089--1089
[]|\TU/AvenirNext(0)/m/n/10 Captured Ubuntu runtime evidence for the two AMBER 
cores;

Overfull \hbox (46.3437pt too wide) in paragraph at lines 1089--1089
[]|\TU/Menlo(0)/m/n/7 ROBControllerVision/Packages/ROBControlCore/Sources/ROBVi
deoPipeline| 

Underfull \hbox (badness 3039) in paragraph at lines 1089--1089
[]|\TU/AvenirNext(0)/m/n/10 H.264 validation, SPS/PPS format construction, AVCC
 sample
[69]
Overfull \vbox (16.15486pt too high) has occurred while \output is active

LaTeX Warning: Reference `LastPage' on page 70 undefined on input line 1091.

[70]
Appendix I.
[71] 
enddocument/afterlastpage (AED): lastpage setting LastPage.

(/Users/rob/dev/Presentation/ROB-Books/tmp/pdfs/complete-builders-field-manual.
aux)

LaTeX Warning: There were undefined references.


LaTeX Warning: Label(s) may have changed. Rerun to get cross-references right.


Package rerunfilecheck Warning: File `complete-builders-field-manual.out' has c
hanged.
(rerunfilecheck)                Rerun to get outlines right
(rerunfilecheck)                or use package `bookmark'.


Package lastpage Warning: Rerun to get the references right on input line 1106.


 )
(see the transcript file for additional information)
Output written on /Users/rob/dev/Presentation/ROB-Books/tmp/pdfs/complete-build
ers-field-manual.xdv (77 pages, 1576372 bytes).
Transcript written on /Users/rob/dev/Presentation/ROB-Books/tmp/pdfs/complete-b
uilders-field-manual.log.
Latexmk: Getting log file '/Users/rob/dev/Presentation/ROB-Books/tmp/pdfs/complete-builders-field-manual.log'
Latexmk: Examining '/Users/rob/dev/Presentation/ROB-Books/tmp/pdfs/complete-builders-field-manual.fls'
Latexmk: Examining '/Users/rob/dev/Presentation/ROB-Books/tmp/pdfs/complete-builders-field-manual.log'
Latexmk: References changed.
Latexmk: References changed.
Latexmk: References changed.
Latexmk: References changed.
Latexmk: Log file says output to '/Users/rob/dev/Presentation/ROB-Books/tmp/pdfs/complete-builders-field-manual.xdv'
Latexmk: Using bibtex to make bibliography file(s).
Latexmk: applying rule 'xelatex'...
Rule 'xelatex':  Reasons for rerun
Changed files or newly in use/created:
  /Users/rob/dev/Presentation/ROB-Books/tmp/pdfs/complete-builders-field-manual.aux
  /Users/rob/dev/Presentation/ROB-Books/tmp/pdfs/complete-builders-field-manual.out
  /Users/rob/dev/Presentation/ROB-Books/tmp/pdfs/complete-builders-field-manual.toc

------------
Run number 2 of rule 'xelatex'
------------
------------
Running 'xelatex -no-pdf -interaction=nonstopmode -halt-on-error -file-line-error -recorder -output-directory="/Users/rob/dev/Presentation/ROB-Books/tmp/pdfs"  "complete-builders-field-manual.tex"'
------------
This is XeTeX, Version 3.141592653-2.6-0.999998 (TeX Live 2026/Homebrew) (preloaded format=xelatex)
 restricted \write18 enabled.
entering extended mode
(./complete-builders-field-manual.tex
LaTeX2e <2025-11-01>
L3 programming layer <2026-01-19>

(/opt/homebrew/Cellar/texlive/20260301/share/texmf-dist/tex/latex/base/book.cls
Document Class: book 2025/01/22 v1.4n Standard LaTeX document class

(/opt/homebrew/Cellar/texlive/20260301/share/texmf-dist/tex/latex/base/bk10.clo
)) (./robbook.sty
(/opt/homebrew/Cellar/texlive/20260301/share/texmf-dist/tex/latex/geometry/geom
etry.sty
(/opt/homebrew/Cellar/texlive/20260301/share/texmf-dist/tex/latex/graphics/keyv
al.sty)
(/opt/homebrew/Cellar/texlive/20260301/share/texmf-dist/tex/generic/iftex/ifvte
x.sty
(/opt/homebrew/Cellar/texlive/20260301/share/texmf-dist/tex/generic/iftex/iftex
.sty)))
(/opt/homebrew/Cellar/texlive/20260301/share/texmf-dist/tex/latex/fontspec/font
spec.sty
(/opt/homebrew/Cellar/texlive/20260301/share/texmf-dist/tex/latex/l3packages/xp
arse/xparse.sty
(/opt/homebrew/Cellar/texlive/20260301/share/texmf-dist/tex/latex/l3kernel/expl
3.sty
(/opt/homebrew/Cellar/texlive/20260301/share/texmf-dist/tex/latex/l3backend/l3b
ackend-xetex.def)))
(/opt/homebrew/Cellar/texlive/20260301/share/texmf-dist/tex/latex/fontspec/font
spec-xetex.sty
(/opt/homebrew/Cellar/texlive/20260301/share/texmf-dist/tex/latex/base/fontenc.
sty)
(/opt/homebrew/Cellar/texlive/20260301/share/texmf-dist/tex/latex/fontspec/font
spec.cfg)))
(/opt/homebrew/Cellar/texlive/20260301/share/texmf-dist/tex/latex/graphics/grap
hicx.sty
(/opt/homebrew/Cellar/texlive/20260301/share/texmf-dist/tex/latex/graphics/grap
hics.sty
(/opt/homebrew/Cellar/texlive/20260301/share/texmf-dist/tex/latex/graphics/trig
.sty)
(/opt/homebrew/Cellar/texlive/20260301/share/texmf-dist/tex/latex/graphics-cfg/
graphics.cfg)
(/opt/homebrew/Cellar/texlive/20260301/share/texmf-dist/tex/latex/graphics-def/
xetex.def)))
(/opt/homebrew/Cellar/texlive/20260301/share/texmf-dist/tex/latex/adjustbox/adj
ustbox.sty
(/opt/homebrew/Cellar/texlive/20260301/share/texmf-dist/tex/latex/xkeyval/xkeyv
al.sty
(/opt/homebrew/Cellar/texlive/20260301/share/texmf-dist/tex/generic/xkeyval/xke
yval.tex
(/opt/homebrew/Cellar/texlive/20260301/share/texmf-dist/tex/generic/xkeyval/xkv
utils.tex)))
(/opt/homebrew/Cellar/texlive/20260301/share/texmf-dist/tex/latex/adjustbox/adj
calc.sty)
(/opt/homebrew/Cellar/texlive/20260301/share/texmf-dist/tex/latex/adjustbox/tri
mclip.sty
(/opt/homebrew/Cellar/texlive/20260301/share/texmf-dist/tex/latex/collectbox/co
llectbox.sty)
(/opt/homebrew/Cellar/texlive/20260301/share/texmf-dist/tex/latex/adjustbox/tc-
xetex.def))
(/opt/homebrew/Cellar/texlive/20260301/share/texmf-dist/tex/latex/ifoddpage/ifo
ddpage.sty)
(/opt/homebrew/Cellar/texlive/20260301/share/texmf-dist/tex/latex/varwidth/varw
idth.sty)
==> First Aid for varwidth.sty applied!
)
(/opt/homebrew/Cellar/texlive/20260301/share/texmf-dist/tex/latex/pgf/frontendl
ayer/tikz.sty
(/opt/homebrew/Cellar/texlive/20260301/share/texmf-dist/tex/latex/pgf/basiclaye
r/pgf.sty
(/opt/homebrew/Cellar/texlive/20260301/share/texmf-dist/tex/latex/pgf/utilities
/pgfrcs.sty
(/opt/homebrew/Cellar/texlive/20260301/share/texmf-dist/tex/generic/pgf/utiliti
es/pgfutil-common.tex)
(/opt/homebrew/Cellar/texlive/20260301/share/texmf-dist/tex/generic/pgf/utiliti
es/pgfutil-latex.def)
(/opt/homebrew/Cellar/texlive/20260301/share/texmf-dist/tex/generic/pgf/utiliti
es/pgfrcs.code.tex
(/opt/homebrew/Cellar/texlive/20260301/share/texmf-dist/tex/generic/pgf/pgf.rev
ision.tex)))
(/opt/homebrew/Cellar/texlive/20260301/share/texmf-dist/tex/latex/pgf/basiclaye
r/pgfcore.sty
(/opt/homebrew/Cellar/texlive/20260301/share/texmf-dist/tex/latex/pgf/systemlay
er/pgfsys.sty
(/opt/homebrew/Cellar/texlive/20260301/share/texmf-dist/tex/generic/pgf/systeml
ayer/pgfsys.code.tex
(/opt/homebrew/Cellar/texlive/20260301/share/texmf-dist/tex/generic/pgf/utiliti
es/pgfkeys.code.tex
(/opt/homebrew/Cellar/texlive/20260301/share/texmf-dist/tex/generic/pgf/utiliti
es/pgfkeyslibraryfiltered.code.tex))
(/opt/homebrew/Cellar/texlive/20260301/share/texmf-dist/tex/generic/pgf/systeml
ayer/pgf.cfg)
(/opt/homebrew/Cellar/texlive/20260301/share/texmf-dist/tex/generic/pgf/systeml
ayer/pgfsys-xetex.def
(/opt/homebrew/Cellar/texlive/20260301/share/texmf-dist/tex/generic/pgf/systeml
ayer/pgfsys-dvipdfmx.def
(/opt/homebrew/Cellar/texlive/20260301/share/texmf-dist/tex/generic/pgf/systeml
ayer/pgfsys-common-pdf.def))))
(/opt/homebrew/Cellar/texlive/20260301/share/texmf-dist/tex/generic/pgf/systeml
ayer/pgfsyssoftpath.code.tex)
(/opt/homebrew/Cellar/texlive/20260301/share/texmf-dist/tex/generic/pgf/systeml
ayer/pgfsysprotocol.code.tex))
(/opt/homebrew/Cellar/texlive/20260301/share/texmf-dist/tex/latex/xcolor/xcolor
.sty
(/opt/homebrew/Cellar/texlive/20260301/share/texmf-dist/tex/latex/graphics-cfg/
color.cfg)
(/opt/homebrew/Cellar/texlive/20260301/share/texmf-dist/tex/latex/graphics/math
color.ltx))
(/opt/homebrew/Cellar/texlive/20260301/share/texmf-dist/tex/generic/pgf/basicla
yer/pgfcore.code.tex
(/opt/homebrew/Cellar/texlive/20260301/share/texmf-dist/tex/generic/pgf/math/pg
fmath.code.tex
(/opt/homebrew/Cellar/texlive/20260301/share/texmf-dist/tex/generic/pgf/math/pg
fmathutil.code.tex)
(/opt/homebrew/Cellar/texlive/20260301/share/texmf-dist/tex/generic/pgf/math/pg
fmathparser.code.tex)
(/opt/homebrew/Cellar/texlive/20260301/share/texmf-dist/tex/generic/pgf/math/pg
fmathfunctions.code.tex)
(/opt/homebrew/Cellar/texlive/20260301/share/texmf-dist/tex/generic/pgf/math/pg
fmathfunctions.basic.code.tex)
(/opt/homebrew/Cellar/texlive/20260301/share/texmf-dist/tex/generic/pgf/math/pg
fmathfunctions.trigonometric.code.tex)
(/opt/homebrew/Cellar/texlive/20260301/share/texmf-dist/tex/generic/pgf/math/pg
fmathfunctions.random.code.tex)
(/opt/homebrew/Cellar/texlive/20260301/share/texmf-dist/tex/generic/pgf/math/pg
fmathfunctions.comparison.code.tex)
(/opt/homebrew/Cellar/texlive/20260301/share/texmf-dist/tex/generic/pgf/math/pg
fmathfunctions.base.code.tex)
(/opt/homebrew/Cellar/texlive/20260301/share/texmf-dist/tex/generic/pgf/math/pg
fmathfunctions.round.code.tex)
(/opt/homebrew/Cellar/texlive/20260301/share/texmf-dist/tex/generic/pgf/math/pg
fmathfunctions.misc.code.tex)
(/opt/homebrew/Cellar/texlive/20260301/share/texmf-dist/tex/generic/pgf/math/pg
fmathfunctions.integerarithmetics.code.tex)
(/opt/homebrew/Cellar/texlive/20260301/share/texmf-dist/tex/generic/pgf/math/pg
fmathcalc.code.tex)
(/opt/homebrew/Cellar/texlive/20260301/share/texmf-dist/tex/generic/pgf/math/pg
fmathfloat.code.tex))
(/opt/homebrew/Cellar/texlive/20260301/share/texmf-dist/tex/generic/pgf/math/pg
fint.code.tex)
(/opt/homebrew/Cellar/texlive/20260301/share/texmf-dist/tex/generic/pgf/basicla
yer/pgfcorepoints.code.tex)
(/opt/homebrew/Cellar/texlive/20260301/share/texmf-dist/tex/generic/pgf/basicla
yer/pgfcorepathconstruct.code.tex)
(/opt/homebrew/Cellar/texlive/20260301/share/texmf-dist/tex/generic/pgf/basicla
yer/pgfcorepathusage.code.tex)
(/opt/homebrew/Cellar/texlive/20260301/share/texmf-dist/tex/generic/pgf/basicla
yer/pgfcorescopes.code.tex)
(/opt/homebrew/Cellar/texlive/20260301/share/texmf-dist/tex/generic/pgf/basicla
yer/pgfcoregraphicstate.code.tex)
(/opt/homebrew/Cellar/texlive/20260301/share/texmf-dist/tex/generic/pgf/basicla
yer/pgfcoretransformations.code.tex)
(/opt/homebrew/Cellar/texlive/20260301/share/texmf-dist/tex/generic/pgf/basicla
yer/pgfcorequick.code.tex)
(/opt/homebrew/Cellar/texlive/20260301/share/texmf-dist/tex/generic/pgf/basicla
yer/pgfcoreobjects.code.tex)
(/opt/homebrew/Cellar/texlive/20260301/share/texmf-dist/tex/generic/pgf/basicla
yer/pgfcorepathprocessing.code.tex)
(/opt/homebrew/Cellar/texlive/20260301/share/texmf-dist/tex/generic/pgf/basicla
yer/pgfcorearrows.code.tex)
(/opt/homebrew/Cellar/texlive/20260301/share/texmf-dist/tex/generic/pgf/basicla
yer/pgfcoreshade.code.tex)
(/opt/homebrew/Cellar/texlive/20260301/share/texmf-dist/tex/generic/pgf/basicla
yer/pgfcoreimage.code.tex)
(/opt/homebrew/Cellar/texlive/20260301/share/texmf-dist/tex/generic/pgf/basicla
yer/pgfcoreexternal.code.tex)
(/opt/homebrew/Cellar/texlive/20260301/share/texmf-dist/tex/generic/pgf/basicla
yer/pgfcorelayers.code.tex)
(/opt/homebrew/Cellar/texlive/20260301/share/texmf-dist/tex/generic/pgf/basicla
yer/pgfcoretransparency.code.tex)
(/opt/homebrew/Cellar/texlive/20260301/share/texmf-dist/tex/generic/pgf/basicla
yer/pgfcorepatterns.code.tex)
(/opt/homebrew/Cellar/texlive/20260301/share/texmf-dist/tex/generic/pgf/basicla
yer/pgfcorerdf.code.tex)))
(/opt/homebrew/Cellar/texlive/20260301/share/texmf-dist/tex/generic/pgf/modules
/pgfmoduleshapes.code.tex)
(/opt/homebrew/Cellar/texlive/20260301/share/texmf-dist/tex/generic/pgf/modules
/pgfmoduleplot.code.tex)
(/opt/homebrew/Cellar/texlive/20260301/share/texmf-dist/tex/latex/pgf/compatibi
lity/pgfcomp-version-0-65.sty)
(/opt/homebrew/Cellar/texlive/20260301/share/texmf-dist/tex/latex/pgf/compatibi
lity/pgfcomp-version-1-18.sty))
(/opt/homebrew/Cellar/texlive/20260301/share/texmf-dist/tex/latex/pgf/utilities
/pgffor.sty
(/opt/homebrew/Cellar/texlive/20260301/share/texmf-dist/tex/latex/pgf/utilities
/pgfkeys.sty
(/opt/homebrew/Cellar/texlive/20260301/share/texmf-dist/tex/generic/pgf/utiliti
es/pgfkeys.code.tex))
(/opt/homebrew/Cellar/texlive/20260301/share/texmf-dist/tex/latex/pgf/math/pgfm
ath.sty
(/opt/homebrew/Cellar/texlive/20260301/share/texmf-dist/tex/generic/pgf/math/pg
fmath.code.tex))
(/opt/homebrew/Cellar/texlive/20260301/share/texmf-dist/tex/generic/pgf/utiliti
es/pgffor.code.tex))
(/opt/homebrew/Cellar/texlive/20260301/share/texmf-dist/tex/generic/pgf/fronten
dlayer/tikz/tikz.code.tex
(/opt/homebrew/Cellar/texlive/20260301/share/texmf-dist/tex/generic/pgf/librari
es/pgflibraryplothandlers.code.tex)
(/opt/homebrew/Cellar/texlive/20260301/share/texmf-dist/tex/generic/pgf/modules
/pgfmodulematrix.code.tex)
(/opt/homebrew/Cellar/texlive/20260301/share/texmf-dist/tex/generic/pgf/fronten
dlayer/tikz/libraries/tikzlibrarytopaths.code.tex)))
(/opt/homebrew/Cellar/texlive/20260301/share/texmf-dist/tex/generic/pgf/fronten
dlayer/tikz/libraries/tikzlibrarypositioning.code.tex)
(/opt/homebrew/Cellar/texlive/20260301/share/texmf-dist/tex/generic/pgf/fronten
dlayer/tikz/libraries/tikzlibrarycalc.code.tex)
(/opt/homebrew/Cellar/texlive/20260301/share/texmf-dist/tex/latex/tcolorbox/tco
lorbox.sty
(/opt/homebrew/Cellar/texlive/20260301/share/texmf-dist/tex/latex/tools/verbati
m.sty)
(/opt/homebrew/Cellar/texlive/20260301/share/texmf-dist/tex/latex/environ/envir
on.sty
(/opt/homebrew/Cellar/texlive/20260301/share/texmf-dist/tex/latex/trimspaces/tr
imspaces.sty))
(/opt/homebrew/Cellar/texlive/20260301/share/texmf-dist/tex/latex/etoolbox/etoo
lbox.sty)
(/opt/homebrew/Cellar/texlive/20260301/share/texmf-dist/tex/latex/tcolorbox/tcb
raster.code.tex
Library (tcolorbox): 'tcbraster.code.tex' version '6.9.0'
)
(/opt/homebrew/Cellar/texlive/20260301/share/texmf-dist/tex/latex/tcolorbox/tcb
skins.code.tex
Library (tcolorbox): 'tcbskins.code.tex' version '6.9.0'

(/opt/homebrew/Cellar/texlive/20260301/share/texmf-dist/tex/latex/tikzfill/tikz
fill.image.sty
(/opt/homebrew/Cellar/texlive/20260301/share/texmf-dist/tex/latex/tikzfill/tikz
fill-common.sty)
(/opt/homebrew/Cellar/texlive/20260301/share/texmf-dist/tex/latex/tikzfill/tikz
libraryfill.image.code.tex))
(/opt/homebrew/Cellar/texlive/20260301/share/texmf-dist/tex/latex/tcolorbox/tcb
skinsjigsaw.code.tex
Library (tcolorbox): 'tcbskinsjigsaw.code.tex' version '6.9.0'
))
(/opt/homebrew/Cellar/texlive/20260301/share/texmf-dist/tex/latex/tcolorbox/tcb
breakable.code.tex
Library (tcolorbox): 'tcbbreakable.code.tex' version '6.9.0'

(/opt/homebrew/Cellar/texlive/20260301/share/texmf-dist/tex/latex/pdfcol/pdfcol
.sty
(/opt/homebrew/Cellar/texlive/20260301/share/texmf-dist/tex/generic/ltxcmds/ltx
cmds.sty)
(/opt/homebrew/Cellar/texlive/20260301/share/texmf-dist/tex/generic/infwarerr/i
nfwarerr.sty)))
(/opt/homebrew/Cellar/texlive/20260301/share/texmf-dist/tex/latex/tcolorbox/tcb
hooks.code.tex
Library (tcolorbox): 'tcbhooks.code.tex' version '6.9.0'
)
(/opt/homebrew/Cellar/texlive/20260301/share/texmf-dist/tex/latex/tcolorbox/tcb
theorems.code.tex
Library (tcolorbox): 'tcbtheorems.code.tex' version '6.9.0'

(/opt/homebrew/Cellar/texlive/20260301/share/texmf-dist/tex/latex/amsmath/amsma
th.sty
For additional information on amsmath, use the `?' option.

(/opt/homebrew/Cellar/texlive/20260301/share/texmf-dist/tex/latex/amsmath/amste
xt.sty
(/opt/homebrew/Cellar/texlive/20260301/share/texmf-dist/tex/latex/amsmath/amsge
n.sty))
(/opt/homebrew/Cellar/texlive/20260301/share/texmf-dist/tex/latex/amsmath/amsbs
y.sty)
(/opt/homebrew/Cellar/texlive/20260301/share/texmf-dist/tex/latex/amsmath/amsop
n.sty)))
(/opt/homebrew/Cellar/texlive/20260301/share/texmf-dist/tex/latex/tcolorbox/tcb
fitting.code.tex
Library (tcolorbox): 'tcbfitting.code.tex' version '6.9.0'
)
(/opt/homebrew/Cellar/texlive/20260301/share/texmf-dist/tex/latex/tcolorbox/tcb
listingsutf8.code.tex
Library (tcolorbox): 'tcblistingsutf8.code.tex' version '6.9.0'

(/opt/homebrew/Cellar/texlive/20260301/share/texmf-dist/tex/latex/tcolorbox/tcb
listings.code.tex
Library (tcolorbox): 'tcblistings.code.tex' version '6.9.0'

(/opt/homebrew/Cellar/texlive/20260301/share/texmf-dist/tex/latex/listings/list
ings.sty
(/opt/homebrew/Cellar/texlive/20260301/share/texmf-dist/tex/latex/listings/lstp
atch.sty)
(/opt/homebrew/Cellar/texlive/20260301/share/texmf-dist/tex/latex/listings/lstm
isc.sty)
(/opt/homebrew/Cellar/texlive/20260301/share/texmf-dist/tex/latex/listings/list
ings.cfg))
==> First Aid for listings.sty no longer applied!
    Expected:
        2024/09/23 1.10c (Carsten Heinz)
    but found:
        2025/11/14 1.11b (Carsten Heinz)
    so I'm assuming it got fixed.

(/opt/homebrew/Cellar/texlive/20260301/share/texmf-dist/tex/latex/tcolorbox/tcb
listingscore.code.tex
Library (tcolorbox): 'tcblistingscore.code.tex' version '6.9.0'

(/opt/homebrew/Cellar/texlive/20260301/share/texmf-dist/tex/latex/tcolorbox/tcb
processing.code.tex
Library (tcolorbox): 'tcbprocessing.code.tex' version '6.9.0'
))))
(/opt/homebrew/Cellar/texlive/20260301/share/texmf-dist/tex/latex/tcolorbox/tcb
external.code.tex
Library (tcolorbox): 'tcbexternal.code.tex' version '6.9.0'
)
(/opt/homebrew/Cellar/texlive/20260301/share/texmf-dist/tex/latex/tcolorbox/tcb
magazine.code.tex
Library (tcolorbox): 'tcbmagazine.code.tex' version '6.9.0'
)
(/opt/homebrew/Cellar/texlive/20260301/share/texmf-dist/tex/latex/tcolorbox/tcb
vignette.code.tex
Library (tcolorbox): 'tcbvignette.code.tex' version '6.9.0'

(/opt/homebrew/Cellar/texlive/20260301/share/texmf-dist/tex/generic/pgf/fronten
dlayer/tikz/libraries/tikzlibraryfadings.code.tex
(/opt/homebrew/Cellar/texlive/20260301/share/texmf-dist/tex/generic/pgf/librari
es/pgflibraryfadings.code.tex)))
(/opt/homebrew/Cellar/texlive/20260301/share/texmf-dist/tex/latex/tcolorbox/tcb
poster.code.tex
Library (tcolorbox): 'tcbposter.code.tex' version '6.9.0'
))
(/opt/homebrew/Cellar/texlive/20260301/share/texmf-dist/tex/latex/tools/tabular
x.sty
(/opt/homebrew/Cellar/texlive/20260301/share/texmf-dist/tex/latex/tools/array.s
ty))
(/opt/homebrew/Cellar/texlive/20260301/share/texmf-dist/tex/latex/booktabs/book
tabs.sty)
(/opt/homebrew/Cellar/texlive/20260301/share/texmf-dist/tex/latex/enumitem/enum
item.sty)
(/opt/homebrew/Cellar/texlive/20260301/share/texmf-dist/tex/latex/fancyhdr/fanc
yhdr.sty)
(/opt/homebrew/Cellar/texlive/20260301/share/texmf-dist/tex/latex/titlesec/titl
esec.sty)
(/opt/homebrew/Cellar/texlive/20260301/share/texmf-dist/tex/latex/hyperref/hype
rref.sty
(/opt/homebrew/Cellar/texlive/20260301/share/texmf-dist/tex/latex/kvsetkeys/kvs
etkeys.sty)
(/opt/homebrew/Cellar/texlive/20260301/share/texmf-dist/tex/generic/kvdefinekey
s/kvdefinekeys.sty)
(/opt/homebrew/Cellar/texlive/20260301/share/texmf-dist/tex/generic/pdfescape/p
dfescape.sty
(/opt/homebrew/Cellar/texlive/20260301/share/texmf-dist/tex/generic/pdftexcmds/
pdftexcmds.sty))
(/opt/homebrew/Cellar/texlive/20260301/share/texmf-dist/tex/latex/hycolor/hycol
or.sty)
(/opt/homebrew/Cellar/texlive/20260301/share/texmf-dist/tex/latex/hyperref/name
ref.sty
(/opt/homebrew/Cellar/texlive/20260301/share/texmf-dist/tex/latex/refcount/refc
ount.sty)
(/opt/homebrew/Cellar/texlive/20260301/share/texmf-dist/tex/generic/gettitlestr
ing/gettitlestring.sty
(/opt/homebrew/Cellar/texlive/20260301/share/texmf-dist/tex/latex/kvoptions/kvo
ptions.sty)))
(/opt/homebrew/Cellar/texlive/20260301/share/texmf-dist/tex/generic/stringenc/s
tringenc.sty)
(/opt/homebrew/Cellar/texlive/20260301/share/texmf-dist/tex/latex/hyperref/pd1e
nc.def)
(/opt/homebrew/Cellar/texlive/20260301/share/texmf-dist/tex/generic/intcalc/int
calc.sty)
(/opt/homebrew/Cellar/texlive/20260301/share/texmf-dist/tex/latex/hyperref/puen
c.def)
(/opt/homebrew/Cellar/texlive/20260301/share/texmf-dist/tex/latex/url/url.sty)
(/opt/homebrew/Cellar/texlive/20260301/share/texmf-dist/tex/generic/bitset/bits
et.sty
(/opt/homebrew/Cellar/texlive/20260301/share/texmf-dist/tex/generic/bigintcalc/
bigintcalc.sty)))
(/opt/homebrew/Cellar/texlive/20260301/share/texmf-dist/tex/latex/hyperref/hxet
ex.def
(/opt/homebrew/Cellar/texlive/20260301/share/texmf-dist/tex/latex/rerunfilechec
k/rerunfilecheck.sty
(/opt/homebrew/Cellar/texlive/20260301/share/texmf-dist/tex/generic/uniquecount
er/uniquecounter.sty)))
(/opt/homebrew/Cellar/texlive/20260301/share/texmf-dist/tex/latex/microtype/mic
rotype.sty
(/opt/homebrew/Cellar/texlive/20260301/share/texmf-dist/tex/latex/microtype/mic
rotype-xetex.def)
(/opt/homebrew/Cellar/texlive/20260301/share/texmf-dist/tex/latex/microtype/mic
rotype.cfg))
(/opt/homebrew/Cellar/texlive/20260301/share/texmf-dist/tex/latex/setspace/sets
pace.sty)
(/opt/homebrew/Cellar/texlive/20260301/share/texmf-dist/tex/latex/caption/capti
on.sty
(/opt/homebrew/Cellar/texlive/20260301/share/texmf-dist/tex/latex/caption/capti
on3.sty))
(/opt/homebrew/Cellar/texlive/20260301/share/texmf-dist/tex/latex/tools/multico
l.sty)
(/opt/homebrew/Cellar/texlive/20260301/share/texmf-dist/tex/latex/ragged2e/ragg
ed2e.sty)
(/opt/homebrew/Cellar/texlive/20260301/share/texmf-dist/tex/latex/base/ifthen.s
ty)
(/opt/homebrew/Cellar/texlive/20260301/share/texmf-dist/tex/latex/lastpage/last
page.sty
(/opt/homebrew/Cellar/texlive/20260301/share/texmf-dist/tex/latex/lastpage/last
page2e.sty
(/opt/homebrew/Cellar/texlive/20260301/share/texmf-dist/tex/latex/lastpage/last
pagemodern.sty) 
)))
(/Users/rob/dev/Presentation/ROB-Books/tmp/pdfs/complete-builders-field-manual.
aux)
*geometry* driver: auto-detecting
*geometry* detected driver: xetex

(/Users/rob/dev/Presentation/ROB-Books/tmp/pdfs/complete-builders-field-manual.
out)
(/Users/rob/dev/Presentation/ROB-Books/tmp/pdfs/complete-builders-field-manual.
out)

Package microtype Warning: Unable to apply patch `footnote' on input line 7.

[1] [2]
(/opt/homebrew/Cellar/texlive/20260301/share/texmf-dist/tex/latex/microtype/mt-
cmr.cfg) [3] [4]
(/Users/rob/dev/Presentation/ROB-Books/tmp/pdfs/complete-builders-field-manual.
toc [5]
Overfull \hbox (2.79997pt too wide) detected at line 63
\TU/AvenirNext(0)/m/n/10 10.10 
[6] [7]) [8] [1] [2]
Chapter 1.

Underfull \hbox (badness 10000) in paragraph at lines 71--71
[]|\TU/AvenirNext(0)/m/n/10 Open electronics, camera/head revisions,

Underfull \hbox (badness 10000) in paragraph at lines 71--71
\TU/AvenirNext(0)/m/n/10 wooden base templates, tread geometry,

Underfull \hbox (badness 2671) in paragraph at lines 71--71
[]|\TU/AvenirNext(0)/m/n/10 Operational experience likely drove require-

Underfull \hbox (badness 3068) in paragraph at lines 71--71
\TU/AvenirNext(0)/m/n/10 ments, but the archive does not link each

Underfull \hbox (badness 10000) in paragraph at lines 71--71
[]|\TU/AvenirNext(0)/m/n/10 Sprocket-area machining, chain clearance,

Underfull \hbox (badness 10000) in paragraph at lines 71--71
[]|\TU/AvenirNext(0)/m/n/10 Shoulder and neck gearing, arm re-

Underfull \hbox (badness 3623) in paragraph at lines 71--71
\TU/AvenirNext(0)/m/n/10 moval/reassembly, cable labels, emergency-
[3] [4] [5] [6]
Chapter 2.

Underfull \hbox (badness 10000) in paragraph at lines 145--145
[]|\TU/AvenirNext(0)/m/n/10 Capture fresh intent, apply its client-

Underfull \hbox (badness 10000) in paragraph at lines 145--145
\TU/AvenirNext(0)/m/n/10 specific lease or watchdog, present

Underfull \hbox (badness 2285) in paragraph at lines 145--145
\TU/AvenirNext(0)/m/n/10 and order messages, reject replay and

Underfull \hbox (badness 1275) in paragraph at lines 145--145
[]|\TU/AvenirNext(0)/m/n/10 Target: accept only complete bounded
[7] [8] [9] [10]
Chapter 3.

Underfull \hbox (badness 10000) in paragraph at lines 182--182
[][]

Underfull \hbox (badness 10000) in paragraph at lines 190--190
[][]
[11] [12] [13] [14]
Chapter 4.

Underfull \hbox (badness 10000) in paragraph at lines 248--248
[][]

Underfull \hbox (badness 2547) in paragraph at lines 248--248
[]\TU/AvenirNext(0)/m/it/7 Temporary labels aid teardown, but permanent routing
 must account for
[15]
Underfull \hbox (badness 10000) in paragraph at lines 254--254
[][]

Underfull \hbox (badness 2564) in paragraph at lines 260--260
[][] []\TU/AvenirNext(0)/m/it/7 A detached arm reveals its
[16] [17] [18]
Chapter 5.

Underfull \hbox (badness 10000) in paragraph at lines 289--289
[][]

Underfull \hbox (badness 10000) in paragraph at lines 289--289
[][]
[19] [20] [21] [22]
Chapter 6.

Underfull \hbox (badness 10000) in paragraph at lines 329--329
[][]

Underfull \hbox (badness 10000) in paragraph at lines 329--329
[][]

Underfull \hbox (badness 10000) in paragraph at lines 348--348
[][]
[23] [24] [25] [26]
Chapter 7.

Underfull \hbox (badness 10000) in paragraph at lines 383--383
[]|[] \TU/AvenirNext(0)/m/n/10 current

Underfull \hbox (badness 10000) in paragraph at lines 411--411
[]|\TU/AvenirNext(0)/m/n/10 SoftwareSerial

Underfull \hbox (badness 10000) in paragraph at lines 411--411
\TU/AvenirNext(0)/m/n/10 D22/D23, 19,200

Underfull \hbox (badness 2932) in paragraph at lines 411--411
[]|\TU/AvenirNext(0)/m/n/10 Compact serial forward/reverse; nominal speed -3200
 to

Underfull \hbox (badness 10000) in paragraph at lines 411--411
[]|\TU/AvenirNext(0)/m/n/10 I2C via Wire;

Underfull \hbox (badness 10000) in paragraph at lines 411--411
[]|\TU/AvenirNext(0)/m/n/10 Proposed
[27] [28] [29] [30] [31] [32]
Chapter 8.

Underfull \hbox (badness 1735) in paragraph at lines 511--511
[]|\TU/AvenirNext(0)/m/n/10 Camera providers, frame-set ownership, bounded deli
very, RGB-D

Underfull \hbox (badness 10000) in paragraph at lines 518--518
[]\TU/AvenirNext(0)/b/n/10 Why it is here: \TU/AvenirNext(0)/m/n/10 Read \TU/Me
nlo(0)/m/n/10 initialize_connection\TU/AvenirNext(0)/m/n/10 , \TU/Menlo(0)/m/n/
10 usbSerialPortPaths\TU/AvenirNext(0)/m/n/10 , \TU/Menlo(0)/m/n/10 connectToDe
tectedBase\TU/AvenirNext(0)/m/n/10 ,

Underfull \hbox (badness 10000) in paragraph at lines 518--518
\TU/Menlo(0)/m/n/10 probeBaseFirmwareAtPath\TU/AvenirNext(0)/m/n/10 , \TU/Menlo
(0)/m/n/10 consumeBaseSerialBytes\TU/AvenirNext(0)/m/n/10 , the Vision neck/tor
so methods, and
[33]
Underfull \hbox (badness 10000) in paragraph at lines 541--541
[]\TU/AvenirNext(0)/b/n/10 Why it is here: \TU/AvenirNext(0)/m/n/10 Compare the
 latest-value snapshot store with \TU/Menlo(0)/m/n/10 ROBMLXRuntime.swift\TU/Av
enirNext(0)/m/n/10 ,
[34] [35] [36]
Chapter 9.

Underfull \hbox (badness 3439) in paragraph at lines 554--554
[]\TU/AvenirNext(0)/b/n/10 Why it is here: \TU/AvenirNext(0)/m/n/10 The client 
control contract is the anchor. Compare it with Cerebro’s matching

Underfull \hbox (badness 10000) in paragraph at lines 575--575
[]|\TU/AvenirNext(0)/m/n/10 Send established con-

Underfull \hbox (badness 10000) in paragraph at lines 575--575
\TU/AvenirNext(0)/m/n/10 trol/action/autonomy messages and

Underfull \hbox (badness 5331) in paragraph at lines 575--575
[]|\TU/AvenirNext(0)/m/n/10 Send bounded typed scan and map
[37] [38] [39]
Chapter 10.
[40]
Underfull \hbox (badness 10000) in paragraph at lines 660--660
[]|\TU/AvenirNext(0)/m/n/10 pinned identity,

Underfull \hbox (badness 10000) in paragraph at lines 660--660
[]|\TU/AvenirNext(0)/m/n/10 magic, version,

Underfull \hbox (badness 10000) in paragraph at lines 660--660
\TU/AvenirNext(0)/m/n/10 kind, length, se-

Underfull \hbox (badness 1072) in paragraph at lines 660--660
[]|\TU/AvenirNext(0)/m/n/10 IDs, codec, timing,

Underfull \hbox (badness 10000) in paragraph at lines 660--660
[]|\TU/AvenirNext(0)/m/n/10 NAL lengths and
[41]
Overfull \hbox (5.287pt too wide) in paragraph at lines 674--675
\TU/AvenirNext(0)/m/n/10 timing, and calls \TU/Menlo(0)/m/n/10 CMSampleBufferCr
eateReady\TU/AvenirNext(0)/m/n/10 . The \TU/Menlo(0)/m/n/10 NotSync \TU/AvenirN
ext(0)/m/n/10 attachment mirrors the key-frame flag. \TU/Menlo(0)/m/n/10 Displa
yImmediately
[42] [43] [44]
Chapter 11.
[45]
Underfull \hbox (badness 10000) in paragraph at lines 758--758
[][]
[46] [47]
Underfull \hbox (badness 1248) in paragraph at lines 762--762
[]\TU/Futura(0)/b/n/29 Arms, animation, speech, auton- 
[48]
Chapter 12.
[49]
Underfull \hbox (badness 10000) in paragraph at lines 797--797
[]\TU/AvenirNext(0)/b/n/10 Why it is here: \TU/AvenirNext(0)/m/n/10 Read the st
rict show protocol and fixture tests first, then compare
[50] [51] [52] [53]
Chapter 13.

Underfull \hbox (badness 2134) in paragraph at lines 850--850
[]|\TU/AvenirNext(0)/m/n/10 Protocol, range, state, deadline, replay, and

Underfull \hbox (badness 10000) in paragraph at lines 850--850
[]|\TU/AvenirNext(0)/m/n/10 Repeatable operating envelope and ther-
[54] [55] [56]
Chapter 14.
[57] [58] [59]
Chapter 15.
[60] (./adult-learning-and-commissioning.tex [61]
Appendix A.
[62]
Appendix B.
[63]
Appendix C.
) [64]
Appendix D.
[65]
Appendix E.
[66]
Appendix F.

Underfull \hbox (badness 10000) in paragraph at lines 1025--1025
[]|\TU/AvenirNext(0)/m/n/10 PROTECTION / CON-
[67]
Appendix G.
[68]
Appendix H.

Underfull \hbox (badness 1132) in paragraph at lines 1089--1089
[]|\TU/AvenirNext(0)/m/n/10 Captured Ubuntu runtime evidence for the two AMBER 
cores;

Overfull \hbox (46.3437pt too wide) in paragraph at lines 1089--1089
[]|\TU/Menlo(0)/m/n/7 ROBControllerVision/Packages/ROBControlCore/Sources/ROBVi
deoPipeline| 

Underfull \hbox (badness 3039) in paragraph at lines 1089--1089
[]|\TU/AvenirNext(0)/m/n/10 H.264 validation, SPS/PPS format construction, AVCC
 sample
[69]
Overfull \vbox (16.15486pt too high) has occurred while \output is active
[70]
Appendix I.
[71] 
enddocument/afterlastpage (AED): lastpage setting LastPage.

(/Users/rob/dev/Presentation/ROB-Books/tmp/pdfs/complete-builders-field-manual.
aux)

LaTeX Warning: Label(s) may have changed. Rerun to get cross-references right.

 )
(see the transcript file for additional information)
Output written on /Users/rob/dev/Presentation/ROB-Books/tmp/pdfs/complete-build
ers-field-manual.xdv (79 pages, 1744760 bytes).
Transcript written on /Users/rob/dev/Presentation/ROB-Books/tmp/pdfs/complete-b
uilders-field-manual.log.
Latexmk: Getting log file '/Users/rob/dev/Presentation/ROB-Books/tmp/pdfs/complete-builders-field-manual.log'
Latexmk: Examining '/Users/rob/dev/Presentation/ROB-Books/tmp/pdfs/complete-builders-field-manual.fls'
Latexmk: Examining '/Users/rob/dev/Presentation/ROB-Books/tmp/pdfs/complete-builders-field-manual.log'
Latexmk: References changed.
Latexmk: Log file says output to '/Users/rob/dev/Presentation/ROB-Books/tmp/pdfs/complete-builders-field-manual.xdv'
Latexmk: Using bibtex to make bibliography file(s).
Latexmk: applying rule 'xelatex'...
Rule 'xelatex':  Reasons for rerun
Changed files or newly in use/created:
  /Users/rob/dev/Presentation/ROB-Books/tmp/pdfs/complete-builders-field-manual.aux

------------
Run number 3 of rule 'xelatex'
------------
------------
Running 'xelatex -no-pdf -interaction=nonstopmode -halt-on-error -file-line-error -recorder -output-directory="/Users/rob/dev/Presentation/ROB-Books/tmp/pdfs"  "complete-builders-field-manual.tex"'
------------
This is XeTeX, Version 3.141592653-2.6-0.999998 (TeX Live 2026/Homebrew) (preloaded format=xelatex)
 restricted \write18 enabled.
entering extended mode
(./complete-builders-field-manual.tex
LaTeX2e <2025-11-01>
L3 programming layer <2026-01-19>

(/opt/homebrew/Cellar/texlive/20260301/share/texmf-dist/tex/latex/base/book.cls
Document Class: book 2025/01/22 v1.4n Standard LaTeX document class

(/opt/homebrew/Cellar/texlive/20260301/share/texmf-dist/tex/latex/base/bk10.clo
)) (./robbook.sty
(/opt/homebrew/Cellar/texlive/20260301/share/texmf-dist/tex/latex/geometry/geom
etry.sty
(/opt/homebrew/Cellar/texlive/20260301/share/texmf-dist/tex/latex/graphics/keyv
al.sty)
(/opt/homebrew/Cellar/texlive/20260301/share/texmf-dist/tex/generic/iftex/ifvte
x.sty
(/opt/homebrew/Cellar/texlive/20260301/share/texmf-dist/tex/generic/iftex/iftex
.sty)))
(/opt/homebrew/Cellar/texlive/20260301/share/texmf-dist/tex/latex/fontspec/font
spec.sty
(/opt/homebrew/Cellar/texlive/20260301/share/texmf-dist/tex/latex/l3packages/xp
arse/xparse.sty
(/opt/homebrew/Cellar/texlive/20260301/share/texmf-dist/tex/latex/l3kernel/expl
3.sty
(/opt/homebrew/Cellar/texlive/20260301/share/texmf-dist/tex/latex/l3backend/l3b
ackend-xetex.def)))
(/opt/homebrew/Cellar/texlive/20260301/share/texmf-dist/tex/latex/fontspec/font
spec-xetex.sty
(/opt/homebrew/Cellar/texlive/20260301/share/texmf-dist/tex/latex/base/fontenc.
sty)
(/opt/homebrew/Cellar/texlive/20260301/share/texmf-dist/tex/latex/fontspec/font
spec.cfg)))
(/opt/homebrew/Cellar/texlive/20260301/share/texmf-dist/tex/latex/graphics/grap
hicx.sty
(/opt/homebrew/Cellar/texlive/20260301/share/texmf-dist/tex/latex/graphics/grap
hics.sty
(/opt/homebrew/Cellar/texlive/20260301/share/texmf-dist/tex/latex/graphics/trig
.sty)
(/opt/homebrew/Cellar/texlive/20260301/share/texmf-dist/tex/latex/graphics-cfg/
graphics.cfg)
(/opt/homebrew/Cellar/texlive/20260301/share/texmf-dist/tex/latex/graphics-def/
xetex.def)))
(/opt/homebrew/Cellar/texlive/20260301/share/texmf-dist/tex/latex/adjustbox/adj
ustbox.sty
(/opt/homebrew/Cellar/texlive/20260301/share/texmf-dist/tex/latex/xkeyval/xkeyv
al.sty
(/opt/homebrew/Cellar/texlive/20260301/share/texmf-dist/tex/generic/xkeyval/xke
yval.tex
(/opt/homebrew/Cellar/texlive/20260301/share/texmf-dist/tex/generic/xkeyval/xkv
utils.tex)))
(/opt/homebrew/Cellar/texlive/20260301/share/texmf-dist/tex/latex/adjustbox/adj
calc.sty)
(/opt/homebrew/Cellar/texlive/20260301/share/texmf-dist/tex/latex/adjustbox/tri
mclip.sty
(/opt/homebrew/Cellar/texlive/20260301/share/texmf-dist/tex/latex/collectbox/co
llectbox.sty)
(/opt/homebrew/Cellar/texlive/20260301/share/texmf-dist/tex/latex/adjustbox/tc-
xetex.def))
(/opt/homebrew/Cellar/texlive/20260301/share/texmf-dist/tex/latex/ifoddpage/ifo
ddpage.sty)
(/opt/homebrew/Cellar/texlive/20260301/share/texmf-dist/tex/latex/varwidth/varw
idth.sty)
==> First Aid for varwidth.sty applied!
)
(/opt/homebrew/Cellar/texlive/20260301/share/texmf-dist/tex/latex/pgf/frontendl
ayer/tikz.sty
(/opt/homebrew/Cellar/texlive/20260301/share/texmf-dist/tex/latex/pgf/basiclaye
r/pgf.sty
(/opt/homebrew/Cellar/texlive/20260301/share/texmf-dist/tex/latex/pgf/utilities
/pgfrcs.sty
(/opt/homebrew/Cellar/texlive/20260301/share/texmf-dist/tex/generic/pgf/utiliti
es/pgfutil-common.tex)
(/opt/homebrew/Cellar/texlive/20260301/share/texmf-dist/tex/generic/pgf/utiliti
es/pgfutil-latex.def)
(/opt/homebrew/Cellar/texlive/20260301/share/texmf-dist/tex/generic/pgf/utiliti
es/pgfrcs.code.tex
(/opt/homebrew/Cellar/texlive/20260301/share/texmf-dist/tex/generic/pgf/pgf.rev
ision.tex)))
(/opt/homebrew/Cellar/texlive/20260301/share/texmf-dist/tex/latex/pgf/basiclaye
r/pgfcore.sty
(/opt/homebrew/Cellar/texlive/20260301/share/texmf-dist/tex/latex/pgf/systemlay
er/pgfsys.sty
(/opt/homebrew/Cellar/texlive/20260301/share/texmf-dist/tex/generic/pgf/systeml
ayer/pgfsys.code.tex
(/opt/homebrew/Cellar/texlive/20260301/share/texmf-dist/tex/generic/pgf/utiliti
es/pgfkeys.code.tex
(/opt/homebrew/Cellar/texlive/20260301/share/texmf-dist/tex/generic/pgf/utiliti
es/pgfkeyslibraryfiltered.code.tex))
(/opt/homebrew/Cellar/texlive/20260301/share/texmf-dist/tex/generic/pgf/systeml
ayer/pgf.cfg)
(/opt/homebrew/Cellar/texlive/20260301/share/texmf-dist/tex/generic/pgf/systeml
ayer/pgfsys-xetex.def
(/opt/homebrew/Cellar/texlive/20260301/share/texmf-dist/tex/generic/pgf/systeml
ayer/pgfsys-dvipdfmx.def
(/opt/homebrew/Cellar/texlive/20260301/share/texmf-dist/tex/generic/pgf/systeml
ayer/pgfsys-common-pdf.def))))
(/opt/homebrew/Cellar/texlive/20260301/share/texmf-dist/tex/generic/pgf/systeml
ayer/pgfsyssoftpath.code.tex)
(/opt/homebrew/Cellar/texlive/20260301/share/texmf-dist/tex/generic/pgf/systeml
ayer/pgfsysprotocol.code.tex))
(/opt/homebrew/Cellar/texlive/20260301/share/texmf-dist/tex/latex/xcolor/xcolor
.sty
(/opt/homebrew/Cellar/texlive/20260301/share/texmf-dist/tex/latex/graphics-cfg/
color.cfg)
(/opt/homebrew/Cellar/texlive/20260301/share/texmf-dist/tex/latex/graphics/math
color.ltx))
(/opt/homebrew/Cellar/texlive/20260301/share/texmf-dist/tex/generic/pgf/basicla
yer/pgfcore.code.tex
(/opt/homebrew/Cellar/texlive/20260301/share/texmf-dist/tex/generic/pgf/math/pg
fmath.code.tex
(/opt/homebrew/Cellar/texlive/20260301/share/texmf-dist/tex/generic/pgf/math/pg
fmathutil.code.tex)
(/opt/homebrew/Cellar/texlive/20260301/share/texmf-dist/tex/generic/pgf/math/pg
fmathparser.code.tex)
(/opt/homebrew/Cellar/texlive/20260301/share/texmf-dist/tex/generic/pgf/math/pg
fmathfunctions.code.tex)
(/opt/homebrew/Cellar/texlive/20260301/share/texmf-dist/tex/generic/pgf/math/pg
fmathfunctions.basic.code.tex)
(/opt/homebrew/Cellar/texlive/20260301/share/texmf-dist/tex/generic/pgf/math/pg
fmathfunctions.trigonometric.code.tex)
(/opt/homebrew/Cellar/texlive/20260301/share/texmf-dist/tex/generic/pgf/math/pg
fmathfunctions.random.code.tex)
(/opt/homebrew/Cellar/texlive/20260301/share/texmf-dist/tex/generic/pgf/math/pg
fmathfunctions.comparison.code.tex)
(/opt/homebrew/Cellar/texlive/20260301/share/texmf-dist/tex/generic/pgf/math/pg
fmathfunctions.base.code.tex)
(/opt/homebrew/Cellar/texlive/20260301/share/texmf-dist/tex/generic/pgf/math/pg
fmathfunctions.round.code.tex)
(/opt/homebrew/Cellar/texlive/20260301/share/texmf-dist/tex/generic/pgf/math/pg
fmathfunctions.misc.code.tex)
(/opt/homebrew/Cellar/texlive/20260301/share/texmf-dist/tex/generic/pgf/math/pg
fmathfunctions.integerarithmetics.code.tex)
(/opt/homebrew/Cellar/texlive/20260301/share/texmf-dist/tex/generic/pgf/math/pg
fmathcalc.code.tex)
(/opt/homebrew/Cellar/texlive/20260301/share/texmf-dist/tex/generic/pgf/math/pg
fmathfloat.code.tex))
(/opt/homebrew/Cellar/texlive/20260301/share/texmf-dist/tex/generic/pgf/math/pg
fint.code.tex)
(/opt/homebrew/Cellar/texlive/20260301/share/texmf-dist/tex/generic/pgf/basicla
yer/pgfcorepoints.code.tex)
(/opt/homebrew/Cellar/texlive/20260301/share/texmf-dist/tex/generic/pgf/basicla
yer/pgfcorepathconstruct.code.tex)
(/opt/homebrew/Cellar/texlive/20260301/share/texmf-dist/tex/generic/pgf/basicla
yer/pgfcorepathusage.code.tex)
(/opt/homebrew/Cellar/texlive/20260301/share/texmf-dist/tex/generic/pgf/basicla
yer/pgfcorescopes.code.tex)
(/opt/homebrew/Cellar/texlive/20260301/share/texmf-dist/tex/generic/pgf/basicla
yer/pgfcoregraphicstate.code.tex)
(/opt/homebrew/Cellar/texlive/20260301/share/texmf-dist/tex/generic/pgf/basicla
yer/pgfcoretransformations.code.tex)
(/opt/homebrew/Cellar/texlive/20260301/share/texmf-dist/tex/generic/pgf/basicla
yer/pgfcorequick.code.tex)
(/opt/homebrew/Cellar/texlive/20260301/share/texmf-dist/tex/generic/pgf/basicla
yer/pgfcoreobjects.code.tex)
(/opt/homebrew/Cellar/texlive/20260301/share/texmf-dist/tex/generic/pgf/basicla
yer/pgfcorepathprocessing.code.tex)
(/opt/homebrew/Cellar/texlive/20260301/share/texmf-dist/tex/generic/pgf/basicla
yer/pgfcorearrows.code.tex)
(/opt/homebrew/Cellar/texlive/20260301/share/texmf-dist/tex/generic/pgf/basicla
yer/pgfcoreshade.code.tex)
(/opt/homebrew/Cellar/texlive/20260301/share/texmf-dist/tex/generic/pgf/basicla
yer/pgfcoreimage.code.tex)
(/opt/homebrew/Cellar/texlive/20260301/share/texmf-dist/tex/generic/pgf/basicla
yer/pgfcoreexternal.code.tex)
(/opt/homebrew/Cellar/texlive/20260301/share/texmf-dist/tex/generic/pgf/basicla
yer/pgfcorelayers.code.tex)
(/opt/homebrew/Cellar/texlive/20260301/share/texmf-dist/tex/generic/pgf/basicla
yer/pgfcoretransparency.code.tex)
(/opt/homebrew/Cellar/texlive/20260301/share/texmf-dist/tex/generic/pgf/basicla
yer/pgfcorepatterns.code.tex)
(/opt/homebrew/Cellar/texlive/20260301/share/texmf-dist/tex/generic/pgf/basicla
yer/pgfcorerdf.code.tex)))
(/opt/homebrew/Cellar/texlive/20260301/share/texmf-dist/tex/generic/pgf/modules
/pgfmoduleshapes.code.tex)
(/opt/homebrew/Cellar/texlive/20260301/share/texmf-dist/tex/generic/pgf/modules
/pgfmoduleplot.code.tex)
(/opt/homebrew/Cellar/texlive/20260301/share/texmf-dist/tex/latex/pgf/compatibi
lity/pgfcomp-version-0-65.sty)
(/opt/homebrew/Cellar/texlive/20260301/share/texmf-dist/tex/latex/pgf/compatibi
lity/pgfcomp-version-1-18.sty))
(/opt/homebrew/Cellar/texlive/20260301/share/texmf-dist/tex/latex/pgf/utilities
/pgffor.sty
(/opt/homebrew/Cellar/texlive/20260301/share/texmf-dist/tex/latex/pgf/utilities
/pgfkeys.sty
(/opt/homebrew/Cellar/texlive/20260301/share/texmf-dist/tex/generic/pgf/utiliti
es/pgfkeys.code.tex))
(/opt/homebrew/Cellar/texlive/20260301/share/texmf-dist/tex/latex/pgf/math/pgfm
ath.sty
(/opt/homebrew/Cellar/texlive/20260301/share/texmf-dist/tex/generic/pgf/math/pg
fmath.code.tex))
(/opt/homebrew/Cellar/texlive/20260301/share/texmf-dist/tex/generic/pgf/utiliti
es/pgffor.code.tex))
(/opt/homebrew/Cellar/texlive/20260301/share/texmf-dist/tex/generic/pgf/fronten
dlayer/tikz/tikz.code.tex
(/opt/homebrew/Cellar/texlive/20260301/share/texmf-dist/tex/generic/pgf/librari
es/pgflibraryplothandlers.code.tex)
(/opt/homebrew/Cellar/texlive/20260301/share/texmf-dist/tex/generic/pgf/modules
/pgfmodulematrix.code.tex)
(/opt/homebrew/Cellar/texlive/20260301/share/texmf-dist/tex/generic/pgf/fronten
dlayer/tikz/libraries/tikzlibrarytopaths.code.tex)))
(/opt/homebrew/Cellar/texlive/20260301/share/texmf-dist/tex/generic/pgf/fronten
dlayer/tikz/libraries/tikzlibrarypositioning.code.tex)
(/opt/homebrew/Cellar/texlive/20260301/share/texmf-dist/tex/generic/pgf/fronten
dlayer/tikz/libraries/tikzlibrarycalc.code.tex)
(/opt/homebrew/Cellar/texlive/20260301/share/texmf-dist/tex/latex/tcolorbox/tco
lorbox.sty
(/opt/homebrew/Cellar/texlive/20260301/share/texmf-dist/tex/latex/tools/verbati
m.sty)
(/opt/homebrew/Cellar/texlive/20260301/share/texmf-dist/tex/latex/environ/envir
on.sty
(/opt/homebrew/Cellar/texlive/20260301/share/texmf-dist/tex/latex/trimspaces/tr
imspaces.sty))
(/opt/homebrew/Cellar/texlive/20260301/share/texmf-dist/tex/latex/etoolbox/etoo
lbox.sty)
(/opt/homebrew/Cellar/texlive/20260301/share/texmf-dist/tex/latex/tcolorbox/tcb
raster.code.tex
Library (tcolorbox): 'tcbraster.code.tex' version '6.9.0'
)
(/opt/homebrew/Cellar/texlive/20260301/share/texmf-dist/tex/latex/tcolorbox/tcb
skins.code.tex
Library (tcolorbox): 'tcbskins.code.tex' version '6.9.0'

(/opt/homebrew/Cellar/texlive/20260301/share/texmf-dist/tex/latex/tikzfill/tikz
fill.image.sty
(/opt/homebrew/Cellar/texlive/20260301/share/texmf-dist/tex/latex/tikzfill/tikz
fill-common.sty)
(/opt/homebrew/Cellar/texlive/20260301/share/texmf-dist/tex/latex/tikzfill/tikz
libraryfill.image.code.tex))
(/opt/homebrew/Cellar/texlive/20260301/share/texmf-dist/tex/latex/tcolorbox/tcb
skinsjigsaw.code.tex
Library (tcolorbox): 'tcbskinsjigsaw.code.tex' version '6.9.0'
))
(/opt/homebrew/Cellar/texlive/20260301/share/texmf-dist/tex/latex/tcolorbox/tcb
breakable.code.tex
Library (tcolorbox): 'tcbbreakable.code.tex' version '6.9.0'

(/opt/homebrew/Cellar/texlive/20260301/share/texmf-dist/tex/latex/pdfcol/pdfcol
.sty
(/opt/homebrew/Cellar/texlive/20260301/share/texmf-dist/tex/generic/ltxcmds/ltx
cmds.sty)
(/opt/homebrew/Cellar/texlive/20260301/share/texmf-dist/tex/generic/infwarerr/i
nfwarerr.sty)))
(/opt/homebrew/Cellar/texlive/20260301/share/texmf-dist/tex/latex/tcolorbox/tcb
hooks.code.tex
Library (tcolorbox): 'tcbhooks.code.tex' version '6.9.0'
)
(/opt/homebrew/Cellar/texlive/20260301/share/texmf-dist/tex/latex/tcolorbox/tcb
theorems.code.tex
Library (tcolorbox): 'tcbtheorems.code.tex' version '6.9.0'

(/opt/homebrew/Cellar/texlive/20260301/share/texmf-dist/tex/latex/amsmath/amsma
th.sty
For additional information on amsmath, use the `?' option.

(/opt/homebrew/Cellar/texlive/20260301/share/texmf-dist/tex/latex/amsmath/amste
xt.sty
(/opt/homebrew/Cellar/texlive/20260301/share/texmf-dist/tex/latex/amsmath/amsge
n.sty))
(/opt/homebrew/Cellar/texlive/20260301/share/texmf-dist/tex/latex/amsmath/amsbs
y.sty)
(/opt/homebrew/Cellar/texlive/20260301/share/texmf-dist/tex/latex/amsmath/amsop
n.sty)))
(/opt/homebrew/Cellar/texlive/20260301/share/texmf-dist/tex/latex/tcolorbox/tcb
fitting.code.tex
Library (tcolorbox): 'tcbfitting.code.tex' version '6.9.0'
)
(/opt/homebrew/Cellar/texlive/20260301/share/texmf-dist/tex/latex/tcolorbox/tcb
listingsutf8.code.tex
Library (tcolorbox): 'tcblistingsutf8.code.tex' version '6.9.0'

(/opt/homebrew/Cellar/texlive/20260301/share/texmf-dist/tex/latex/tcolorbox/tcb
listings.code.tex
Library (tcolorbox): 'tcblistings.code.tex' version '6.9.0'

(/opt/homebrew/Cellar/texlive/20260301/share/texmf-dist/tex/latex/listings/list
ings.sty
(/opt/homebrew/Cellar/texlive/20260301/share/texmf-dist/tex/latex/listings/lstp
atch.sty)
(/opt/homebrew/Cellar/texlive/20260301/share/texmf-dist/tex/latex/listings/lstm
isc.sty)
(/opt/homebrew/Cellar/texlive/20260301/share/texmf-dist/tex/latex/listings/list
ings.cfg))
==> First Aid for listings.sty no longer applied!
    Expected:
        2024/09/23 1.10c (Carsten Heinz)
    but found:
        2025/11/14 1.11b (Carsten Heinz)
    so I'm assuming it got fixed.

(/opt/homebrew/Cellar/texlive/20260301/share/texmf-dist/tex/latex/tcolorbox/tcb
listingscore.code.tex
Library (tcolorbox): 'tcblistingscore.code.tex' version '6.9.0'

(/opt/homebrew/Cellar/texlive/20260301/share/texmf-dist/tex/latex/tcolorbox/tcb
processing.code.tex
Library (tcolorbox): 'tcbprocessing.code.tex' version '6.9.0'
))))
(/opt/homebrew/Cellar/texlive/20260301/share/texmf-dist/tex/latex/tcolorbox/tcb
external.code.tex
Library (tcolorbox): 'tcbexternal.code.tex' version '6.9.0'
)
(/opt/homebrew/Cellar/texlive/20260301/share/texmf-dist/tex/latex/tcolorbox/tcb
magazine.code.tex
Library (tcolorbox): 'tcbmagazine.code.tex' version '6.9.0'
)
(/opt/homebrew/Cellar/texlive/20260301/share/texmf-dist/tex/latex/tcolorbox/tcb
vignette.code.tex
Library (tcolorbox): 'tcbvignette.code.tex' version '6.9.0'

(/opt/homebrew/Cellar/texlive/20260301/share/texmf-dist/tex/generic/pgf/fronten
dlayer/tikz/libraries/tikzlibraryfadings.code.tex
(/opt/homebrew/Cellar/texlive/20260301/share/texmf-dist/tex/generic/pgf/librari
es/pgflibraryfadings.code.tex)))
(/opt/homebrew/Cellar/texlive/20260301/share/texmf-dist/tex/latex/tcolorbox/tcb
poster.code.tex
Library (tcolorbox): 'tcbposter.code.tex' version '6.9.0'
))
(/opt/homebrew/Cellar/texlive/20260301/share/texmf-dist/tex/latex/tools/tabular
x.sty
(/opt/homebrew/Cellar/texlive/20260301/share/texmf-dist/tex/latex/tools/array.s
ty))
(/opt/homebrew/Cellar/texlive/20260301/share/texmf-dist/tex/latex/booktabs/book
tabs.sty)
(/opt/homebrew/Cellar/texlive/20260301/share/texmf-dist/tex/latex/enumitem/enum
item.sty)
(/opt/homebrew/Cellar/texlive/20260301/share/texmf-dist/tex/latex/fancyhdr/fanc
yhdr.sty)
(/opt/homebrew/Cellar/texlive/20260301/share/texmf-dist/tex/latex/titlesec/titl
esec.sty)
(/opt/homebrew/Cellar/texlive/20260301/share/texmf-dist/tex/latex/hyperref/hype
rref.sty
(/opt/homebrew/Cellar/texlive/20260301/share/texmf-dist/tex/latex/kvsetkeys/kvs
etkeys.sty)
(/opt/homebrew/Cellar/texlive/20260301/share/texmf-dist/tex/generic/kvdefinekey
s/kvdefinekeys.sty)
(/opt/homebrew/Cellar/texlive/20260301/share/texmf-dist/tex/generic/pdfescape/p
dfescape.sty
(/opt/homebrew/Cellar/texlive/20260301/share/texmf-dist/tex/generic/pdftexcmds/
pdftexcmds.sty))
(/opt/homebrew/Cellar/texlive/20260301/share/texmf-dist/tex/latex/hycolor/hycol
or.sty)
(/opt/homebrew/Cellar/texlive/20260301/share/texmf-dist/tex/latex/hyperref/name
ref.sty
(/opt/homebrew/Cellar/texlive/20260301/share/texmf-dist/tex/latex/refcount/refc
ount.sty)
(/opt/homebrew/Cellar/texlive/20260301/share/texmf-dist/tex/generic/gettitlestr
ing/gettitlestring.sty
(/opt/homebrew/Cellar/texlive/20260301/share/texmf-dist/tex/latex/kvoptions/kvo
ptions.sty)))
(/opt/homebrew/Cellar/texlive/20260301/share/texmf-dist/tex/generic/stringenc/s
tringenc.sty)
(/opt/homebrew/Cellar/texlive/20260301/share/texmf-dist/tex/latex/hyperref/pd1e
nc.def)
(/opt/homebrew/Cellar/texlive/20260301/share/texmf-dist/tex/generic/intcalc/int
calc.sty)
(/opt/homebrew/Cellar/texlive/20260301/share/texmf-dist/tex/latex/hyperref/puen
c.def)
(/opt/homebrew/Cellar/texlive/20260301/share/texmf-dist/tex/latex/url/url.sty)
(/opt/homebrew/Cellar/texlive/20260301/share/texmf-dist/tex/generic/bitset/bits
et.sty
(/opt/homebrew/Cellar/texlive/20260301/share/texmf-dist/tex/generic/bigintcalc/
bigintcalc.sty)))
(/opt/homebrew/Cellar/texlive/20260301/share/texmf-dist/tex/latex/hyperref/hxet
ex.def
(/opt/homebrew/Cellar/texlive/20260301/share/texmf-dist/tex/latex/rerunfilechec
k/rerunfilecheck.sty
(/opt/homebrew/Cellar/texlive/20260301/share/texmf-dist/tex/generic/uniquecount
er/uniquecounter.sty)))
(/opt/homebrew/Cellar/texlive/20260301/share/texmf-dist/tex/latex/microtype/mic
rotype.sty
(/opt/homebrew/Cellar/texlive/20260301/share/texmf-dist/tex/latex/microtype/mic
rotype-xetex.def)
(/opt/homebrew/Cellar/texlive/20260301/share/texmf-dist/tex/latex/microtype/mic
rotype.cfg))
(/opt/homebrew/Cellar/texlive/20260301/share/texmf-dist/tex/latex/setspace/sets
pace.sty)
(/opt/homebrew/Cellar/texlive/20260301/share/texmf-dist/tex/latex/caption/capti
on.sty
(/opt/homebrew/Cellar/texlive/20260301/share/texmf-dist/tex/latex/caption/capti
on3.sty))
(/opt/homebrew/Cellar/texlive/20260301/share/texmf-dist/tex/latex/tools/multico
l.sty)
(/opt/homebrew/Cellar/texlive/20260301/share/texmf-dist/tex/latex/ragged2e/ragg
ed2e.sty)
(/opt/homebrew/Cellar/texlive/20260301/share/texmf-dist/tex/latex/base/ifthen.s
ty)
(/opt/homebrew/Cellar/texlive/20260301/share/texmf-dist/tex/latex/lastpage/last
page.sty
(/opt/homebrew/Cellar/texlive/20260301/share/texmf-dist/tex/latex/lastpage/last
page2e.sty
(/opt/homebrew/Cellar/texlive/20260301/share/texmf-dist/tex/latex/lastpage/last
pagemodern.sty) 
)))
(/Users/rob/dev/Presentation/ROB-Books/tmp/pdfs/complete-builders-field-manual.
aux)
*geometry* driver: auto-detecting
*geometry* detected driver: xetex

(/Users/rob/dev/Presentation/ROB-Books/tmp/pdfs/complete-builders-field-manual.
out)
(/Users/rob/dev/Presentation/ROB-Books/tmp/pdfs/complete-builders-field-manual.
out)

Package microtype Warning: Unable to apply patch `footnote' on input line 7.

[1] [2]
(/opt/homebrew/Cellar/texlive/20260301/share/texmf-dist/tex/latex/microtype/mt-
cmr.cfg) [3] [4]
(/Users/rob/dev/Presentation/ROB-Books/tmp/pdfs/complete-builders-field-manual.
toc [5]
Overfull \hbox (2.79997pt too wide) detected at line 63
\TU/AvenirNext(0)/m/n/10 10.10 
[6] [7]) [8] [1] [2]
Chapter 1.

Underfull \hbox (badness 10000) in paragraph at lines 71--71
[]|\TU/AvenirNext(0)/m/n/10 Open electronics, camera/head revisions,

Underfull \hbox (badness 10000) in paragraph at lines 71--71
\TU/AvenirNext(0)/m/n/10 wooden base templates, tread geometry,

Underfull \hbox (badness 2671) in paragraph at lines 71--71
[]|\TU/AvenirNext(0)/m/n/10 Operational experience likely drove require-

Underfull \hbox (badness 3068) in paragraph at lines 71--71
\TU/AvenirNext(0)/m/n/10 ments, but the archive does not link each

Underfull \hbox (badness 10000) in paragraph at lines 71--71
[]|\TU/AvenirNext(0)/m/n/10 Sprocket-area machining, chain clearance,

Underfull \hbox (badness 10000) in paragraph at lines 71--71
[]|\TU/AvenirNext(0)/m/n/10 Shoulder and neck gearing, arm re-

Underfull \hbox (badness 3623) in paragraph at lines 71--71
\TU/AvenirNext(0)/m/n/10 moval/reassembly, cable labels, emergency-
[3] [4] [5] [6]
Chapter 2.

Underfull \hbox (badness 10000) in paragraph at lines 145--145
[]|\TU/AvenirNext(0)/m/n/10 Capture fresh intent, apply its client-

Underfull \hbox (badness 10000) in paragraph at lines 145--145
\TU/AvenirNext(0)/m/n/10 specific lease or watchdog, present

Underfull \hbox (badness 2285) in paragraph at lines 145--145
\TU/AvenirNext(0)/m/n/10 and order messages, reject replay and

Underfull \hbox (badness 1275) in paragraph at lines 145--145
[]|\TU/AvenirNext(0)/m/n/10 Target: accept only complete bounded
[7] [8] [9] [10]
Chapter 3.

Underfull \hbox (badness 10000) in paragraph at lines 182--182
[][]

Underfull \hbox (badness 10000) in paragraph at lines 190--190
[][]
[11] [12] [13] [14]
Chapter 4.

Underfull \hbox (badness 10000) in paragraph at lines 248--248
[][]

Underfull \hbox (badness 2547) in paragraph at lines 248--248
[]\TU/AvenirNext(0)/m/it/7 Temporary labels aid teardown, but permanent routing
 must account for
[15]
Underfull \hbox (badness 10000) in paragraph at lines 254--254
[][]

Underfull \hbox (badness 2564) in paragraph at lines 260--260
[][] []\TU/AvenirNext(0)/m/it/7 A detached arm reveals its
[16] [17] [18]
Chapter 5.

Underfull \hbox (badness 10000) in paragraph at lines 289--289
[][]

Underfull \hbox (badness 10000) in paragraph at lines 289--289
[][]
[19] [20] [21] [22]
Chapter 6.

Underfull \hbox (badness 10000) in paragraph at lines 329--329
[][]

Underfull \hbox (badness 10000) in paragraph at lines 329--329
[][]

Underfull \hbox (badness 10000) in paragraph at lines 348--348
[][]
[23] [24] [25] [26]
Chapter 7.

Underfull \hbox (badness 10000) in paragraph at lines 383--383
[]|[] \TU/AvenirNext(0)/m/n/10 current

Underfull \hbox (badness 10000) in paragraph at lines 411--411
[]|\TU/AvenirNext(0)/m/n/10 SoftwareSerial

Underfull \hbox (badness 10000) in paragraph at lines 411--411
\TU/AvenirNext(0)/m/n/10 D22/D23, 19,200

Underfull \hbox (badness 2932) in paragraph at lines 411--411
[]|\TU/AvenirNext(0)/m/n/10 Compact serial forward/reverse; nominal speed -3200
 to

Underfull \hbox (badness 10000) in paragraph at lines 411--411
[]|\TU/AvenirNext(0)/m/n/10 I2C via Wire;

Underfull \hbox (badness 10000) in paragraph at lines 411--411
[]|\TU/AvenirNext(0)/m/n/10 Proposed
[27] [28] [29] [30] [31] [32]
Chapter 8.

Underfull \hbox (badness 1735) in paragraph at lines 511--511
[]|\TU/AvenirNext(0)/m/n/10 Camera providers, frame-set ownership, bounded deli
very, RGB-D

Underfull \hbox (badness 10000) in paragraph at lines 518--518
[]\TU/AvenirNext(0)/b/n/10 Why it is here: \TU/AvenirNext(0)/m/n/10 Read \TU/Me
nlo(0)/m/n/10 initialize_connection\TU/AvenirNext(0)/m/n/10 , \TU/Menlo(0)/m/n/
10 usbSerialPortPaths\TU/AvenirNext(0)/m/n/10 , \TU/Menlo(0)/m/n/10 connectToDe
tectedBase\TU/AvenirNext(0)/m/n/10 ,

Underfull \hbox (badness 10000) in paragraph at lines 518--518
\TU/Menlo(0)/m/n/10 probeBaseFirmwareAtPath\TU/AvenirNext(0)/m/n/10 , \TU/Menlo
(0)/m/n/10 consumeBaseSerialBytes\TU/AvenirNext(0)/m/n/10 , the Vision neck/tor
so methods, and
[33]
Underfull \hbox (badness 10000) in paragraph at lines 541--541
[]\TU/AvenirNext(0)/b/n/10 Why it is here: \TU/AvenirNext(0)/m/n/10 Compare the
 latest-value snapshot store with \TU/Menlo(0)/m/n/10 ROBMLXRuntime.swift\TU/Av
enirNext(0)/m/n/10 ,
[34] [35] [36]
Chapter 9.

Underfull \hbox (badness 3439) in paragraph at lines 554--554
[]\TU/AvenirNext(0)/b/n/10 Why it is here: \TU/AvenirNext(0)/m/n/10 The client 
control contract is the anchor. Compare it with Cerebro’s matching

Underfull \hbox (badness 10000) in paragraph at lines 575--575
[]|\TU/AvenirNext(0)/m/n/10 Send established con-

Underfull \hbox (badness 10000) in paragraph at lines 575--575
\TU/AvenirNext(0)/m/n/10 trol/action/autonomy messages and

Underfull \hbox (badness 5331) in paragraph at lines 575--575
[]|\TU/AvenirNext(0)/m/n/10 Send bounded typed scan and map
[37] [38] [39]
Chapter 10.
[40]
Underfull \hbox (badness 10000) in paragraph at lines 660--660
[]|\TU/AvenirNext(0)/m/n/10 pinned identity,

Underfull \hbox (badness 10000) in paragraph at lines 660--660
[]|\TU/AvenirNext(0)/m/n/10 magic, version,

Underfull \hbox (badness 10000) in paragraph at lines 660--660
\TU/AvenirNext(0)/m/n/10 kind, length, se-

Underfull \hbox (badness 1072) in paragraph at lines 660--660
[]|\TU/AvenirNext(0)/m/n/10 IDs, codec, timing,

Underfull \hbox (badness 10000) in paragraph at lines 660--660
[]|\TU/AvenirNext(0)/m/n/10 NAL lengths and
[41]
Overfull \hbox (5.287pt too wide) in paragraph at lines 674--675
\TU/AvenirNext(0)/m/n/10 timing, and calls \TU/Menlo(0)/m/n/10 CMSampleBufferCr
eateReady\TU/AvenirNext(0)/m/n/10 . The \TU/Menlo(0)/m/n/10 NotSync \TU/AvenirN
ext(0)/m/n/10 attachment mirrors the key-frame flag. \TU/Menlo(0)/m/n/10 Displa
yImmediately
[42] [43] [44]
Chapter 11.
[45]
Underfull \hbox (badness 10000) in paragraph at lines 758--758
[][]
[46] [47]
Underfull \hbox (badness 1248) in paragraph at lines 762--762
[]\TU/Futura(0)/b/n/29 Arms, animation, speech, auton- 
[48]
Chapter 12.
[49]
Underfull \hbox (badness 10000) in paragraph at lines 797--797
[]\TU/AvenirNext(0)/b/n/10 Why it is here: \TU/AvenirNext(0)/m/n/10 Read the st
rict show protocol and fixture tests first, then compare
[50] [51] [52] [53]
Chapter 13.

Underfull \hbox (badness 2134) in paragraph at lines 850--850
[]|\TU/AvenirNext(0)/m/n/10 Protocol, range, state, deadline, replay, and

Underfull \hbox (badness 10000) in paragraph at lines 850--850
[]|\TU/AvenirNext(0)/m/n/10 Repeatable operating envelope and ther-
[54] [55] [56]
Chapter 14.
[57] [58] [59]
Chapter 15.
[60] (./adult-learning-and-commissioning.tex [61]
Appendix A.
[62]
Appendix B.
[63]
Appendix C.
) [64]
Appendix D.
[65]
Appendix E.
[66]
Appendix F.

Underfull \hbox (badness 10000) in paragraph at lines 1025--1025
[]|\TU/AvenirNext(0)/m/n/10 PROTECTION / CON-
[67]
Appendix G.
[68]
Appendix H.

Underfull \hbox (badness 1132) in paragraph at lines 1089--1089
[]|\TU/AvenirNext(0)/m/n/10 Captured Ubuntu runtime evidence for the two AMBER 
cores;

Overfull \hbox (46.3437pt too wide) in paragraph at lines 1089--1089
[]|\TU/Menlo(0)/m/n/7 ROBControllerVision/Packages/ROBControlCore/Sources/ROBVi
deoPipeline| 

Underfull \hbox (badness 3039) in paragraph at lines 1089--1089
[]|\TU/AvenirNext(0)/m/n/10 H.264 validation, SPS/PPS format construction, AVCC
 sample
[69]
Overfull \vbox (16.15486pt too high) has occurred while \output is active
[70]
Appendix I.
[71] 
enddocument/afterlastpage (AED): lastpage setting LastPage.

(/Users/rob/dev/Presentation/ROB-Books/tmp/pdfs/complete-builders-field-manual.
aux) )
(see the transcript file for additional information)
Output written on /Users/rob/dev/Presentation/ROB-Books/tmp/pdfs/complete-build
ers-field-manual.xdv (79 pages, 1745748 bytes).
Transcript written on /Users/rob/dev/Presentation/ROB-Books/tmp/pdfs/complete-b
uilders-field-manual.log.
Latexmk: Getting log file '/Users/rob/dev/Presentation/ROB-Books/tmp/pdfs/complete-builders-field-manual.log'
Latexmk: Examining '/Users/rob/dev/Presentation/ROB-Books/tmp/pdfs/complete-builders-field-manual.fls'
Latexmk: Examining '/Users/rob/dev/Presentation/ROB-Books/tmp/pdfs/complete-builders-field-manual.log'
Latexmk: Log file says output to '/Users/rob/dev/Presentation/ROB-Books/tmp/pdfs/complete-builders-field-manual.xdv'
Latexmk: Using bibtex to make bibliography file(s).
Latexmk: applying rule 'xdvipdfmx'...
Rule 'xdvipdfmx':  Reasons for rerun
Category 'other':
  Rerun of 'xdvipdfmx' forced or previously required:
    Reason or flag: 'go_mode'

------------
Run number 1 of rule 'xdvipdfmx'
------------
------------
Running 'xdvipdfmx -E -o "/Users/rob/dev/Presentation/ROB-Books/tmp/pdfs/complete-builders-field-manual.pdf"  "/Users/rob/dev/Presentation/ROB-Books/tmp/pdfs/complete-builders-field-manual.xdv"'
------------
/Users/rob/dev/Presentation/ROB-Books/tmp/pdfs/complete-builders-field-manual.xdv -> /Users/rob/dev/Presentation/ROB-Books/tmp/pdfs/complete-builders-field-manual.pdf
[1][2][3][4][5][6][7][8][9
xdvipdfmx:warning: Object @page.1 already defined.
][10
xdvipdfmx:warning: Object @page.2 already defined.
][11
xdvipdfmx:warning: Object @page.3 already defined.
][12
xdvipdfmx:warning: Object @page.4 already defined.
][13
xdvipdfmx:warning: Object @page.5 already defined.
][14
xdvipdfmx:warning: Object @page.6 already defined.
][15
xdvipdfmx:warning: Object @page.7 already defined.
][16
xdvipdfmx:warning: Object @page.8 already defined.
][17][18][19][20][21][22][23][24][25][26][27][28][29][30][31][32][33][34][35][36][37][38][39][40][41][42][43][44][45][46][47][48][49][50][51][52][53][54][55][56][57][58][59][60][61][62][63][64][65][66][67][68][69][70][71][72][73][74][75][76][77][78][79]
63928877 bytes written
Latexmk: All targets (/Users/rob/dev/Presentation/ROB-Books/tmp/pdfs/complete-builders-field-manual.xdv /Users/rob/dev/Presentation/ROB-Books/tmp/pdfs/complete-builders-field-manual.pdf) are up-to-date

