\BOOKMARK [-1][-]{part.1}{\376\377\000I\000\040\000I\000n\000t\000e\000n\000t\000\040\000a\000n\000d\000\040\000a\000r\000c\000h\000i\000t\000e\000c\000t\000u\000r\000e}{}% 1
\BOOKMARK [0][-]{chapter.1}{\376\377\000D\000e\000s\000i\000g\000n\000\040\000h\000i\000s\000t\000o\000r\000y\000\040\000a\000n\000d\000\040\000c\000u\000r\000r\000e\000n\000t\000\040\000s\000c\000o\000p\000e}{part.1}% 2
\BOOKMARK [1][-]{section.1.1}{\376\377\000T\000h\000e\000\040\000o\000n\000e\000\040\000h\000a\000r\000d\000\040\000c\000o\000n\000s\000t\000r\000a\000i\000n\000t}{chapter.1}% 3
\BOOKMARK [1][-]{section.1.2}{\376\377\000E\000v\000i\000d\000e\000n\000c\000e\000-\000b\000a\000s\000e\000d\000\040\000c\000h\000r\000o\000n\000o\000l\000o\000g\000y}{chapter.1}% 4
\BOOKMARK [1][-]{section.1.3}{\376\377\000C\000e\000r\000e\000b\000r\000o\000'\000s\000\040\000r\000e\000c\000o\000v\000e\000r\000e\000d\000\040\000s\000o\000f\000t\000w\000a\000r\000e\000\040\000r\000o\000o\000t\000s}{chapter.1}% 5
\BOOKMARK [1][-]{section.1.4}{\376\377\000D\000e\000s\000i\000g\000n\000\040\000p\000r\000i\000n\000c\000i\000p\000l\000e\000s\000\040\000t\000h\000a\000t\000\040\000r\000e\000c\000u\000r}{chapter.1}% 6
\BOOKMARK [1][-]{section.1.5}{\376\377\000C\000u\000r\000r\000e\000n\000t\000\040\000s\000u\000b\000s\000y\000s\000t\000e\000m\000\040\000s\000t\000a\000t\000u\000s\000\040\000a\000t\000\040\000a\000\040\000g\000l\000a\000n\000c\000e}{chapter.1}% 7
\BOOKMARK [0][-]{chapter.2}{\376\377\000W\000h\000o\000l\000e\000-\000r\000o\000b\000o\000t\000\040\000a\000r\000c\000h\000i\000t\000e\000c\000t\000u\000r\000e}{part.1}% 8
\BOOKMARK [1][-]{section.2.1}{\376\377\000P\000h\000y\000s\000i\000c\000a\000l\000\040\000a\000n\000d\000\040\000i\000n\000f\000o\000r\000m\000a\000t\000i\000o\000n\000\040\000p\000a\000t\000h\000s}{chapter.2}% 9
\BOOKMARK [1][-]{section.2.2}{\376\377\000D\000e\000s\000i\000r\000e\000d\000\040\000c\000o\000m\000p\000o\000n\000e\000n\000t\000\040\000o\000w\000n\000e\000r\000s\000h\000i\000p\000\040\000m\000a\000p}{chapter.2}% 10
\BOOKMARK [1][-]{section.2.3}{\376\377\000S\000e\000n\000s\000e\000-\000p\000l\000a\000n\000-\000a\000c\000t\000\040\000w\000i\000t\000h\000o\000u\000t\000\040\000s\000u\000r\000r\000e\000n\000d\000e\000r\000i\000n\000g\000\040\000a\000u\000t\000h\000o\000r\000i\000t\000y}{chapter.2}% 11
\BOOKMARK [-1][-]{part.2}{\376\377\000I\000I\000\040\000M\000e\000c\000h\000a\000n\000i\000c\000a\000l\000\040\000b\000u\000i\000l\000d}{}% 12
\BOOKMARK [0][-]{chapter.3}{\376\377\000B\000u\000i\000l\000d\000\040\000t\000h\000e\000\040\000m\000o\000b\000i\000l\000e\000\040\000b\000a\000s\000e}{part.2}% 13
\BOOKMARK [1][-]{section.3.1}{\376\377\000S\000t\000a\000r\000t\000\040\000f\000r\000o\000m\000\040\000i\000n\000t\000e\000r\000f\000a\000c\000e\000s}{chapter.3}% 14
\BOOKMARK [1][-]{section.3.2}{\376\377\000T\000r\000e\000a\000d\000\040\000t\000e\000n\000s\000i\000o\000n\000\040\000a\000n\000d\000\040\000s\000u\000p\000p\000o\000r\000t}{chapter.3}% 15
\BOOKMARK [1][-]{section.3.3}{\376\377\000F\000l\000i\000p\000p\000e\000r\000\040\000r\000e\000v\000i\000s\000i\000o\000n\000\040\000a\000n\000d\000\040\000t\000h\000i\000r\000d\000-\000w\000h\000e\000e\000l\000\040\000c\000o\000n\000c\000e\000p\000t}{chapter.3}% 16
\BOOKMARK [1][-]{section.3.4}{\376\377\000D\000r\000i\000v\000e\000t\000r\000a\000i\000n\000\040\000e\000x\000p\000e\000r\000i\000m\000e\000n\000t\000\040\000l\000e\000d\000g\000e\000r}{chapter.3}% 17
\BOOKMARK [1][-]{section.3.5}{\376\377\000P\000r\000o\000v\000i\000s\000i\000o\000n\000a\000l\000\040\000a\000s\000s\000e\000m\000b\000l\000y\000\040\000s\000e\000q\000u\000e\000n\000c\000e\000\040\000t\000o\000\040\000v\000e\000r\000i\000f\000y}{chapter.3}% 18
\BOOKMARK [0][-]{chapter.4}{\376\377\000B\000u\000i\000l\000d\000\040\000a\000b\000o\000v\000e\000\040\000t\000h\000e\000\040\000b\000a\000s\000e}{part.2}% 19
\BOOKMARK [1][-]{section.4.1}{\376\377\000B\000o\000d\000y\000-\000t\000o\000-\000t\000o\000r\000s\000o\000\040\000c\000o\000n\000n\000e\000c\000t\000i\000o\000n}{chapter.4}% 20
\BOOKMARK [1][-]{section.4.2}{\376\377\000B\000o\000d\000y\000\040\000r\000o\000t\000a\000t\000i\000o\000n\000\040\000a\000n\000d\000\040\000c\000a\000b\000l\000e\000\040\000c\000o\000n\000t\000i\000n\000u\000i\000t\000y}{chapter.4}% 21
\BOOKMARK [1][-]{section.4.3}{\376\377\000H\000e\000a\000d\000\040\000a\000n\000d\000\040\000n\000e\000c\000k}{chapter.4}% 22
\BOOKMARK [1][-]{section.4.4}{\376\377\000A\000r\000m\000s}{chapter.4}% 23
\BOOKMARK [0][-]{chapter.5}{\376\377\000F\000a\000b\000r\000i\000c\000a\000t\000i\000o\000n\000\040\000a\000n\000d\000\040\000f\000i\000n\000i\000s\000h}{part.2}% 24
\BOOKMARK [1][-]{section.5.1}{\376\377\000M\000e\000a\000s\000u\000r\000e\000m\000e\000n\000t\000\040\000p\000l\000a\000n}{chapter.5}% 25
\BOOKMARK [1][-]{section.5.2}{\376\377\000P\000r\000o\000c\000e\000s\000s\000\040\000t\000r\000a\000v\000e\000l\000e\000r}{chapter.5}% 26
\BOOKMARK [1][-]{section.5.3}{\376\377\000D\000e\000s\000i\000g\000n\000\040\000f\000o\000r\000\040\000a\000s\000s\000e\000m\000b\000l\000y\000\040\000a\000n\000d\000\040\000s\000e\000r\000v\000i\000c\000e}{chapter.5}% 27
\BOOKMARK [-1][-]{part.3}{\376\377\000I\000I\000I\000\040\000P\000o\000w\000e\000r\000,\000\040\000e\000l\000e\000c\000t\000r\000o\000n\000i\000c\000s\000,\000\040\000a\000n\000d\000\040\000f\000i\000r\000m\000w\000a\000r\000e}{}% 28
\BOOKMARK [0][-]{chapter.6}{\376\377\000S\000t\000o\000r\000e\000,\000\040\000c\000o\000n\000v\000e\000r\000t\000,\000\040\000p\000r\000o\000t\000e\000c\000t\000,\000\040\000a\000n\000d\000\040\000d\000i\000s\000c\000o\000n\000n\000e\000c\000t\000\040\000e\000n\000e\000r\000g\000y}{part.3}% 29
\BOOKMARK [1][-]{section.6.1}{\376\377\000W\000h\000a\000t\000\040\000t\000h\000e\000\040\000a\000r\000c\000h\000i\000v\000e\000\040\000s\000a\000y\000s}{chapter.6}% 30
\BOOKMARK [1][-]{section.6.2}{\376\377\000R\000e\000q\000u\000i\000r\000e\000d\000\040\000s\000i\000n\000g\000l\000e\000-\000l\000i\000n\000e\000\040\000d\000i\000a\000g\000r\000a\000m}{chapter.6}% 31
\BOOKMARK [1][-]{section.6.3}{\376\377\000L\000o\000a\000d\000s\000\040\000n\000a\000m\000e\000d\000\040\000i\000n\000\040\000t\000h\000e\000\040\000b\000u\000i\000l\000d\000e\000r\000\040\000r\000e\000c\000o\000r\000d}{chapter.6}% 32
\BOOKMARK [1][-]{section.6.4}{\376\377\000M\000o\000t\000o\000r\000\040\000e\000l\000e\000c\000t\000r\000i\000c\000a\000l\000\040\000e\000v\000i\000d\000e\000n\000c\000e}{chapter.6}% 33
\BOOKMARK [1][-]{section.6.5}{\376\377\000E\000m\000e\000r\000g\000e\000n\000c\000y\000\040\000s\000t\000o\000p\000\040\000a\000n\000d\000\040\000s\000a\000f\000e\000\040\000e\000n\000e\000r\000g\000y\000\040\000s\000t\000a\000t\000e}{chapter.6}% 34
\BOOKMARK [0][-]{chapter.7}{\376\377\000B\000a\000s\000e\000\040\000e\000l\000e\000c\000t\000r\000o\000n\000i\000c\000s\000\040\000a\000n\000d\000\040\000f\000i\000r\000m\000w\000a\000r\000e}{part.3}% 35
\BOOKMARK [1][-]{section.7.1}{\376\377\000T\000h\000r\000e\000e\000\040\000h\000i\000s\000t\000o\000r\000i\000c\000a\000l\000\040\000r\000o\000l\000e\000s\000,\000\040\000o\000n\000e\000\040\000p\000r\000e\000s\000e\000n\000t\000\040\000r\000o\000l\000e}{chapter.7}% 36
\BOOKMARK [1][-]{section.7.2}{\376\377\000C\000o\000n\000f\000i\000r\000m\000e\000d\000\040\000p\000i\000n\000\040\000a\000n\000d\000\040\000c\000o\000m\000m\000u\000n\000i\000c\000a\000t\000i\000o\000n\000\040\000m\000a\000p}{chapter.7}% 37
\BOOKMARK [1][-]{section.7.3}{\376\377\000S\000e\000r\000i\000a\000l\000\040\000f\000r\000a\000m\000e}{chapter.7}% 38
\BOOKMARK [1][-]{section.7.4}{\376\377\000A\000c\000t\000u\000a\000t\000o\000r\000\040\000c\000o\000m\000p\000a\000c\000t\000\040\000s\000e\000r\000i\000a\000l}{chapter.7}% 39
\BOOKMARK [1][-]{section.7.5}{\376\377\000I\000R\000\040\000a\000n\000d\000\040\000I\000M\000U\000\040\000s\000t\000a\000t\000u\000s}{chapter.7}% 40
\BOOKMARK [1][-]{section.7.6}{\376\377\000S\000a\000f\000e\000t\000y\000\040\000a\000n\000d\000\040\000c\000o\000r\000r\000e\000c\000t\000n\000e\000s\000s\000\040\000a\000u\000d\000i\000t}{chapter.7}% 41
\BOOKMARK [1][-]{section.7.7}{\376\377\000R\000e\000p\000l\000a\000c\000e\000m\000e\000n\000t\000-\000f\000i\000r\000m\000w\000a\000r\000e\000\040\000a\000r\000c\000h\000i\000t\000e\000c\000t\000u\000r\000e}{chapter.7}% 42
\BOOKMARK [1][-]{section.7.8}{\376\377\000I\000n\000t\000e\000r\000r\000u\000p\000t\000-\000f\000i\000r\000s\000t\000\040\000r\000e\000w\000i\000r\000e\000\040\000p\000r\000o\000p\000o\000s\000a\000l}{chapter.7}% 43
\BOOKMARK [1][-]{section.7.9}{\376\377\000S\000u\000c\000c\000e\000s\000s\000o\000r\000\040\000c\000o\000n\000t\000r\000o\000l\000l\000e\000r\000\040\000s\000t\000u\000d\000y}{chapter.7}% 44
\BOOKMARK [-1][-]{part.4}{\376\377\000I\000V\000\040\000S\000o\000f\000t\000w\000a\000r\000e\000\040\000a\000n\000d\000\040\000p\000e\000r\000c\000e\000p\000t\000i\000o\000n}{}% 45
\BOOKMARK [0][-]{chapter.8}{\376\377\000C\000e\000n\000t\000r\000a\000l\000\040\000c\000o\000o\000r\000d\000i\000n\000a\000t\000i\000o\000n\000\040\000o\000n\000\040\000t\000h\000e\000\040\000M\000a\000c\000\040\000m\000i\000n\000i}{part.4}% 46
\BOOKMARK [1][-]{section.8.1}{\376\377\000P\000r\000i\000n\000c\000i\000p\000a\000l\000\040\000c\000o\000m\000p\000o\000n\000e\000n\000t\000s}{chapter.8}% 47
\BOOKMARK [1][-]{section.8.2}{\376\377\000P\000r\000e\000s\000e\000n\000t\000\040\000b\000e\000l\000l\000y\000\040\000c\000o\000m\000p\000u\000t\000e\000,\000\040\000U\000S\000B\000,\000\040\000a\000n\000d\000\040\000E\000t\000h\000e\000r\000n\000e\000t\000\040\000r\000e\000c\000o\000r\000d}{chapter.8}% 48
\BOOKMARK [1][-]{section.8.3}{\376\377\000B\000a\000s\000e\000\040\000h\000e\000a\000r\000t\000b\000e\000a\000t\000\040\000o\000w\000n\000e\000r\000s\000h\000i\000p}{chapter.8}% 49
\BOOKMARK [1][-]{section.8.4}{\376\377\000R\000O\000B\000S\000e\000r\000i\000a\000l\000B\000o\000x\000\040\000a\000s\000\040\000a\000n\000\040\000i\000n\000t\000e\000g\000r\000a\000t\000i\000o\000n\000\040\000h\000i\000s\000t\000o\000r\000y}{chapter.8}% 50
\BOOKMARK [1][-]{section.8.5}{\376\377\000E\000x\000t\000e\000r\000n\000a\000l\000\040\000h\000e\000l\000p\000e\000r\000s\000\040\000a\000n\000d\000\040\000d\000e\000p\000e\000n\000d\000e\000n\000c\000i\000e\000s}{chapter.8}% 51
\BOOKMARK [1][-]{section.8.6}{\376\377\000L\000e\000g\000a\000c\000y\000\040\000b\000o\000u\000n\000d\000a\000r\000y}{chapter.8}% 52
\BOOKMARK [1][-]{section.8.7}{\376\377\000T\000y\000p\000e\000d\000\040\000s\000c\000e\000n\000e\000\040\000s\000t\000a\000t\000e\000\040\000a\000n\000d\000\040\000l\000o\000c\000a\000l\000\040\000i\000n\000t\000e\000l\000l\000i\000g\000e\000n\000c\000e}{chapter.8}% 53
\BOOKMARK [0][-]{chapter.9}{\376\377\000C\000o\000n\000t\000r\000o\000l\000\040\000f\000r\000o\000m\000\040\000i\000P\000h\000o\000n\000e\000,\000\040\000W\000a\000t\000c\000h\000,\000\040\000a\000n\000d\000\040\000V\000i\000s\000i\000o\000n\000\040\000P\000r\000o}{part.4}% 54
\BOOKMARK [1][-]{section.9.1}{\376\377\000C\000o\000n\000t\000r\000o\000l\000l\000e\000r\000\040\000r\000o\000l\000e\000s}{chapter.9}% 55
\BOOKMARK [1][-]{section.9.2}{\376\377\000E\000x\000p\000l\000i\000c\000i\000t\000\040\000d\000r\000i\000v\000e\000\040\000o\000w\000n\000e\000r\000s\000h\000i\000p}{chapter.9}% 56
\BOOKMARK [1][-]{section.9.3}{\376\377\000I\000n\000d\000e\000p\000e\000n\000d\000e\000n\000t\000\040\000V\000i\000s\000i\000o\000n\000\040\000a\000r\000m\000\040\000a\000u\000t\000h\000o\000r\000i\000t\000y}{chapter.9}% 57
\BOOKMARK [1][-]{section.9.4}{\376\377\000R\000O\000B\000C\000o\000n\000t\000r\000o\000l\000\040\000v\0002}{chapter.9}% 58
\BOOKMARK [1][-]{section.9.5}{\376\377\000S\000e\000p\000a\000r\000a\000t\000e\000\040\000v\000i\000d\000e\000o\000\040\000s\000e\000r\000v\000i\000c\000e}{chapter.9}% 59
\BOOKMARK [1][-]{section.9.6}{\376\377\000S\000a\000f\000e\000t\000y\000\040\000t\000i\000m\000i\000n\000g\000\040\000l\000a\000y\000e\000r\000s}{chapter.9}% 60
\BOOKMARK [1][-]{section.9.7}{\376\377\000P\000r\000i\000v\000a\000c\000y\000\040\000r\000e\000v\000i\000e\000w}{chapter.9}% 61
\BOOKMARK [0][-]{chapter.10}{\376\377\000E\000n\000c\000o\000d\000e\000,\000\040\000t\000r\000a\000n\000s\000p\000o\000r\000t\000,\000\040\000d\000e\000c\000o\000d\000e\000,\000\040\000a\000n\000d\000\040\000p\000r\000e\000s\000e\000n\000t\000\040\000l\000i\000v\000e\000\040\000v\000i\000d\000e\000o}{part.4}% 62
\BOOKMARK [1][-]{section.10.1}{\376\377\000T\000h\000e\000\040\000e\000n\000d\000-\000t\000o\000-\000e\000n\000d\000\040\000f\000r\000a\000m\000e\000\040\000p\000i\000p\000e\000l\000i\000n\000e}{chapter.10}% 63
\BOOKMARK [1][-]{section.10.2}{\376\377\000S\000c\000a\000l\000e\000\040\000i\000n\000t\000o\000\040\000t\000h\000e\000\040\000e\000n\000c\000o\000d\000e\000r\000'\000s\000\040\000p\000i\000x\000e\000l\000\040\000f\000o\000r\000m\000a\000t}{chapter.10}% 64
\BOOKMARK [1][-]{section.10.3}{\376\377\000C\000o\000n\000f\000i\000g\000u\000r\000e\000\040\000l\000o\000w\000-\000l\000a\000t\000e\000n\000c\000y\000\040\000H\000.\0002\0006\0004}{chapter.10}% 65
\BOOKMARK [1][-]{section.10.4}{\376\377\000U\000n\000d\000e\000r\000s\000t\000a\000n\000d\000\040\000A\000V\000C\000C\000,\000\040\000S\000P\000S\000,\000\040\000P\000P\000S\000,\000\040\000a\000n\000d\000\040\000a\000c\000c\000e\000s\000s\000\040\000u\000n\000i\000t\000s}{chapter.10}% 66
\BOOKMARK [1][-]{section.10.5}{\376\377\000W\000r\000a\000p\000\040\000m\000e\000d\000i\000a\000\040\000i\000n\000\040\000t\000w\000o\000\040\000b\000o\000u\000n\000d\000e\000d\000\040\000l\000a\000y\000e\000r\000s}{chapter.10}% 67
\BOOKMARK [1][-]{section.10.6}{\376\377\000A\000p\000p\000l\000y\000\040\000b\000a\000c\000k\000p\000r\000e\000s\000s\000u\000r\000e\000\040\000b\000e\000f\000o\000r\000e\000\040\000l\000a\000t\000e\000n\000c\000y\000\040\000a\000c\000c\000u\000m\000u\000l\000a\000t\000e\000s}{chapter.10}% 68
\BOOKMARK [1][-]{section.10.7}{\376\377\000D\000e\000c\000o\000d\000e\000\040\000f\000r\000a\000m\000i\000n\000g\000\040\000b\000e\000f\000o\000r\000e\000\040\000d\000e\000c\000o\000d\000i\000n\000g\000\040\000H\000.\0002\0006\0004}{chapter.10}% 69
\BOOKMARK [1][-]{section.10.8}{\376\377\000P\000r\000e\000s\000e\000n\000t\000\040\000a\000n\000d\000\040\000r\000e\000c\000o\000v\000e\000r\000\040\000w\000i\000t\000h\000o\000u\000t\000\040\000b\000l\000o\000c\000k\000i\000n\000g\000\040\000c\000o\000n\000t\000r\000o\000l}{chapter.10}% 70
\BOOKMARK [1][-]{section.10.9}{\376\377\000A\000d\000v\000a\000n\000c\000e\000d\000\040\000v\000e\000r\000i\000f\000i\000c\000a\000t\000i\000o\000n\000\040\000m\000a\000t\000r\000i\000x}{chapter.10}% 71
\BOOKMARK [0][-]{chapter.11}{\376\377\000P\000e\000r\000c\000e\000p\000t\000i\000o\000n\000\040\000a\000n\000d\000\040\000m\000a\000p\000p\000i\000n\000g}{part.4}% 72
\BOOKMARK [1][-]{section.11.1}{\376\377\000R\000G\000B\000-\000D\000\040\000c\000a\000m\000e\000r\000a}{chapter.11}% 73
\BOOKMARK [1][-]{section.11.2}{\376\377\000P\000e\000r\000c\000e\000p\000t\000i\000o\000n\000\040\000s\000n\000a\000p\000s\000h\000o\000t\000s\000\040\000a\000n\000d\000\040\000b\000o\000u\000n\000d\000e\000d\000\040\000r\000e\000n\000d\000e\000r\000i\000n\000g}{chapter.11}% 74
\BOOKMARK [1][-]{section.11.3}{\376\377\000K\000i\000n\000e\000c\000t\000,\000\040\000O\000p\000e\000n\000N\000I\000,\000\040\000N\000i\000T\000E\000,\000\040\000a\000n\000d\000\040\000P\000C\000L\000\040\000a\000r\000c\000h\000a\000e\000o\000l\000o\000g\000y}{chapter.11}% 75
\BOOKMARK [1][-]{section.11.4}{\376\377\000R\000P\000L\000i\000d\000a\000r}{chapter.11}% 76
\BOOKMARK [1][-]{section.11.5}{\376\377\000I\000R\000\040\000a\000n\000d\000\040\000I\000M\000U}{chapter.11}% 77
\BOOKMARK [1][-]{section.11.6}{\376\377\000C\000o\000o\000r\000d\000i\000n\000a\000t\000e\000-\000f\000r\000a\000m\000e\000\040\000d\000i\000s\000c\000i\000p\000l\000i\000n\000e}{chapter.11}% 78
\BOOKMARK [0][-]{chapter.12}{\376\377\000B\000e\000h\000a\000v\000i\000o\000r\000\040\000a\000b\000o\000v\000e\000\040\000r\000a\000w\000\040\000m\000o\000t\000o\000r\000\040\000c\000o\000m\000m\000a\000n\000d\000s}{part.4}% 79
\BOOKMARK [1][-]{section.12.1}{\376\377\000S\000e\000r\000v\000o\000\040\000a\000n\000d\000\040\000a\000r\000m\000\040\000c\000o\000n\000t\000r\000o\000l}{chapter.12}% 80
\BOOKMARK [1][-]{section.12.2}{\376\377\000K\000e\000y\000f\000r\000a\000m\000e\000\040\000a\000n\000i\000m\000a\000t\000i\000o\000n}{chapter.12}% 81
\BOOKMARK [1][-]{section.12.3}{\376\377\000S\000p\000e\000e\000c\000h}{chapter.12}% 82
\BOOKMARK [1][-]{section.12.4}{\376\377\000C\000o\000n\000s\000e\000n\000t\000-\000b\000a\000s\000e\000d\000\040\000f\000a\000c\000e\000\040\000i\000d\000e\000n\000t\000i\000t\000y}{chapter.12}% 83
\BOOKMARK [1][-]{section.12.5}{\376\377\000P\000r\000i\000v\000a\000t\000e\000\040\000M\000e\000s\000s\000a\000g\000e\000s\000\040\000b\000r\000i\000d\000g\000e}{chapter.12}% 84
\BOOKMARK [1][-]{section.12.6}{\376\377\000E\000x\000p\000l\000i\000c\000i\000t\000\040\000r\000e\000c\000o\000r\000d\000i\000n\000g\000\040\000a\000n\000d\000\040\000d\000a\000t\000a\000s\000e\000t\000\040\000p\000r\000o\000v\000e\000n\000a\000n\000c\000e}{chapter.12}% 85
\BOOKMARK [1][-]{section.12.7}{\376\377\000C\000o\000n\000t\000r\000o\000l\000l\000e\000r\000-\000a\000c\000t\000i\000v\000a\000t\000e\000d\000\040\000a\000u\000t\000o\000n\000o\000m\000y}{chapter.12}% 86
\BOOKMARK [1][-]{section.12.8}{\376\377\000G\000e\000m\000i\000n\000i\000\040\000i\000n\000t\000e\000g\000r\000a\000t\000i\000o\000n}{chapter.12}% 87
\BOOKMARK [1][-]{section.12.9}{\376\377\000L\000o\000c\000a\000l\000\040\000M\000L\000X\000,\000\040\000c\000o\000m\000e\000d\000y\000,\000\040\000a\000n\000d\000\040\000b\000a\000t\000t\000l\000e\000\040\000t\000r\000a\000i\000n\000i\000n\000g}{chapter.12}% 88
\BOOKMARK [1][-]{section.12.10}{\376\377\000R\000o\000b\000o\000t\000-\000a\000c\000t\000i\000o\000n\000\040\000i\000m\000p\000l\000e\000m\000e\000n\000t\000a\000t\000i\000o\000n\000\040\000s\000t\000a\000t\000u\000s}{chapter.12}% 89
\BOOKMARK [-1][-]{part.5}{\376\377\000V\000\040\000I\000n\000t\000e\000g\000r\000a\000t\000i\000o\000n\000,\000\040\000o\000p\000e\000r\000a\000t\000i\000o\000n\000,\000\040\000a\000n\000d\000\040\000m\000a\000i\000n\000t\000e\000n\000a\000n\000c\000e}{}% 90
\BOOKMARK [0][-]{chapter.13}{\376\377\000T\000e\000s\000t\000\040\000s\000t\000r\000a\000t\000e\000g\000y\000\040\000a\000n\000d\000\040\000s\000a\000f\000e\000t\000y\000\040\000c\000a\000s\000e}{part.5}% 91
\BOOKMARK [1][-]{section.13.1}{\376\377\000R\000e\000q\000u\000i\000r\000e\000m\000e\000n\000t\000s\000\040\000t\000r\000a\000c\000e\000a\000b\000i\000l\000i\000t\000y}{chapter.13}% 92
\BOOKMARK [1][-]{section.13.2}{\376\377\000P\000r\000o\000g\000r\000e\000s\000s\000i\000v\000e\000\040\000t\000e\000s\000t\000\040\000l\000a\000d\000d\000e\000r}{chapter.13}% 93
\BOOKMARK [1][-]{section.13.3}{\376\377\000F\000a\000i\000l\000u\000r\000e\000\040\000i\000n\000j\000e\000c\000t\000i\000o\000n}{chapter.13}% 94
\BOOKMARK [1][-]{section.13.4}{\376\377\000M\000e\000a\000s\000u\000r\000e\000\040\000s\000t\000o\000p\000\040\000b\000e\000h\000a\000v\000i\000o\000r}{chapter.13}% 95
\BOOKMARK [0][-]{chapter.14}{\376\377\000P\000r\000e\000s\000e\000n\000t\000\040\000R\000O\000B\000\040\000s\000a\000f\000e\000l\000y\000\040\000i\000n\000\040\000p\000u\000b\000l\000i\000c}{part.5}% 96
\BOOKMARK [1][-]{section.14.1}{\376\377\000R\000o\000l\000e\000s}{chapter.14}% 97
\BOOKMARK [1][-]{section.14.2}{\376\377\000P\000r\000e\000-\000s\000h\000o\000w\000\040\000c\000h\000e\000c\000k\000l\000i\000s\000t}{chapter.14}% 98
\BOOKMARK [1][-]{section.14.3}{\376\377\000S\000h\000o\000w\000-\000s\000t\000a\000t\000e\000\040\000m\000o\000d\000e\000l}{chapter.14}% 99
\BOOKMARK [1][-]{section.14.4}{\376\377\000A\000u\000d\000i\000e\000n\000c\000e\000\040\000a\000n\000d\000\040\000p\000r\000i\000v\000a\000c\000y}{chapter.14}% 100
\BOOKMARK [0][-]{chapter.15}{\376\377\000K\000e\000e\000p\000\040\000t\000h\000e\000\040\000r\000o\000b\000o\000t\000\040\000u\000n\000d\000e\000r\000s\000t\000a\000n\000d\000a\000b\000l\000e}{part.5}% 101
\BOOKMARK [1][-]{section.15.1}{\376\377\000B\000e\000f\000o\000r\000e\000\040\000a\000n\000d\000\040\000a\000f\000t\000e\000r\000\040\000e\000v\000e\000r\000y\000\040\000o\000p\000e\000r\000a\000t\000i\000n\000g\000\040\000d\000a\000y}{chapter.15}% 102
\BOOKMARK [1][-]{section.15.2}{\376\377\000S\000c\000h\000e\000d\000u\000l\000e\000d\000\040\000m\000a\000i\000n\000t\000e\000n\000a\000n\000c\000e\000\040\000r\000e\000c\000o\000r\000d}{chapter.15}% 103
\BOOKMARK [1][-]{section.15.3}{\376\377\000C\000o\000n\000f\000i\000g\000u\000r\000a\000t\000i\000o\000n\000\040\000c\000o\000n\000t\000r\000o\000l}{chapter.15}% 104
\BOOKMARK [1][-]{section.15.4}{\376\377\000T\000r\000o\000u\000b\000l\000e\000s\000h\000o\000o\000t\000i\000n\000g\000\040\000b\000y\000\040\000l\000a\000y\000e\000r}{chapter.15}% 105
\BOOKMARK [-1][-]{part.6}{\376\377\000V\000I\000\040\000A\000d\000v\000a\000n\000c\000e\000d\000\040\000e\000n\000g\000i\000n\000e\000e\000r\000i\000n\000g\000\040\000c\000o\000m\000p\000e\000n\000d\000i\000u\000m}{}% 106
\BOOKMARK [-1][-]{part.7}{\376\377\000V\000I\000I\000\040\000A\000I\000-\000a\000s\000s\000i\000s\000t\000e\000d\000\040\000r\000o\000b\000o\000t\000i\000c\000s\000\040\000e\000n\000g\000i\000n\000e\000e\000r\000i\000n\000g}{}% 107
\BOOKMARK [0][-]{chapter.16}{\376\377\000B\000u\000i\000l\000d\000i\000n\000g\000\040\000R\000.\000O\000.\000B\000.}{part.7}% 108
\BOOKMARK [1][-]{section.16.1}{\376\377\000A\000I\000,\000\040\000R\000o\000b\000o\000t\000i\000c\000s\000,\000\040\000a\000n\000d\000\040\000t\000h\000e\000\040\000C\000o\000d\000e\000x\000-\000A\000c\000c\000e\000l\000e\000r\000a\000t\000e\000d\000\040\000E\000v\000o\000l\000u\000t\000i\000o\000n\000\040\000o\000f\000\040\000R\000O\000B\000C\000o\000n\000t\000r\000o\000l\000l\000e\000r\000\040\000a\000n\000d\000\040\000C\000e\000r\000e\000b\000r\000o}{chapter.16}% 109
\BOOKMARK [1][-]{section.16.2}{\376\377\000P\000r\000e\000f\000a\000c\000e\000:\000\040\000o\000n\000e\000\040\000b\000u\000i\000l\000d\000e\000r\000,\000\040\000m\000a\000n\000y\000\040\000k\000e\000y\000b\000o\000a\000r\000d\000s}{chapter.16}% 110
\BOOKMARK [1][-]{section.16.3}{\376\377\0001\000.\000\040\000T\000h\000e\000\040\000r\000o\000b\000o\000t\000\040\000i\000s\000\040\000a\000\040\000d\000i\000s\000t\000r\000i\000b\000u\000t\000e\000d\000\040\000s\000y\000s\000t\000e\000m}{chapter.16}% 111
\BOOKMARK [1][-]{section.16.4}{\376\377\0002\000.\000\040\000H\000a\000n\000d\000m\000a\000d\000e\000\040\000f\000o\000u\000n\000d\000a\000t\000i\000o\000n\000s\000:\000\040\000C\000e\000r\000e\000b\000r\000o\000\040\0002\0000\0001\0007\040\023\0002\0000\0002\0005\000\040\000a\000n\000d\000\040\000c\000o\000n\000t\000r\000o\000l\000l\000e\000r\000\040\0002\0000\0002\0002\040\023\0002\0000\0002\0003}{chapter.16}% 112
\BOOKMARK [2][-]{subsection.16.4.1}{\376\377\000W\000h\000a\000t\000\040\000C\000o\000d\000e\000x\000\040\000s\000h\000o\000u\000l\000d\000\040\000l\000e\000a\000r\000n\000\040\000f\000r\000o\000m\000\040\000t\000h\000i\000s\000\040\000e\000r\000a}{section.16.4}% 113
\BOOKMARK [1][-]{section.16.5}{\376\377\0003\000.\000\040\000E\000r\000a\000\040\000t\000w\000o\000:\000\040\000t\000h\000e\000\040\000v\0005\000\040\000m\000i\000g\000r\000a\000t\000i\000o\000n\000\040\000a\000n\000d\000\040\000s\000o\000l\000o\000\040\000w\000o\000r\000k\000s\000h\000o\000p\000,\000\040\000A\000u\000g\000u\000s\000t\040\023\000S\000e\000p\000t\000e\000m\000b\000e\000r\000\040\0002\0000\0002\0005}{chapter.16}% 114
\BOOKMARK [2][-]{subsection.16.5.1}{\376\377\000T\000u\000r\000n\000i\000n\000g\000\040\000w\000o\000r\000k\000s\000h\000o\000p\000\040\000k\000n\000o\000w\000l\000e\000d\000g\000e\000\040\000i\000n\000t\000o\000\040\000s\000p\000e\000c\000i\000f\000i\000c\000a\000t\000i\000o\000n\000s}{section.16.5}% 115
\BOOKMARK [1][-]{section.16.6}{\376\377\0004\000.\000\040\000T\000h\000e\000\040\000a\000c\000c\000e\000l\000e\000r\000a\000t\000i\000o\000n\000\040\000h\000i\000n\000g\000e\000:\000\040\000A\000u\000g\000u\000s\000t\000\040\0001\000,\000\040\0002\0000\0002\0006}{chapter.16}% 116
\BOOKMARK [2][-]{subsection.16.6.1}{\376\377\000W\000h\000y\000\040\000t\000h\000i\000s\000\040\000r\000e\000s\000e\000m\000b\000l\000e\000s\000\040\000A\000I\000-\000a\000s\000s\000i\000s\000t\000e\000d\000\040\000e\000n\000g\000i\000n\000e\000e\000r\000i\000n\000g}{section.16.6}% 117
\BOOKMARK [1][-]{section.16.7}{\376\377\0005\000.\000\040\000R\000e\000b\000u\000i\000l\000d\000i\000n\000g\000\040\000t\000h\000e\000\040\000s\000e\000c\000u\000r\000e\000\040\000c\000o\000n\000t\000r\000o\000l\000\040\000p\000l\000a\000n\000e\000\040\000w\000i\000t\000h\000\040\000C\000o\000d\000e\000x}{chapter.16}% 118
\BOOKMARK [2][-]{subsection.16.7.1}{\376\377\0005\000.\0001\000\040\000S\000t\000a\000r\000t\000\040\000w\000i\000t\000h\000\040\000a\000\040\000c\000o\000n\000t\000r\000a\000c\000t}{section.16.7}% 119
\BOOKMARK [2][-]{subsection.16.7.2}{\376\377\0005\000.\0002\000\040\000I\000m\000p\000l\000e\000m\000e\000n\000t\000\040\000t\000h\000e\000\040\000s\000h\000a\000r\000e\000d\000\040\000w\000i\000r\000e\000\040\000f\000o\000r\000m\000a\000t\000\040\000f\000i\000r\000s\000t}{section.16.7}% 120
\BOOKMARK [2][-]{subsection.16.7.3}{\376\377\0005\000.\0003\000\040\000A\000d\000d\000\040\000t\000r\000a\000n\000s\000p\000o\000r\000t\000\040\000w\000i\000t\000h\000o\000u\000t\000\040\000w\000e\000a\000k\000e\000n\000i\000n\000g\000\040\000a\000u\000t\000h\000e\000n\000t\000i\000c\000a\000t\000i\000o\000n}{section.16.7}% 121
\BOOKMARK [1][-]{section.16.8}{\376\377\0006\000.\000\040\000O\000p\000e\000r\000a\000t\000o\000r\000\040\000a\000u\000t\000h\000o\000r\000i\000t\000y\000,\000\040\000W\000a\000t\000c\000h\000\040\000c\000o\000n\000t\000r\000o\000l\000,\000\040\000a\000n\000d\000\040\000a\000u\000t\000o\000n\000o\000m\000y}{chapter.16}% 122
\BOOKMARK [1][-]{section.16.9}{\376\377\0007\000.\000\040\000V\000i\000s\000i\000o\000n\000,\000\040\000d\000e\000p\000t\000h\000,\000\040\000a\000n\000d\000\040\000v\000i\000d\000e\000o\000\040\000a\000s\000\040\000b\000o\000u\000n\000d\000e\000d\000\040\000p\000i\000p\000e\000l\000i\000n\000e\000s}{chapter.16}% 123
\BOOKMARK [1][-]{section.16.10}{\376\377\0008\000.\000\040\000A\000I\000\040\000i\000n\000s\000i\000d\000e\000\040\000C\000e\000r\000e\000b\000r\000o\000:\000\040\000p\000r\000o\000p\000o\000s\000a\000l\000s\000,\000\040\000t\000o\000o\000l\000s\000,\000\040\000a\000n\000d\000\040\000s\000p\000e\000e\000c\000h}{chapter.16}% 124
\BOOKMARK [2][-]{subsection.16.10.1}{\376\377\000A\000\040\000s\000a\000f\000e\000\040\000O\000p\000e\000n\000A\000I\000\040\000i\000n\000t\000e\000g\000r\000a\000t\000i\000o\000n\000\040\000t\000a\000s\000k\000\040\000f\000o\000r\000\040\000C\000o\000d\000e\000x}{section.16.10}% 125
\BOOKMARK [1][-]{section.16.11}{\376\377\0009\000.\000\040\000L\000o\000c\000a\000l\000\040\000i\000m\000p\000r\000o\000v\000i\000s\000a\000t\000i\000o\000n\000\040\000a\000n\000d\000\040\000s\000t\000a\000g\000e\000\040\000s\000h\000o\000w\000s}{chapter.16}% 126
\BOOKMARK [1][-]{section.16.12}{\376\377\000I\000n\000t\000e\000r\000l\000u\000d\000e\000:\000\040\000t\000h\000e\000\040\000A\000u\000g\000u\000s\000t\000\040\0001\0004\040\023\0002\0003\000\040\000i\000n\000t\000e\000g\000r\000a\000t\000i\000o\000n\000\040\000s\000p\000r\000i\000n\000t}{chapter.16}% 127
\BOOKMARK [1][-]{section.16.13}{\376\377\0001\0000\000.\000\040\000D\000e\000p\000e\000n\000d\000e\000n\000c\000i\000e\000s\000\040\000a\000r\000e\000\040\000p\000a\000r\000t\000\040\000o\000f\000\040\000r\000o\000b\000o\000t\000\040\000s\000a\000f\000e\000t\000y}{chapter.16}% 128
\BOOKMARK [1][-]{section.16.14}{\376\377\0001\0001\000.\000\040\000A\000\040\000r\000e\000p\000e\000a\000t\000a\000b\000l\000e\000\040\000C\000o\000d\000e\000x\000\040\000w\000o\000r\000k\000f\000l\000o\000w\000\040\000f\000o\000r\000\040\000t\000h\000e\000s\000e\000\040\000r\000e\000p\000o\000s\000i\000t\000o\000r\000i\000e\000s}{chapter.16}% 129
\BOOKMARK [2][-]{subsection.16.14.1}{\376\377\000S\000t\000e\000p\000\040\0001\000:\000\040\000p\000r\000o\000t\000e\000c\000t\000\040\000t\000h\000e\000\040\000w\000o\000r\000k\000t\000r\000e\000e}{section.16.14}% 130
\BOOKMARK [2][-]{subsection.16.14.2}{\376\377\000S\000t\000e\000p\000\040\0002\000:\000\040\000s\000t\000a\000t\000e\000\040\000o\000u\000t\000c\000o\000m\000e\000\040\000a\000n\000d\000\040\000i\000n\000v\000a\000r\000i\000a\000n\000t\000s}{section.16.14}% 131
\BOOKMARK [2][-]{subsection.16.14.3}{\376\377\000S\000t\000e\000p\000\040\0003\000:\000\040\000a\000s\000k\000\040\000f\000o\000r\000\040\000r\000e\000a\000d\000-\000o\000n\000l\000y\000\040\000d\000i\000a\000g\000n\000o\000s\000i\000s}{section.16.14}% 132
\BOOKMARK [2][-]{subsection.16.14.4}{\376\377\000S\000t\000e\000p\000\040\0004\000:\000\040\000d\000i\000v\000i\000d\000e\000\040\000a\000t\000\040\000s\000t\000a\000b\000l\000e\000\040\000b\000o\000u\000n\000d\000a\000r\000i\000e\000s}{section.16.14}% 133
\BOOKMARK [2][-]{subsection.16.14.5}{\376\377\000S\000t\000e\000p\000\040\0005\000:\000\040\000m\000a\000k\000e\000\040\000C\000o\000d\000e\000x\000\040\000e\000d\000i\000t\000\040\000a\000n\000d\000\040\000v\000e\000r\000i\000f\000y}{section.16.14}% 134
\BOOKMARK [2][-]{subsection.16.14.6}{\376\377\000S\000t\000e\000p\000\040\0006\000:\000\040\000i\000n\000s\000p\000e\000c\000t\000\040\000t\000h\000e\000\040\000d\000i\000f\000f\000\040\000y\000o\000u\000r\000s\000e\000l\000f}{section.16.14}% 135
\BOOKMARK [2][-]{subsection.16.14.7}{\376\377\000S\000t\000e\000p\000\040\0007\000:\000\040\000v\000a\000l\000i\000d\000a\000t\000e\000\040\000i\000n\000\040\000l\000a\000y\000e\000r\000s}{section.16.14}% 136
\BOOKMARK [2][-]{subsection.16.14.8}{\376\377\000S\000t\000e\000p\000\040\0008\000:\000\040\000c\000o\000m\000m\000i\000t\000\040\000t\000h\000e\000\040\000r\000e\000a\000s\000o\000n\000i\000n\000g}{section.16.14}% 137
\BOOKMARK [1][-]{section.16.15}{\376\377\0001\0002\000.\000\040\000P\000r\000o\000m\000p\000t\000\040\000r\000e\000c\000i\000p\000e\000s\000\040\000f\000o\000r\000\040\000t\000h\000e\000\040\000a\000c\000t\000u\000a\000l\000\040\000c\000h\000a\000n\000g\000e\000\040\000f\000a\000m\000i\000l\000i\000e\000s}{chapter.16}% 138
\BOOKMARK [2][-]{subsection.16.15.1}{\376\377\000C\000r\000o\000s\000s\000-\000r\000e\000p\000o\000s\000i\000t\000o\000r\000y\000\040\000p\000r\000o\000t\000o\000c\000o\000l\000\040\000c\000h\000a\000n\000g\000e}{section.16.15}% 139
\BOOKMARK [2][-]{subsection.16.15.2}{\376\377\000C\000o\000n\000c\000u\000r\000r\000e\000n\000c\000y\000\040\000b\000u\000g}{section.16.15}% 140
\BOOKMARK [2][-]{subsection.16.15.3}{\376\377\000C\000a\000m\000e\000r\000a\000\040\000c\000r\000a\000s\000h}{section.16.15}% 141
\BOOKMARK [2][-]{subsection.16.15.4}{\376\377\000N\000e\000w\000\040\000A\000I\000\040\000t\000o\000o\000l}{section.16.15}% 142
\BOOKMARK [2][-]{subsection.16.15.5}{\376\377\000A\000r\000m\000\040\000f\000e\000a\000t\000u\000r\000e}{section.16.15}% 143
\BOOKMARK [2][-]{subsection.16.15.6}{\376\377\000F\000a\000c\000e\000-\000i\000d\000e\000n\000t\000i\000t\000y\000\040\000f\000e\000a\000t\000u\000r\000e}{section.16.15}% 144
\BOOKMARK [2][-]{subsection.16.15.7}{\376\377\000P\000r\000i\000v\000a\000t\000e\000\040\000M\000e\000s\000s\000a\000g\000e\000s\000\040\000f\000e\000a\000t\000u\000r\000e}{section.16.15}% 145
\BOOKMARK [2][-]{subsection.16.15.8}{\376\377\000T\000r\000a\000i\000n\000i\000n\000g\000-\000d\000a\000t\000a\000\040\000r\000e\000c\000o\000r\000d\000e\000r}{section.16.15}% 146
\BOOKMARK [2][-]{subsection.16.15.9}{\376\377\000D\000o\000c\000u\000m\000e\000n\000t\000a\000t\000i\000o\000n\000\040\000f\000r\000o\000m\000\040\000c\000o\000d\000e}{section.16.15}% 147
\BOOKMARK [1][-]{section.16.16}{\376\377\0001\0003\000.\000\040\000R\000e\000v\000i\000e\000w\000i\000n\000g\000\040\000A\000I\000-\000g\000e\000n\000e\000r\000a\000t\000e\000d\000\040\000r\000o\000b\000o\000t\000\040\000c\000o\000d\000e}{chapter.16}% 148
\BOOKMARK [2][-]{subsection.16.16.1}{\376\377\000S\000a\000f\000e\000t\000y}{section.16.16}% 149
\BOOKMARK [2][-]{subsection.16.16.2}{\376\377\000S\000e\000c\000u\000r\000i\000t\000y}{section.16.16}% 150
\BOOKMARK [2][-]{subsection.16.16.3}{\376\377\000C\000o\000n\000c\000u\000r\000r\000e\000n\000c\000y}{section.16.16}% 151
\BOOKMARK [2][-]{subsection.16.16.4}{\376\377\000C\000o\000m\000p\000a\000t\000i\000b\000i\000l\000i\000t\000y}{section.16.16}% 152
\BOOKMARK [2][-]{subsection.16.16.5}{\376\377\000E\000v\000i\000d\000e\000n\000c\000e}{section.16.16}% 153
\BOOKMARK [1][-]{section.16.17}{\376\377\0001\0004\000.\000\040\000W\000h\000a\000t\000\040\000r\000e\000m\000a\000i\000n\000s\000\040\000i\000n\000t\000e\000n\000t\000i\000o\000n\000a\000l\000l\000y\000\040\000u\000n\000f\000i\000n\000i\000s\000h\000e\000d}{chapter.16}% 154
\BOOKMARK [1][-]{section.16.18}{\376\377\0001\0005\000.\000\040\000T\000h\000e\000\040\000d\000e\000v\000e\000l\000o\000p\000e\000r\000\040\000a\000f\000t\000e\000r\000\040\000c\000o\000d\000e\000\040\000g\000e\000n\000e\000r\000a\000t\000i\000o\000n}{chapter.16}% 155
\BOOKMARK [2][-]{subsection.16.18.1}{\376\377\000F\000r\000o\000m\000\040\000i\000m\000p\000l\000e\000m\000e\000n\000t\000a\000t\000i\000o\000n\000\040\000t\000a\000s\000k\000\040\000t\000o\000\040\000o\000u\000t\000c\000o\000m\000e\000\040\000c\000o\000n\000t\000r\000a\000c\000t}{section.16.18}% 156
\BOOKMARK [2][-]{subsection.16.18.2}{\376\377\000T\000h\000e\000\040\000n\000e\000w\000\040\000l\000i\000t\000e\000r\000a\000c\000y}{section.16.18}% 157
\BOOKMARK [1][-]{section.16.19}{\376\377\0001\0006\000.\000\040\000H\000o\000w\000\040\000a\000n\000\040\000A\000I\000\040\000d\000e\000v\000e\000l\000o\000p\000m\000e\000n\000t\000\040\000s\000y\000s\000t\000e\000m\000\040\000a\000c\000t\000u\000a\000l\000l\000y\000\040\000w\000o\000r\000k\000s}{chapter.16}% 158
\BOOKMARK [2][-]{subsection.16.19.1}{\376\377\000M\000o\000d\000e\000l}{section.16.19}% 159
\BOOKMARK [2][-]{subsection.16.19.2}{\376\377\000C\000o\000n\000t\000e\000x\000t}{section.16.19}% 160
\BOOKMARK [2][-]{subsection.16.19.3}{\376\377\000I\000n\000s\000t\000r\000u\000c\000t\000i\000o\000n\000s\000\040\000a\000n\000d\000\040\000p\000r\000e\000c\000e\000d\000e\000n\000c\000e}{section.16.19}% 161
\BOOKMARK [2][-]{subsection.16.19.4}{\376\377\000T\000o\000o\000l\000s}{section.16.19}% 162
\BOOKMARK [2][-]{subsection.16.19.5}{\376\377\000E\000x\000e\000c\000u\000t\000i\000o\000n\000\040\000e\000n\000v\000i\000r\000o\000n\000m\000e\000n\000t}{section.16.19}% 163
\BOOKMARK [2][-]{subsection.16.19.6}{\376\377\000F\000e\000e\000d\000b\000a\000c\000k\000\040\000l\000o\000o\000p}{section.16.19}% 164
\BOOKMARK [1][-]{section.16.20}{\376\377\0001\0007\000.\000\040\000C\000o\000m\000m\000u\000n\000i\000c\000a\000t\000i\000n\000g\000\040\000f\000o\000r\000\040\000r\000e\000l\000i\000a\000b\000l\000e\000\040\000r\000e\000s\000u\000l\000t\000s}{chapter.16}% 165
\BOOKMARK [2][-]{subsection.16.20.1}{\376\377\000G\000o\000a\000l\000:\000\040\000d\000e\000f\000i\000n\000e\000\040\000o\000b\000s\000e\000r\000v\000a\000b\000l\000e\000\040\000b\000e\000h\000a\000v\000i\000o\000r}{section.16.20}% 166
\BOOKMARK [2][-]{subsection.16.20.2}{\376\377\000C\000o\000n\000t\000e\000x\000t\000:\000\040\000p\000r\000o\000v\000i\000d\000e\000\040\000d\000e\000c\000i\000s\000i\000o\000n\000-\000c\000h\000a\000n\000g\000i\000n\000g\000\040\000f\000a\000c\000t\000s}{section.16.20}% 167
\BOOKMARK [2][-]{subsection.16.20.3}{\376\377\000O\000u\000t\000p\000u\000t\000:\000\040\000s\000a\000y\000\040\000w\000h\000a\000t\000\040\000d\000o\000n\000e\000\040\000l\000o\000o\000k\000s\000\040\000l\000i\000k\000e}{section.16.20}% 168
\BOOKMARK [2][-]{subsection.16.20.4}{\376\377\000B\000o\000u\000n\000d\000a\000r\000i\000e\000s\000:\000\040\000p\000r\000o\000t\000e\000c\000t\000\040\000w\000h\000a\000t\000\040\000m\000a\000t\000t\000e\000r\000s}{section.16.20}% 169
\BOOKMARK [2][-]{subsection.16.20.5}{\376\377\000A\000c\000c\000e\000p\000t\000a\000n\000c\000e\000\040\000e\000v\000i\000d\000e\000n\000c\000e}{section.16.20}% 170
\BOOKMARK [2][-]{subsection.16.20.6}{\376\377\000S\000t\000e\000e\000r\000i\000n\000g\000\040\000w\000i\000t\000h\000o\000u\000t\000\040\000r\000e\000s\000t\000a\000r\000t\000i\000n\000g}{section.16.20}% 171
\BOOKMARK [1][-]{section.16.21}{\376\377\0001\0008\000.\000\040\000C\000o\000n\000t\000e\000x\000t\000\040\000e\000n\000g\000i\000n\000e\000e\000r\000i\000n\000g\000\040\000f\000o\000r\000\040\000l\000a\000r\000g\000e\000\040\000r\000e\000p\000o\000s\000i\000t\000o\000r\000i\000e\000s}{chapter.16}% 172
\BOOKMARK [2][-]{subsection.16.21.1}{\376\377\000G\000i\000v\000e\000\040\000t\000h\000e\000\040\000r\000e\000p\000o\000s\000i\000t\000o\000r\000y\000\040\000a\000\040\000m\000a\000p}{section.16.21}% 173
\BOOKMARK [2][-]{subsection.16.21.2}{\376\377\000P\000r\000e\000s\000e\000r\000v\000e\000\040\000e\000x\000e\000c\000u\000t\000a\000b\000l\000e\000\040\000k\000n\000o\000w\000l\000e\000d\000g\000e}{section.16.21}% 174
\BOOKMARK [2][-]{subsection.16.21.3}{\376\377\000S\000e\000p\000a\000r\000a\000t\000e\000\040\000d\000u\000r\000a\000b\000l\000e\000\040\000t\000r\000u\000t\000h\000\040\000f\000r\000o\000m\000\040\000s\000e\000s\000s\000i\000o\000n\000\040\000h\000i\000s\000t\000o\000r\000y}{section.16.21}% 175
\BOOKMARK [2][-]{subsection.16.21.4}{\376\377\000A\000s\000k\000\040\000f\000o\000r\000\040\000e\000v\000i\000d\000e\000n\000c\000e\000-\000b\000a\000c\000k\000e\000d\000\040\000e\000x\000p\000l\000o\000r\000a\000t\000i\000o\000n}{section.16.21}% 176
\BOOKMARK [2][-]{subsection.16.21.5}{\376\377\000M\000a\000n\000a\000g\000e\000\040\000c\000o\000n\000t\000e\000x\000t\000\040\000d\000e\000c\000a\000y}{section.16.21}% 177
\BOOKMARK [1][-]{section.16.22}{\376\377\0001\0009\000.\000\040\000V\000e\000r\000i\000f\000i\000c\000a\000t\000i\000o\000n\000\040\000i\000s\000\040\000t\000h\000e\000\040\000p\000r\000o\000d\000u\000c\000t}{chapter.16}% 178
\BOOKMARK [2][-]{subsection.16.22.1}{\376\377\000T\000h\000e\000\040\000e\000v\000i\000d\000e\000n\000c\000e\000\040\000l\000a\000d\000d\000e\000r}{section.16.22}% 179
\BOOKMARK [2][-]{subsection.16.22.2}{\376\377\000A\000s\000k\000\040\000t\000h\000e\000\040\000a\000g\000e\000n\000t\000\040\000t\000o\000\040\000f\000a\000l\000s\000i\000f\000y\000\040\000i\000t\000s\000\040\000o\000w\000n\000\040\000p\000a\000t\000c\000h}{section.16.22}% 180
\BOOKMARK [2][-]{subsection.16.22.3}{\376\377\000E\000v\000a\000l\000u\000a\000t\000e\000\040\000r\000e\000p\000e\000a\000t\000e\000d\000\040\000A\000I\000\040\000w\000o\000r\000k\000f\000l\000o\000w\000s}{section.16.22}% 181
\BOOKMARK [2][-]{subsection.16.22.4}{\376\377\000S\000t\000o\000p\000\040\000c\000o\000n\000d\000i\000t\000i\000o\000n\000s\000\040\000a\000r\000e\000\040\000p\000a\000r\000t\000\040\000o\000f\000\040\000v\000e\000r\000i\000f\000i\000c\000a\000t\000i\000o\000n}{section.16.22}% 182
\BOOKMARK [1][-]{section.16.23}{\376\377\0002\0000\000.\000\040\000D\000e\000s\000i\000g\000n\000i\000n\000g\000\040\000A\000I\000-\000n\000a\000t\000i\000v\000e\000\040\000s\000o\000f\000t\000w\000a\000r\000e\000\040\000s\000y\000s\000t\000e\000m\000s}{chapter.16}% 183
\BOOKMARK [2][-]{subsection.16.23.1}{\376\377\000S\000e\000p\000a\000r\000a\000t\000e\000\040\000p\000r\000o\000p\000o\000s\000a\000l\000\040\000f\000r\000o\000m\000\040\000e\000x\000e\000c\000u\000t\000i\000o\000n}{section.16.23}% 184
\BOOKMARK [2][-]{subsection.16.23.2}{\376\377\000G\000i\000v\000e\000\040\000t\000o\000o\000l\000s\000\040\000n\000a\000r\000r\000o\000w\000\040\000s\000c\000h\000e\000m\000a\000s}{section.16.23}% 185
\BOOKMARK [2][-]{subsection.16.23.3}{\376\377\000T\000r\000e\000a\000t\000\040\000r\000e\000t\000r\000i\000e\000v\000a\000l\000\040\000a\000s\000\040\000e\000v\000i\000d\000e\000n\000c\000e\000\040\000s\000e\000l\000e\000c\000t\000i\000o\000n}{section.16.23}% 186
\BOOKMARK [2][-]{subsection.16.23.4}{\376\377\000D\000e\000s\000i\000g\000n\000\040\000f\000o\000r\000\040\000u\000n\000c\000e\000r\000t\000a\000i\000n\000t\000y}{section.16.23}% 187
\BOOKMARK [2][-]{subsection.16.23.5}{\376\377\000O\000b\000s\000e\000r\000v\000e\000\040\000t\000h\000e\000\040\000w\000h\000o\000l\000e\000\040\000l\000o\000o\000p}{section.16.23}% 188
\BOOKMARK [1][-]{section.16.24}{\376\377\0002\0001\000.\000\040\000A\000\040\000t\000h\000i\000r\000t\000y\000-\000d\000a\000y\000\040\000A\000I\000\040\000d\000e\000v\000e\000l\000o\000p\000e\000r\000\040\000p\000r\000a\000c\000t\000i\000c\000e}{chapter.16}% 189
\BOOKMARK [2][-]{subsection.16.24.1}{\376\377\000W\000e\000e\000k\000\040\0001\000:\000\040\000l\000e\000a\000r\000n\000\040\000t\000o\000\040\000s\000p\000e\000c\000i\000f\000y}{section.16.24}% 190
\BOOKMARK [2][-]{subsection.16.24.2}{\376\377\000W\000e\000e\000k\000\040\0002\000:\000\040\000b\000u\000i\000l\000d\000\040\000e\000v\000i\000d\000e\000n\000c\000e\000\040\000l\000o\000o\000p\000s}{section.16.24}% 191
\BOOKMARK [2][-]{subsection.16.24.3}{\376\377\000W\000e\000e\000k\000\040\0003\000:\000\040\000d\000i\000r\000e\000c\000t\000\040\000c\000r\000o\000s\000s\000-\000s\000y\000s\000t\000e\000m\000\040\000c\000h\000a\000n\000g\000e\000s}{section.16.24}% 192
\BOOKMARK [2][-]{subsection.16.24.4}{\376\377\000W\000e\000e\000k\000\040\0004\000:\000\040\000d\000e\000s\000i\000g\000n\000\040\000a\000n\000\040\000A\000I\000-\000n\000a\000t\000i\000v\000e\000\040\000c\000a\000p\000a\000b\000i\000l\000i\000t\000y}{section.16.24}% 193
\BOOKMARK [2][-]{subsection.16.24.5}{\376\377\000G\000r\000a\000d\000u\000a\000t\000i\000o\000n\000\040\000t\000e\000s\000t}{section.16.24}% 194
\BOOKMARK [1][-]{section.16.25}{\376\377\0002\0002\000.\000\040\000T\000h\000e\000\040\000A\000I\000\040\000c\000h\000a\000n\000g\000e\000\040\000c\000o\000n\000t\000r\000a\000c\000t\000\040\000w\000o\000r\000k\000s\000h\000e\000e\000t}{chapter.16}% 195
\BOOKMARK [2][-]{subsection.16.25.1}{\376\377\000O\000u\000t\000c\000o\000m\000e}{section.16.25}% 196
\BOOKMARK [2][-]{subsection.16.25.2}{\376\377\000S\000o\000u\000r\000c\000e\000s\000\040\000a\000n\000d\000\040\000s\000y\000s\000t\000e\000m\000\040\000m\000a\000p}{section.16.25}% 197
\BOOKMARK [2][-]{subsection.16.25.3}{\376\377\000I\000n\000v\000a\000r\000i\000a\000n\000t\000s\000\040\000a\000n\000d\000\040\000a\000u\000t\000h\000o\000r\000i\000t\000y}{section.16.25}% 198
\BOOKMARK [2][-]{subsection.16.25.4}{\376\377\000F\000a\000i\000l\000u\000r\000e\000\040\000b\000e\000h\000a\000v\000i\000o\000r}{section.16.25}% 199
\BOOKMARK [2][-]{subsection.16.25.5}{\376\377\000A\000c\000c\000e\000p\000t\000a\000n\000c\000e\000\040\000e\000v\000i\000d\000e\000n\000c\000e}{section.16.25}% 200
\BOOKMARK [2][-]{subsection.16.25.6}{\376\377\000R\000e\000a\000d\000y\000-\000t\000o\000-\000u\000s\000e\000\040\000p\000r\000o\000m\000p\000t}{section.16.25}% 201
\BOOKMARK [2][-]{subsection.16.25.7}{\376\377\000H\000u\000m\000a\000n\000\040\000s\000i\000g\000n\000-\000o\000f\000f}{section.16.25}% 202
\BOOKMARK [1][-]{section.16.26}{\376\377\0002\0003\000.\000\040\000L\000o\000c\000a\000l\000\040\000i\000n\000t\000e\000l\000l\000i\000g\000e\000n\000c\000e\000\040\000o\000n\000\040\000A\000p\000p\000l\000e\000\040\000s\000i\000l\000i\000c\000o\000n\000:\000\040\000S\000w\000i\000f\000t\000,\000\040\000M\000L\000X\000,\000\040\000a\000n\000d\000\040\000L\000l\000a\000m\000a}{chapter.16}% 203
\BOOKMARK [2][-]{subsection.16.26.1}{\376\377\0002\0003\000.\0001\000\040\000T\000h\000e\000\040\000a\000c\000t\000u\000a\000l\000\040\000C\000e\000r\000e\000b\000r\000o\000\040\000m\000o\000d\000e\000l\000\040\000s\000t\000a\000c\000k}{section.16.26}% 204
\BOOKMARK [2][-]{subsection.16.26.2}{\376\377\0002\0003\000.\0002\000\040\000T\000o\000k\000e\000n\000s\000,\000\040\000c\000o\000n\000t\000e\000x\000t\000,\000\040\000t\000e\000m\000p\000e\000r\000a\000t\000u\000r\000e\000,\000\040\000a\000n\000d\000\040\000h\000a\000l\000l\000u\000c\000i\000n\000a\000t\000i\000o\000n}{section.16.26}% 205
\BOOKMARK [2][-]{subsection.16.26.3}{\376\377\0002\0003\000.\0003\000\040\000L\000l\000a\000m\000a\000\040\000t\000h\000r\000o\000u\000g\000h\000\040\000M\000L\000X\000\040\000v\000e\000r\000s\000u\000s\000\040\000l\000l\000a\000m\000a\000.\000c\000p\000p}{section.16.26}% 206
\BOOKMARK [2][-]{subsection.16.26.4}{\376\377\000L\000a\000b\000:\000\040\000t\000r\000a\000c\000e\000\040\000o\000n\000e\000\040\000l\000o\000c\000a\000l\000\040\000s\000e\000n\000t\000e\000n\000c\000e}{section.16.26}% 207
\BOOKMARK [1][-]{section.16.27}{\376\377\0002\0004\000.\000\040\000G\000i\000v\000i\000n\000g\000\040\000a\000\040\000l\000a\000n\000g\000u\000a\000g\000e\000\040\000m\000o\000d\000e\000l\000\040\000e\000y\000e\000s\000\040\000w\000i\000t\000h\000\040\000M\000L\000X\000V\000L\000M}{chapter.16}% 208
\BOOKMARK [2][-]{subsection.16.27.1}{\376\377\0002\0004\000.\0001\000\040\000S\000a\000m\000p\000l\000i\000n\000g\000\040\000p\000r\000o\000t\000e\000c\000t\000s\000\040\000t\000h\000e\000\040\000c\000a\000m\000e\000r\000a\000\040\000a\000n\000d\000\040\000c\000o\000n\000t\000r\000o\000l\000s}{section.16.27}% 209
\BOOKMARK [2][-]{subsection.16.27.2}{\376\377\0002\0004\000.\0002\000\040\000C\000o\000n\000f\000i\000d\000e\000n\000c\000e\000\040\000i\000s\000\040\000a\000\040\000g\000a\000t\000e\000,\000\040\000n\000o\000t\000\040\000d\000e\000c\000o\000r\000a\000t\000i\000o\000n}{section.16.27}% 210
\BOOKMARK [2][-]{subsection.16.27.3}{\376\377\000L\000a\000b\000:\000\040\000m\000a\000k\000e\000\040\000t\000h\000e\000\040\000v\000i\000s\000i\000o\000n\000\040\000r\000e\000s\000u\000l\000t\000\040\000f\000a\000i\000l\000\040\000s\000a\000f\000e\000l\000y}{section.16.27}% 211
\BOOKMARK [2][-]{subsection.16.27.4}{\376\377\0002\0004\000.\0003\000\040\000L\000e\000a\000r\000n\000i\000n\000g\000\040\000i\000s\000\040\000a\000\040\000r\000e\000l\000e\000a\000s\000e\000\040\000p\000i\000p\000e\000l\000i\000n\000e\000,\000\040\000n\000o\000t\000\040\000a\000\040\000r\000e\000f\000l\000e\000x}{section.16.27}% 212
\BOOKMARK [1][-]{section.16.28}{\376\377\0002\0005\000.\000\040\000I\000m\000p\000l\000e\000m\000e\000n\000t\000i\000n\000g\000\040\000m\000o\000d\000e\000l\000-\000s\000a\000f\000e\000\040\000s\000h\000o\000w\000\040\000l\000o\000g\000i\000c}{chapter.16}% 213
\BOOKMARK [2][-]{subsection.16.28.1}{\376\377\0002\0005\000.\0001\000\040\000H\000o\000w\000\040\000t\000o\000\040\000a\000d\000d\000\040\000a\000\040\000s\000a\000f\000e\000\040\000m\000o\000d\000e\000l\000\040\000c\000u\000e}{section.16.28}% 214
\BOOKMARK [2][-]{subsection.16.28.2}{\376\377\0002\0005\000.\0002\000\040\000A\000\040\000s\000h\000o\000w\000\040\000i\000s\000\040\000a\000\040\000s\000t\000a\000t\000e\000\040\000m\000a\000c\000h\000i\000n\000e}{section.16.28}% 215
\BOOKMARK [2][-]{subsection.16.28.3}{\376\377\000R\000e\000h\000e\000a\000r\000s\000a\000l\000\040\000c\000h\000e\000c\000k\000l\000i\000s\000t}{section.16.28}% 216
\BOOKMARK [1][-]{section.16.29}{\376\377\0002\0006\000.\000\040\000V\000i\000s\000i\000o\000n\000\040\000P\000r\000o\000\040\000a\000s\000\040\000R\000O\000B\000'\000s\000\040\000v\000o\000i\000c\000e\000\040\000a\000n\000d\000\040\000s\000p\000a\000t\000i\000a\000l\000\040\000c\000o\000n\000t\000r\000o\000l\000\040\000d\000e\000s\000k}{chapter.16}% 217
\BOOKMARK [2][-]{subsection.16.29.1}{\376\377\0002\0006\000.\0001\000\040\000D\000e\000m\000o\000n\000s\000t\000r\000a\000t\000i\000n\000g\000\040\000t\000h\000e\000\040\000n\000e\000w\000\040\000c\000o\000n\000t\000r\000o\000l\000s}{section.16.29}% 218
\BOOKMARK [2][-]{subsection.16.29.2}{\376\377\0002\0006\000.\0002\000\040\000T\000h\000e\000\040\000r\000e\000s\000t\000\040\000o\000f\000\040\000t\000h\000e\000\040\000s\000p\000a\000t\000i\000a\000l\000\040\000c\000o\000n\000t\000r\000o\000l\000\040\000p\000a\000t\000h}{section.16.29}% 219
\BOOKMARK [2][-]{subsection.16.29.3}{\376\377\000B\000u\000i\000l\000d\000\040\000e\000x\000e\000r\000c\000i\000s\000e\000:\000\040\000a\000d\000d\000\040\000a\000\040\000t\000h\000i\000r\000d\000\040\000t\000e\000x\000t\000\040\000m\000o\000d\000e\000\040\000w\000i\000t\000h\000o\000u\000t\000\040\000a\000d\000d\000i\000n\000g\000\040\000a\000u\000t\000h\000o\000r\000i\000t\000y}{section.16.29}% 220
\BOOKMARK [1][-]{section.16.30}{\376\377\000E\000p\000i\000l\000o\000g\000u\000e\000:\000\040\000a\000u\000t\000h\000o\000r\000s\000h\000i\000p\000\040\000a\000f\000t\000e\000r\000\040\000a\000c\000c\000e\000l\000e\000r\000a\000t\000i\000o\000n}{chapter.16}% 221
\BOOKMARK [1][-]{section.16.31}{\376\377\000S\000o\000u\000r\000c\000e\000s\000\040\000a\000n\000d\000\040\000f\000u\000r\000t\000h\000e\000r\000\040\000r\000e\000a\000d\000i\000n\000g}{chapter.16}% 222
\BOOKMARK [2][-]{subsection.16.31.1}{\376\377\000R\000e\000p\000o\000s\000i\000t\000o\000r\000y\000\040\000s\000o\000u\000r\000c\000e\000s}{section.16.31}% 223
\BOOKMARK [2][-]{subsection.16.31.2}{\376\377\000O\000f\000f\000i\000c\000i\000a\000l\000\040\000O\000p\000e\000n\000A\000I\000\040\000d\000o\000c\000u\000m\000e\000n\000t\000a\000t\000i\000o\000n}{section.16.31}% 224
\BOOKMARK [-1][-]{part.8}{\376\377\000V\000I\000I\000I\000\040\000A\000M\000B\000E\000R\000\040\000B\0001\000,\000\040\000U\000b\000u\000n\000t\000u\000,\000\040\000C\000A\000N\000,\000\040\000a\000n\000d\000\040\000L\000C\000M}{}% 225
\BOOKMARK [0][-]{chapter.17}{\376\377\000T\000h\000e\000\040\000a\000r\000m\000\040\000s\000y\000s\000t\000e\000m\000\040\000w\000e\000\040\000a\000c\000t\000u\000a\000l\000l\000y\000\040\000h\000a\000v\000e}{part.8}% 226
\BOOKMARK [1][-]{section.17.1}{\376\377\000A\000n\000\040\000e\000v\000i\000d\000e\000n\000c\000e\000\040\000l\000e\000d\000g\000e\000r}{chapter.17}% 227
\BOOKMARK [0][-]{chapter.18}{\376\377\000R\000e\000a\000d\000\040\000t\000h\000e\000\040\000r\000e\000p\000o\000s\000i\000t\000o\000r\000y\000\040\000w\000i\000t\000h\000o\000u\000t\000\040\000c\000o\000p\000y\000i\000n\000g\000\040\000a\000\040\000w\000h\000o\000l\000e\000\040\000c\000o\000m\000p\000u\000t\000e\000r}{part.8}% 228
\BOOKMARK [1][-]{section.18.1}{\376\377\000S\000n\000a\000p\000s\000h\000o\000t\000\040\000r\000e\000c\000o\000r\000d}{chapter.18}% 229
\BOOKMARK [0][-]{chapter.19}{\376\377\000U\000R\000D\000F\000\040\000i\000s\000\040\000a\000\040\000g\000e\000o\000m\000e\000t\000r\000i\000c\000\040\000s\000e\000n\000t\000e\000n\000c\000e}{part.8}% 230
\BOOKMARK [1][-]{section.19.1}{\376\377\000T\000h\000e\000\040\000s\000i\000n\000g\000l\000e\000\040\000B\0001\000\040\000c\000h\000a\000i\000n}{chapter.19}% 231
\BOOKMARK [1][-]{section.19.2}{\376\377\000T\000h\000e\000\040\000d\000u\000a\000l\000\040\000m\000o\000d\000e\000l\000\040\000h\000a\000s\000\040\000a\000\040\000w\000a\000r\000n\000i\000n\000g\000\040\000i\000n\000\040\000i\000t\000s\000\040\000o\000w\000n\000\040\000s\000o\000u\000r\000c\000e}{chapter.19}% 232
\BOOKMARK [0][-]{chapter.20}{\376\377\000M\000e\000a\000s\000u\000r\000e\000\040\000t\000w\000o\000\040\000a\000r\000m\000s\000\040\000i\000n\000t\000o\000\040\000R\000O\000B\000'\000s\000\040\000c\000o\000o\000r\000d\000i\000n\000a\000t\000e\000\040\000s\000y\000s\000t\000e\000m}{part.8}% 233
\BOOKMARK [1][-]{section.20.1}{\376\377\000M\000o\000u\000n\000t\000-\000t\000r\000a\000n\000s\000f\000o\000r\000m\000\040\000w\000o\000r\000k\000s\000h\000e\000e\000t}{chapter.20}% 234
\BOOKMARK [0][-]{chapter.21}{\376\377\000C\000A\000N\000:\000\040\000s\000t\000a\000b\000l\000e\000\040\000i\000d\000e\000n\000t\000i\000t\000y\000\040\000b\000e\000f\000o\000r\000e\000\040\000t\000r\000a\000f\000f\000i\000c}{part.8}% 235
\BOOKMARK [1][-]{section.21.1}{\376\377\000P\000r\000e\000f\000e\000r\000\040\000a\000\040\000d\000e\000t\000e\000r\000m\000i\000n\000i\000s\000t\000i\000c\000\040\000h\000o\000s\000t\000\040\000b\000i\000n\000d\000i\000n\000g}{chapter.21}% 236
\BOOKMARK [1][-]{section.21.2}{\376\377\000C\000A\000N\000\040\000f\000a\000u\000l\000t\000\040\000q\000u\000e\000s\000t\000i\000o\000n\000s}{chapter.21}% 237
\BOOKMARK [0][-]{chapter.22}{\376\377\000C\000A\000N\000\040\000f\000r\000o\000m\000\040\000c\000o\000p\000p\000e\000r\000\040\000t\000o\000\040\000L\000i\000n\000u\000x}{part.8}% 238
\BOOKMARK [1][-]{section.22.1}{\376\377\000W\000h\000a\000t\000\040\000o\000n\000e\000\040\000C\000A\000N\000\040\000f\000r\000a\000m\000e\000\040\000t\000e\000a\000c\000h\000e\000s}{chapter.22}% 239
\BOOKMARK [1][-]{section.22.2}{\376\377\000R\000e\000a\000d\000\040\000t\000h\000e\000\040\000d\000e\000t\000e\000r\000m\000i\000n\000i\000s\000t\000i\000c\000\040\000i\000n\000i\000t\000i\000a\000l\000i\000z\000e\000r\000\040\000l\000i\000n\000e\000\040\000b\000y\000\040\000l\000i\000n\000e}{chapter.22}% 240
\BOOKMARK [0][-]{chapter.23}{\376\377\000C\000o\000n\000f\000i\000g\000u\000r\000e\000\040\000o\000n\000e\000\040\000c\000o\000r\000e\000\040\000p\000e\000r\000\040\000s\000i\000d\000e}{part.8}% 241
\BOOKMARK [0][-]{chapter.24}{\376\377\000T\000h\000e\000\040\000o\000b\000s\000e\000r\000v\000e\000d\000\040\000U\000D\000P\000\040\000p\000r\000o\000t\000o\000c\000o\000l}{part.8}% 242
\BOOKMARK [1][-]{section.24.1}{\376\377\000C\000o\000m\000m\000a\000n\000d\000\040\000c\000a\000t\000a\000l\000o\000g\000u\000e}{chapter.24}% 243
\BOOKMARK [1][-]{section.24.2}{\376\377\000G\000r\000i\000p\000p\000e\000r\000\040\000s\000e\000q\000u\000e\000n\000c\000e}{chapter.24}% 244
\BOOKMARK [1][-]{section.24.3}{\376\377\000P\000r\000o\000t\000o\000c\000o\000l\000\040\000h\000a\000r\000d\000e\000n\000i\000n\000g\000\040\000n\000e\000e\000d\000e\000d}{chapter.24}% 245
\BOOKMARK [0][-]{chapter.25}{\376\377\000L\000C\000M\000\040\000a\000n\000d\000\040\000R\000O\000S\000\040\0002\000\040\000i\000n\000t\000e\000r\000f\000a\000c\000e\000s}{part.8}% 246
\BOOKMARK [0][-]{chapter.26}{\376\377\000L\000C\000M\000\040\000w\000o\000r\000k\000s\000h\000o\000p\000:\000\040\000s\000c\000h\000e\000m\000a\000,\000\040\000g\000e\000n\000e\000r\000a\000t\000e\000d\000\040\000c\000o\000d\000e\000,\000\040\000a\000n\000d\000\040\000t\000h\000e\000\040\000P\000y\000t\000h\000o\000n\000\040\000b\000r\000i\000d\000g\000e}{part.8}% 247
\BOOKMARK [1][-]{section.26.1}{\376\377\000F\000o\000l\000l\000o\000w\000\040\000o\000n\000e\000\040\000s\000t\000a\000t\000u\000s\000\040\000s\000a\000m\000p\000l\000e\000\040\000e\000n\000d\000\040\000t\000o\000\040\000e\000n\000d}{chapter.26}% 248
\BOOKMARK [0][-]{chapter.27}{\376\377\000U\000n\000d\000e\000r\000s\000t\000a\000n\000d\000\040\000t\000h\000e\000\040\000U\000b\000u\000n\000t\000u\000\040\000s\000e\000r\000v\000i\000c\000e\000s}{part.8}% 249
\BOOKMARK [0][-]{chapter.28}{\376\377\000T\000h\000e\000\040\000h\000a\000r\000d\000e\000n\000e\000d\000\040\000C\000e\000r\000e\000b\000r\000o\000-\000t\000o\000-\000A\000M\000B\000E\000R\000\040\000g\000a\000t\000e\000w\000a\000y}{part.8}% 250
\BOOKMARK [1][-]{section.28.1}{\376\377\000A\000\040\000s\000a\000f\000e\000\040\000c\000o\000d\000e\000-\000r\000e\000a\000d\000i\000n\000g\000\040\000l\000a\000b}{chapter.28}% 251
\BOOKMARK [0][-]{chapter.29}{\376\377\000B\000u\000i\000l\000d\000\040\000a\000\040\000c\000l\000e\000a\000n\000\040\000U\000b\000u\000n\000t\000u\000\040\000r\000u\000n\000t\000i\000m\000e}{part.8}% 252
\BOOKMARK [1][-]{section.29.1}{\376\377\000R\000e\000p\000r\000o\000d\000u\000c\000t\000i\000o\000n\000\040\000p\000r\000o\000c\000e\000d\000u\000r\000e}{chapter.29}% 253
\BOOKMARK [1][-]{section.29.2}{\376\377\000S\000e\000r\000v\000i\000c\000e\000\040\000o\000r\000d\000e\000r}{chapter.29}% 254
\BOOKMARK [0][-]{chapter.30}{\376\377\000A\000\040\000s\000t\000a\000t\000u\000s\000-\000o\000n\000l\000y\000\040\000P\000y\000t\000h\000o\000n\000\040\000l\000e\000s\000s\000o\000n}{part.8}% 255
\BOOKMARK [0][-]{chapter.31}{\376\377\000C\000o\000m\000m\000i\000s\000s\000i\000o\000n\000\040\000f\000r\000o\000m\000\040\000n\000o\000\040\000m\000o\000t\000i\000o\000n\000\040\000t\000o\000\040\000b\000o\000u\000n\000d\000e\000d\000\040\000m\000o\000t\000i\000o\000n}{part.8}% 256
\BOOKMARK [1][-]{section.31.1}{\376\377\000G\000a\000t\000e\000\040\0000\000:\000\040\000p\000a\000p\000e\000r\000\040\000r\000e\000v\000i\000e\000w}{chapter.31}% 257
\BOOKMARK [1][-]{section.31.2}{\376\377\000G\000a\000t\000e\000\040\0001\000:\000\040\000p\000o\000w\000e\000r\000\040\000i\000s\000o\000l\000a\000t\000e\000d}{chapter.31}% 258
\BOOKMARK [1][-]{section.31.3}{\376\377\000G\000a\000t\000e\000\040\0002\000:\000\040\000s\000t\000a\000t\000u\000s\000\040\000o\000n\000l\000y}{chapter.31}% 259
\BOOKMARK [1][-]{section.31.4}{\376\377\000G\000a\000t\000e\000\040\0003\000:\000\040\000s\000u\000p\000p\000o\000r\000t\000e\000d\000,\000\040\000t\000o\000r\000q\000u\000e\000-\000l\000i\000m\000i\000t\000e\000d\000\040\000j\000o\000i\000n\000t\000\040\000i\000d\000e\000n\000t\000i\000f\000i\000c\000a\000t\000i\000o\000n}{chapter.31}% 260
\BOOKMARK [1][-]{section.31.5}{\376\377\000G\000a\000t\000e\000\040\0004\000:\000\040\000m\000o\000d\000e\000l\000\040\000a\000g\000r\000e\000e\000m\000e\000n\000t}{chapter.31}% 261
\BOOKMARK [1][-]{section.31.6}{\376\377\000G\000a\000t\000e\000\040\0005\000:\000\040\000i\000n\000d\000e\000p\000e\000n\000d\000e\000n\000t\000\040\000s\000i\000n\000g\000l\000e\000-\000a\000r\000m\000\040\000e\000n\000v\000e\000l\000o\000p\000e\000s}{chapter.31}% 262
\BOOKMARK [1][-]{section.31.7}{\376\377\000G\000a\000t\000e\000\040\0006\000:\000\040\000d\000u\000a\000l\000-\000a\000r\000m\000\040\000c\000o\000o\000r\000d\000i\000n\000a\000t\000i\000o\000n}{chapter.31}% 263
\BOOKMARK [0][-]{chapter.32}{\376\377\000D\000i\000a\000g\000n\000o\000s\000e\000\040\000b\000y\000\040\000l\000a\000y\000e\000r}{part.8}% 264
\BOOKMARK [0][-]{chapter.33}{\376\377\000C\000o\000n\000n\000e\000c\000t\000\040\000t\000h\000e\000\040\000a\000r\000m\000s\000\040\000t\000o\000\040\000C\000e\000r\000e\000b\000r\000o\000\040\000r\000e\000s\000p\000o\000n\000s\000i\000b\000l\000y}{part.8}% 265
\BOOKMARK [0][-]{chapter.34}{\376\377\000W\000h\000a\000t\000\040\000r\000e\000m\000a\000i\000n\000s\000\040\000u\000n\000k\000n\000o\000w\000n}{part.8}% 266
\BOOKMARK [0][-]{chapter.35}{\376\377\000R\000e\000p\000r\000o\000d\000u\000c\000t\000i\000o\000n\000\040\000a\000c\000c\000e\000p\000t\000a\000n\000c\000e\000\040\000s\000h\000e\000e\000t}{part.8}% 267
\BOOKMARK [0][-]{chapter.36}{\376\377\000T\000e\000a\000c\000h\000\040\000i\000t\000\040\000a\000s\000\040\000a\000\040\000s\000y\000s\000t\000e\000m\000s\000\040\000l\000e\000s\000s\000o\000n}{part.8}% 268
\BOOKMARK [-1][-]{part.9}{\376\377\000I\000X\000\040\000V\000i\000s\000i\000o\000n\000\040\000P\000r\000o\000\040\000c\000o\000n\000t\000r\000o\000l\000\040\000a\000n\000d\000\040\000m\000e\000d\000i\000a\000\040\000c\000l\000i\000e\000n\000t}{}% 269
\BOOKMARK [0][-]{chapter.37}{\376\377\000R\000e\000a\000d\000\040\000t\000h\000i\000s\000\040\000b\000o\000o\000k\000\040\000w\000i\000t\000h\000\040\000t\000h\000e\000\040\000r\000e\000p\000o\000s\000i\000t\000o\000r\000y\000\040\000o\000p\000e\000n}{part.9}% 270
\BOOKMARK [0][-]{chapter.38}{\376\377\000S\000t\000a\000r\000t\000\040\000w\000i\000t\000h\000\040\000t\000h\000e\000\040\000b\000u\000i\000l\000d\000\040\000g\000r\000a\000p\000h}{part.9}% 271
\BOOKMARK [1][-]{section.38.1}{\376\377\000R\000e\000p\000r\000o\000d\000u\000c\000e\000\040\000t\000h\000e\000\040\000b\000u\000i\000l\000d}{chapter.38}% 272
\BOOKMARK [0][-]{chapter.39}{\376\377\000C\000o\000m\000p\000o\000s\000e\000\040\000t\000h\000e\000\040\000a\000p\000p\000l\000i\000c\000a\000t\000i\000o\000n\000\040\000a\000t\000\040\000o\000n\000e\000\040\000o\000b\000v\000i\000o\000u\000s\000\040\000b\000o\000u\000n\000d\000a\000r\000y}{part.9}% 273
\BOOKMARK [0][-]{chapter.40}{\376\377\000U\000s\000e\000\040\000O\000b\000s\000e\000r\000v\000a\000t\000i\000o\000n\000\040\000w\000i\000t\000h\000o\000u\000t\000\040\000t\000u\000r\000n\000i\000n\000g\000\040\000e\000v\000e\000r\000y\000t\000h\000i\000n\000g\000\040\000i\000n\000t\000o\000\040\000U\000I\000\040\000s\000t\000a\000t\000e}{part.9}% 274
\BOOKMARK [0][-]{chapter.41}{\376\377\000M\000a\000k\000e\000\040\000l\000i\000f\000e\000c\000y\000c\000l\000e\000\040\000c\000a\000n\000c\000e\000l\000l\000a\000t\000i\000o\000n\000\040\000e\000x\000p\000l\000i\000c\000i\000t}{part.9}% 275
\BOOKMARK [0][-]{chapter.42}{\376\377\000P\000u\000t\000\040\000t\000h\000e\000\040\000s\000t\000a\000t\000e\000\040\000m\000a\000c\000h\000i\000n\000e\000\040\000i\000n\000\040\000a\000n\000\040\000a\000c\000t\000o\000r}{part.9}% 276
\BOOKMARK [0][-]{chapter.43}{\376\377\000D\000e\000f\000i\000n\000e\000\040\000a\000\040\000d\000o\000m\000a\000i\000n\000\040\000p\000r\000o\000t\000o\000c\000o\000l\000\040\000b\000e\000f\000o\000r\000e\000\040\000a\000\040\000w\000i\000r\000e\000\040\000f\000o\000r\000m\000a\000t}{part.9}% 277
\BOOKMARK [0][-]{chapter.44}{\376\377\000T\000r\000e\000a\000t\000\040\000d\000e\000a\000d\000-\000m\000a\000n\000\040\000l\000o\000g\000i\000c\000\040\000a\000s\000\040\000a\000\040\000p\000u\000r\000e\000\040\000d\000e\000c\000i\000s\000i\000o\000n\000\040\000f\000u\000n\000c\000t\000i\000o\000n}{part.9}% 278
\BOOKMARK [0][-]{chapter.45}{\376\377\000T\000r\000a\000n\000s\000l\000a\000t\000e\000\040\000c\000o\000n\000t\000r\000o\000l\000l\000e\000r\000\040\000h\000a\000r\000d\000w\000a\000r\000e\000\040\000i\000n\000t\000o\000\040\000o\000n\000e\000\040\000s\000a\000m\000p\000l\000e}{part.9}% 279
\BOOKMARK [1][-]{section.45.1}{\376\377\000C\000o\000m\000b\000i\000n\000e\000\040\000t\000w\000o\000\040\000c\000o\000n\000t\000r\000o\000l\000l\000e\000r\000s\000\040\000c\000a\000r\000e\000f\000u\000l\000l\000y}{chapter.45}% 280
\BOOKMARK [0][-]{chapter.46}{\376\377\000C\000o\000n\000v\000e\000r\000t\000\040\000t\000a\000n\000k\000\040\000d\000r\000i\000v\000e\000\040\000w\000i\000t\000h\000o\000u\000t\000\040\000l\000o\000s\000i\000n\000g\000\040\000i\000n\000f\000o\000r\000m\000a\000t\000i\000o\000n}{part.9}% 281
\BOOKMARK [0][-]{chapter.47}{\376\377\000T\000r\000a\000c\000k\000\040\000h\000e\000a\000d\000\040\000o\000r\000i\000e\000n\000t\000a\000t\000i\000o\000n\000\040\000r\000e\000l\000a\000t\000i\000v\000e\000\040\000t\000o\000\040\000c\000o\000n\000s\000e\000n\000t}{part.9}% 282
\BOOKMARK [0][-]{chapter.48}{\376\377\000U\000n\000d\000e\000r\000s\000t\000a\000n\000d\000\040\000c\000o\000n\000t\000r\000o\000l\000l\000e\000r\000\040\000p\000o\000s\000e\000\040\000a\000s\000\040\000t\000e\000l\000e\000m\000e\000t\000r\000y\000,\000\040\000n\000o\000t\000\040\000a\000u\000t\000h\000o\000r\000i\000t\000y}{part.9}% 283
\BOOKMARK [0][-]{chapter.49}{\376\377\000J\000o\000g\000\040\000t\000w\000o\000\040\000A\000M\000B\000E\000R\000\040\000a\000r\000m\000s\000\040\000w\000i\000t\000h\000o\000u\000t\000\040\000p\000r\000e\000t\000e\000n\000d\000i\000n\000g\000\040\000c\000o\000n\000t\000r\000o\000l\000l\000e\000r\000\040\000p\000o\000s\000e\000\040\000i\000s\000\040\000i\000n\000v\000e\000r\000s\000e\000\040\000k\000i\000n\000e\000m\000a\000t\000i\000c\000s}{part.9}% 284
\BOOKMARK [0][-]{chapter.50}{\376\377\000D\000e\000s\000i\000g\000n\000\040\000p\000r\000e\000s\000s\000-\000a\000n\000d\000-\000h\000o\000l\000d\000\040\000s\000p\000a\000t\000i\000a\000l\000\040\000c\000o\000n\000t\000r\000o\000l\000s}{part.9}% 285
\BOOKMARK [0][-]{chapter.51}{\376\377\000M\000a\000k\000e\000\040\000c\000o\000n\000t\000r\000o\000l\000l\000e\000r\000\040\000o\000w\000n\000e\000r\000s\000h\000i\000p\000\040\000v\000i\000s\000i\000b\000l\000e\000\040\000a\000n\000d\000\040\000t\000r\000a\000n\000s\000f\000e\000r\000a\000b\000l\000e}{part.9}% 286
\BOOKMARK [0][-]{chapter.52}{\376\377\000P\000a\000i\000r\000\040\000i\000d\000e\000n\000t\000i\000t\000y\000,\000\040\000n\000o\000t\000\040\000m\000e\000r\000e\000l\000y\000\040\000a\000n\000\040\000a\000d\000d\000r\000e\000s\000s}{part.9}% 287
\BOOKMARK [0][-]{chapter.53}{\376\377\000S\000e\000p\000a\000r\000a\000t\000e\000\040\000c\000o\000n\000t\000r\000o\000l\000\040\000a\000n\000d\000\040\000v\000i\000d\000e\000o\000\040\000f\000a\000i\000l\000u\000r\000e\000\040\000d\000o\000m\000a\000i\000n\000s}{part.9}% 288
\BOOKMARK [0][-]{chapter.54}{\376\377\000N\000e\000g\000o\000t\000i\000a\000t\000e\000\040\000v\000i\000d\000e\000o\000\040\000b\000e\000f\000o\000r\000e\000\040\000a\000l\000l\000o\000c\000a\000t\000i\000n\000g\000\040\000a\000\040\000d\000e\000c\000o\000d\000e\000r}{part.9}% 289
\BOOKMARK [0][-]{chapter.55}{\376\377\000F\000r\000a\000m\000e\000\040\000o\000r\000d\000e\000r\000e\000d\000\040\000Q\000U\000I\000C\000\040\000v\000i\000d\000e\000o\000\040\000d\000e\000f\000e\000n\000s\000i\000v\000e\000l\000y}{part.9}% 290
\BOOKMARK [0][-]{chapter.56}{\376\377\000C\000a\000r\000r\000y\000\040\000c\000o\000d\000e\000c\000\040\000c\000o\000n\000f\000i\000g\000u\000r\000a\000t\000i\000o\000n\000\040\000a\000n\000d\000\040\000a\000c\000c\000e\000s\000s\000\040\000u\000n\000i\000t\000s\000\040\000e\000x\000p\000l\000i\000c\000i\000t\000l\000y}{part.9}% 291
\BOOKMARK [0][-]{chapter.57}{\376\377\000D\000e\000c\000o\000d\000e\000\040\000w\000i\000t\000h\000o\000u\000t\000\040\000b\000l\000o\000c\000k\000i\000n\000g\000\040\000c\000o\000n\000t\000r\000o\000l\000\040\000o\000r\000\040\000t\000h\000e\000\040\000m\000a\000i\000n\000\040\000a\000c\000t\000o\000r}{part.9}% 292
\BOOKMARK [0][-]{chapter.58}{\376\377\000P\000r\000e\000s\000e\000n\000t\000\040\000t\000h\000r\000e\000e\000\040\000A\000V\000F\000o\000u\000n\000d\000a\000t\000i\000o\000n\000\040\000f\000e\000e\000d\000s\000\040\000i\000n\000s\000i\000d\000e\000\040\000S\000w\000i\000f\000t\000U\000I}{part.9}% 293
\BOOKMARK [1][-]{section.58.1}{\376\377\000P\000u\000t\000\040\000t\000h\000e\000\040\000p\000a\000n\000o\000r\000a\000m\000a\000\040\000i\000n\000s\000i\000d\000e\000\040\000a\000\040\000m\000i\000x\000e\000d\000-\000i\000m\000m\000e\000r\000s\000i\000v\000e\000\040\000s\000p\000h\000e\000r\000e}{chapter.58}% 294
\BOOKMARK [0][-]{chapter.59}{\376\377\000U\000n\000d\000e\000r\000s\000t\000a\000n\000d\000\040\000a\000u\000d\000i\000o\000:\000\040\000c\000a\000p\000t\000u\000r\000e\000\040\000l\000o\000c\000a\000l\000l\000y\000,\000\040\000t\000r\000a\000n\000s\000m\000i\000t\000\040\000t\000e\000x\000t}{part.9}% 295
\BOOKMARK [1][-]{section.59.1}{\376\377\000C\000o\000m\000m\000a\000n\000d\000\040\000v\000e\000r\000s\000u\000s\000\040\000p\000u\000p\000p\000e\000t\000\040\000s\000p\000e\000e\000c\000h}{chapter.59}% 296
\BOOKMARK [1][-]{section.59.2}{\376\377\000I\000f\000\040\000t\000r\000u\000e\000\040\000a\000u\000d\000i\000o\000\040\000s\000t\000r\000e\000a\000m\000i\000n\000g\000\040\000i\000s\000\040\000a\000d\000d\000e\000d\000\040\000l\000a\000t\000e\000r}{chapter.59}% 297
\BOOKMARK [0][-]{chapter.60}{\376\377\000D\000e\000c\000l\000a\000r\000e\000\040\000p\000r\000i\000v\000a\000c\000y\000\040\000a\000n\000d\000\040\000d\000e\000v\000i\000c\000e\000\040\000c\000a\000p\000a\000b\000i\000l\000i\000t\000i\000e\000s}{part.9}% 298
\BOOKMARK [0][-]{chapter.61}{\376\377\000D\000e\000s\000i\000g\000n\000\040\000f\000a\000i\000l\000u\000r\000e\000s\000\040\000a\000s\000\040\000o\000r\000d\000i\000n\000a\000r\000y\000\040\000s\000t\000a\000t\000e\000s}{part.9}% 299
\BOOKMARK [0][-]{chapter.62}{\376\377\000T\000e\000s\000t\000\040\000t\000h\000e\000\040\000p\000a\000c\000k\000a\000g\000e\000\040\000i\000n\000\040\000l\000a\000y\000e\000r\000s}{part.9}% 300
\BOOKMARK [0][-]{chapter.63}{\376\377\000D\000e\000b\000u\000g\000\040\000w\000i\000t\000h\000o\000u\000t\000\040\000d\000r\000o\000w\000n\000i\000n\000g\000\040\000X\000c\000o\000d\000e}{part.9}% 301
\BOOKMARK [0][-]{chapter.64}{\376\377\000A\000d\000d\000\040\000a\000\040\000f\000e\000a\000t\000u\000r\000e\000\040\000w\000i\000t\000h\000o\000u\000t\000\040\000b\000r\000e\000a\000k\000i\000n\000g\000\040\000a\000u\000t\000h\000o\000r\000i\000t\000y}{part.9}% 302
\BOOKMARK [0][-]{chapter.65}{\376\377\000S\000w\000i\000f\000t\000\040\000t\000e\000c\000h\000n\000i\000q\000u\000e\000s\000\040\000w\000o\000r\000t\000h\000\040\000c\000a\000r\000r\000y\000i\000n\000g\000\040\000e\000l\000s\000e\000w\000h\000e\000r\000e}{part.9}% 303
\BOOKMARK [0][-]{chapter.66}{\376\377\000P\000r\000o\000d\000u\000c\000t\000i\000o\000n\000\040\000r\000e\000v\000i\000e\000w\000\040\000c\000h\000e\000c\000k\000l\000i\000s\000t}{part.9}% 304
\BOOKMARK [0][-]{chapter.67}{\376\377\000F\000i\000l\000e\000-\000b\000y\000-\000f\000i\000l\000e\000\040\000r\000e\000a\000d\000i\000n\000g\000\040\000o\000r\000d\000e\000r}{part.9}% 305
\BOOKMARK [0][-]{chapter.68}{\376\377\000C\000l\000o\000s\000i\000n\000g\000\040\000p\000r\000i\000n\000c\000i\000p\000l\000e}{part.9}% 306
\BOOKMARK [-1][-]{part.10}{\376\377\000X\000\040\000C\000e\000r\000e\000b\000r\000o\000\040\000p\000e\000r\000c\000e\000p\000t\000i\000o\000n\000,\000\040\000m\000o\000d\000e\000l\000s\000,\000\040\000a\000n\000d\000\040\000H\000.\0002\0006\0004}{}% 307
\BOOKMARK [0][-]{chapter.69}{\376\377\000R\000e\000a\000d\000\040\000C\000e\000r\000e\000b\000r\000o\000\040\000a\000s\000\040\000a\000\040\000l\000i\000v\000i\000n\000g\000\040\000r\000o\000b\000o\000t\000\040\000s\000y\000s\000t\000e\000m}{part.10}% 308
\BOOKMARK [0][-]{chapter.70}{\376\377\000R\000e\000c\000o\000v\000e\000r\000\040\000C\000e\000r\000e\000b\000r\000o\000'\000s\000\040\000p\000r\000e\000-\000v\0005\000\040\000l\000i\000n\000e\000a\000g\000e}{part.10}% 309
\BOOKMARK [1][-]{section.70.1}{\376\377\000v\0001\000:\000\040\000t\000h\000e\000\040\000s\000e\000r\000i\000a\000l\000\040\000n\000e\000r\000v\000o\000u\000s\000\040\000s\000y\000s\000t\000e\000m}{chapter.70}% 310
\BOOKMARK [1][-]{section.70.2}{\376\377\000v\0002\000:\000\040\000v\000o\000i\000c\000e\000,\000\040\000m\000u\000l\000t\000i\000p\000l\000e\000\040\000b\000o\000d\000i\000e\000s\000,\000\040\000a\000n\000d\000\040\000e\000x\000p\000e\000r\000i\000m\000e\000n\000t\000a\000l\000\040\000s\000e\000n\000s\000e\000s}{chapter.70}% 311
\BOOKMARK [1][-]{section.70.3}{\376\377\000v\0003\000:\000\040\000a\000r\000b\000i\000t\000r\000a\000t\000i\000o\000n\000\040\000b\000e\000c\000o\000m\000e\000s\000\040\000a\000\040\000r\000e\000q\000u\000i\000r\000e\000m\000e\000n\000t}{chapter.70}% 312
\BOOKMARK [1][-]{section.70.4}{\376\377\000v\0004\000\040\000a\000n\000d\000\040\000v\0005\000:\000\040\000m\000i\000g\000r\000a\000t\000i\000o\000n\000\040\000i\000s\000\040\000n\000o\000t\000\040\000i\000n\000v\000e\000n\000t\000i\000o\000n}{chapter.70}% 313
\BOOKMARK [1][-]{section.70.5}{\376\377\000P\000r\000e\000s\000e\000r\000v\000e\000\040\000e\000v\000i\000d\000e\000n\000c\000e\000\040\000w\000h\000i\000l\000e\000\040\000m\000o\000d\000e\000r\000n\000i\000z\000i\000n\000g}{chapter.70}% 314
\BOOKMARK [0][-]{chapter.71}{\376\377\000M\000a\000p\000\040\000t\000h\000e\000\040\000m\000i\000x\000e\000d\000-\000l\000a\000n\000g\000u\000a\000g\000e\000\040\000a\000r\000c\000h\000i\000t\000e\000c\000t\000u\000r\000e}{part.10}% 315
\BOOKMARK [0][-]{chapter.72}{\376\377\000R\000e\000p\000r\000o\000d\000u\000c\000e\000\040\000t\000h\000e\000\040\000b\000u\000i\000l\000d\000\040\000b\000e\000f\000o\000r\000e\000\040\000c\000h\000a\000n\000g\000i\000n\000g\000\040\000b\000e\000h\000a\000v\000i\000o\000r}{part.10}% 316
\BOOKMARK [0][-]{chapter.73}{\376\377\000E\000n\000t\000e\000r\000\040\000t\000h\000r\000o\000u\000g\000h\000\040\000A\000p\000p\000D\000e\000l\000e\000g\000a\000t\000e\000,\000\040\000t\000h\000e\000n\000\040\000f\000i\000n\000d\000\040\000o\000w\000n\000e\000r\000s\000h\000i\000p}{part.10}% 317
\BOOKMARK [0][-]{chapter.74}{\376\377\000D\000i\000s\000s\000e\000c\000t\000\040\000R\000O\000B\000S\000e\000r\000i\000a\000l\000B\000o\000x\000:\000\040\000t\000h\000e\000\040\000h\000a\000r\000d\000w\000a\000r\000e\000\040\000b\000o\000u\000n\000d\000a\000r\000y}{part.10}% 318
\BOOKMARK [1][-]{section.74.1}{\376\377\000F\000i\000l\000e\000\040\000d\000e\000s\000c\000r\000i\000p\000t\000o\000r\000s\000\040\000a\000r\000e\000\040\000s\000t\000a\000t\000e\000\040\000m\000a\000c\000h\000i\000n\000e\000s}{chapter.74}% 319
\BOOKMARK [0][-]{chapter.75}{\376\377\000D\000i\000s\000c\000o\000v\000e\000r\000\040\000t\000h\000e\000\040\000B\000a\000s\000e\000\040\000A\000r\000d\000u\000i\000n\000o\000\040\000b\000y\000\040\000f\000i\000r\000m\000w\000a\000r\000e\000\040\000r\000e\000s\000p\000o\000n\000s\000e}{part.10}% 320
\BOOKMARK [1][-]{section.75.1}{\376\377\000P\000a\000r\000s\000e\000\040\000l\000i\000n\000e\000s\000\040\000b\000e\000f\000o\000r\000e\000\040\000i\000n\000t\000e\000r\000p\000r\000e\000t\000i\000n\000g\000\040\000m\000e\000a\000n\000i\000n\000g}{chapter.75}% 321
\BOOKMARK [0][-]{chapter.76}{\376\377\000S\000e\000p\000a\000r\000a\000t\000e\000\040\000d\000e\000v\000i\000c\000e\000s\000\040\000b\000y\000\040\000i\000d\000e\000n\000t\000i\000t\000y\000\040\000a\000n\000d\000\040\000p\000r\000o\000t\000o\000c\000o\000l}{part.10}% 322
\BOOKMARK [0][-]{chapter.77}{\376\377\000T\000r\000a\000n\000s\000l\000a\000t\000e\000\040\000c\000o\000n\000t\000r\000o\000l\000l\000e\000r\000\040\000i\000n\000t\000e\000n\000t\000\040\000w\000i\000t\000h\000o\000u\000t\000\040\000e\000x\000t\000e\000n\000d\000i\000n\000g\000\040\000s\000t\000a\000l\000e\000\040\000m\000o\000t\000i\000o\000n}{part.10}% 323
\BOOKMARK [0][-]{chapter.78}{\376\377\000C\000o\000n\000t\000r\000o\000l\000\040\000M\000a\000e\000s\000t\000r\000o\000\040\000n\000e\000c\000k\000\040\000s\000e\000r\000v\000o\000s\000\040\000a\000n\000d\000\040\000T\000i\000c\000\040\000t\000o\000r\000s\000o\000\040\000r\000o\000t\000a\000t\000i\000o\000n}{part.10}% 324
\BOOKMARK [0][-]{chapter.79}{\376\377\000B\000r\000i\000d\000g\000e\000\040\000O\000b\000j\000e\000c\000t\000i\000v\000e\000-\000C\000\040\000a\000n\000d\000\040\000S\000w\000i\000f\000t\000\040\000d\000e\000l\000i\000b\000e\000r\000a\000t\000e\000l\000y}{part.10}% 325
\BOOKMARK [0][-]{chapter.80}{\376\377\000C\000a\000p\000t\000u\000r\000e\000\040\000R\000G\000B\000\040\000w\000i\000t\000h\000\040\000A\000V\000F\000o\000u\000n\000d\000a\000t\000i\000o\000n}{part.10}% 326
\BOOKMARK [0][-]{chapter.81}{\376\377\000A\000c\000q\000u\000i\000r\000e\000\040\000a\000l\000i\000g\000n\000e\000d\000\040\000R\000G\000B\000-\000D\000\040\000f\000r\000o\000m\000\040\000L\000u\000x\000o\000n\000i\000s}{part.10}% 327
\BOOKMARK [1][-]{section.81.1}{\376\377\000S\000e\000p\000a\000r\000a\000t\000e\000\040\000h\000o\000s\000t\000\040\000i\000n\000f\000e\000r\000e\000n\000c\000e\000\040\000f\000r\000o\000m\000\040\000O\000A\000K\000\040\000i\000n\000f\000e\000r\000e\000n\000c\000e}{chapter.81}% 328
\BOOKMARK [1][-]{section.81.2}{\376\377\000U\000n\000d\000e\000r\000s\000t\000a\000n\000d\000\040\000a\000l\000i\000g\000n\000m\000e\000n\000t}{chapter.81}% 329
\BOOKMARK [0][-]{chapter.82}{\376\377\000B\000u\000i\000l\000d\000\040\000a\000\040\000b\000o\000u\000n\000d\000e\000d\000\040\000p\000e\000r\000c\000e\000p\000t\000i\000o\000n\000\040\000p\000i\000p\000e\000l\000i\000n\000e}{part.10}% 330
\BOOKMARK [0][-]{chapter.83}{\376\377\000R\000e\000n\000d\000e\000r\000\040\000p\000e\000r\000c\000e\000p\000t\000i\000o\000n\000\040\000w\000i\000t\000h\000o\000u\000t\000\040\000l\000e\000a\000k\000i\000n\000g\000\040\000m\000e\000m\000o\000r\000y}{part.10}% 331
\BOOKMARK [0][-]{chapter.84}{\376\377\000T\000u\000r\000n\000\040\000o\000b\000s\000e\000r\000v\000a\000t\000i\000o\000n\000s\000\040\000i\000n\000t\000o\000\040\000S\000c\000e\000n\000e\000S\000n\000a\000p\000s\000h\000o\000t}{part.10}% 332
\BOOKMARK [0][-]{chapter.85}{\376\377\000R\000u\000n\000\040\000M\000L\000X\000\040\000p\000r\000i\000v\000a\000t\000e\000l\000y\000\040\000o\000n\000\040\000A\000p\000p\000l\000e\000\040\000s\000i\000l\000i\000c\000o\000n}{part.10}% 333
\BOOKMARK [1][-]{section.85.1}{\376\377\000M\000L\000X\000\040\000V\000L\000M\040\024\000s\000o\000m\000e\000t\000i\000m\000e\000s\000\040\000a\000b\000b\000r\000e\000v\000i\000a\000t\000e\000d\000\040\000i\000n\000c\000o\000r\000r\000e\000c\000t\000l\000y\000\040\000a\000s\000\040\000V\000L\000X}{chapter.85}% 334
\BOOKMARK [0][-]{chapter.86}{\376\377\000R\000e\000a\000d\000\040\000t\000h\000e\000\040\000M\000L\000X\000\040\000e\000x\000e\000c\000u\000t\000i\000o\000n\000\040\000p\000a\000t\000h\000\040\000l\000i\000n\000e\000\040\000b\000y\000\040\000l\000i\000n\000e}{part.10}% 335
\BOOKMARK [0][-]{chapter.87}{\376\377\000T\000e\000a\000c\000h\000\040\000R\000O\000B\000\040\000t\000o\000\040\000r\000e\000c\000o\000g\000n\000i\000z\000e\000\040\000a\000\040\000n\000e\000w\000\040\000o\000b\000j\000e\000c\000t\000\040\000w\000i\000t\000h\000o\000u\000t\000\040\000t\000e\000a\000c\000h\000i\000n\000g\000\040\000i\000t\000\040\000t\000o\000\040\000t\000r\000u\000s\000t\000\040\000i\000t\000s\000e\000l\000f}{part.10}% 336
\BOOKMARK [1][-]{section.87.1}{\376\377\000A\000\040\000s\000a\000f\000e\000\040\000f\000u\000t\000u\000r\000e\000\040\000l\000e\000a\000r\000n\000i\000n\000g\000\040\000a\000r\000c\000h\000i\000t\000e\000c\000t\000u\000r\000e}{chapter.87}% 337
\BOOKMARK [0][-]{chapter.88}{\376\377\000R\000e\000c\000o\000r\000d\000\040\000t\000r\000a\000i\000n\000i\000n\000g\000\040\000e\000v\000i\000d\000e\000n\000c\000e\000\040\000w\000i\000t\000h\000o\000u\000t\000\040\000l\000e\000t\000t\000i\000n\000g\000\040\000a\000u\000t\000o\000n\000o\000m\000y\000\040\000l\000a\000b\000e\000l\000\040\000i\000t\000s\000e\000l\000f}{part.10}% 338
\BOOKMARK [0][-]{chapter.89}{\376\377\000R\000e\000c\000o\000g\000n\000i\000z\000e\000\040\000a\000\040\000c\000o\000n\000s\000e\000n\000t\000e\000d\000\040\000f\000a\000c\000e\000\040\000w\000i\000t\000h\000o\000u\000t\000\040\000c\000o\000n\000v\000e\000r\000t\000i\000n\000g\000\040\000i\000d\000e\000n\000t\000i\000t\000y\000\040\000i\000n\000t\000o\000\040\000a\000u\000t\000h\000o\000r\000i\000t\000y}{part.10}% 339
\BOOKMARK [1][-]{section.89.1}{\376\377\000U\000s\000e\000\040\000t\000h\000e\000\040\000s\000e\000l\000e\000c\000t\000e\000d\000\040\000A\000d\000a\000F\000a\000c\000e\000\040\000e\000n\000c\000o\000d\000e\000r\000\040\000c\000o\000n\000s\000i\000s\000t\000e\000n\000t\000l\000y}{chapter.89}% 340
\BOOKMARK [0][-]{chapter.90}{\376\377\000A\000d\000d\000\040\000b\000o\000u\000n\000d\000e\000d\000\040\000s\000e\000m\000a\000n\000t\000i\000c\000\040\000m\000e\000m\000o\000r\000y}{part.10}% 341
\BOOKMARK [0][-]{chapter.91}{\376\377\000C\000o\000n\000s\000t\000r\000a\000i\000n\000\040\000l\000o\000c\000a\000l\000\040\000m\000o\000d\000e\000l\000\040\000o\000u\000t\000p\000u\000t}{part.10}% 342
\BOOKMARK [0][-]{chapter.92}{\376\377\000I\000n\000t\000e\000g\000r\000a\000t\000e\000\040\000G\000e\000m\000i\000n\000i\000\040\000L\000i\000v\000e\000\040\000w\000i\000t\000h\000o\000u\000t\000\040\000c\000o\000u\000p\000l\000i\000n\000g\000\040\000s\000a\000f\000e\000t\000y}{part.10}% 343
\BOOKMARK [0][-]{chapter.93}{\376\377\000A\000d\000d\000\040\000p\000r\000i\000v\000a\000t\000e\000\040\000M\000e\000s\000s\000a\000g\000e\000s\000\040\000w\000i\000t\000h\000o\000u\000t\000\040\000i\000m\000p\000o\000r\000t\000i\000n\000g\000\040\000t\000h\000e\000\040\000r\000o\000b\000o\000t\000-\000c\000o\000n\000t\000r\000o\000l\000\040\000s\000u\000r\000f\000a\000c\000e}{part.10}% 344
\BOOKMARK [0][-]{chapter.94}{\376\377\000T\000r\000e\000a\000t\000\040\000m\000o\000d\000e\000l\000\040\000t\000o\000o\000l\000s\000\040\000a\000s\000\040\000p\000r\000o\000p\000o\000s\000a\000l\000s}{part.10}% 345
\BOOKMARK [0][-]{chapter.95}{\376\377\000K\000e\000e\000p\000\040\000d\000e\000s\000t\000i\000n\000a\000t\000i\000o\000n\000\040\000a\000u\000t\000o\000n\000o\000m\000y\000\040\000a\000n\000d\000\040\000l\000e\000a\000r\000n\000e\000d\000\040\000t\000r\000a\000v\000e\000r\000s\000a\000b\000i\000l\000i\000t\000y\000\040\000b\000e\000h\000i\000n\000d\000\040\000o\000p\000e\000r\000a\000t\000o\000r\000\040\000a\000u\000t\000h\000o\000r\000i\000t\000y}{part.10}% 346
\BOOKMARK [0][-]{chapter.96}{\376\377\000S\000t\000r\000e\000a\000m\000\040\000c\000a\000m\000e\000r\000a\000\040\000v\000i\000d\000e\000o\000\040\000t\000o\000\040\000V\000i\000s\000i\000o\000n\000\040\000P\000r\000o\000\040\000s\000e\000p\000a\000r\000a\000t\000e\000l\000y}{part.10}% 347
\BOOKMARK [0][-]{chapter.97}{\376\377\000H\000.\0002\0006\0004\000\040\000w\000i\000t\000h\000o\000u\000t\000\040\000h\000a\000n\000d\000-\000w\000a\000v\000i\000n\000g\000:\000\040\000p\000i\000c\000t\000u\000r\000e\000s\000,\000\040\000a\000c\000c\000e\000s\000s\000\040\000u\000n\000i\000t\000s\000,\000\040\000a\000n\000d\000\040\000N\000A\000L\000\040\000u\000n\000i\000t\000s}{part.10}% 348
\BOOKMARK [1][-]{section.97.1}{\376\377\000A\000n\000n\000e\000x\000\040\000B\000\040\000a\000n\000d\000\040\000A\000V\000C\000C\000\040\000a\000r\000e\000\040\000t\000w\000o\000\040\000w\000r\000a\000p\000p\000e\000r\000s\000\040\000a\000r\000o\000u\000n\000d\000\040\000N\000A\000L\000\040\000u\000n\000i\000t\000s}{chapter.97}% 349
\BOOKMARK [1][-]{section.97.2}{\376\377\000R\000e\000a\000d\000\040\000t\000h\000e\000\040\000e\000n\000c\000o\000d\000e\000r\000\040\000f\000r\000o\000m\000\040\000i\000n\000p\000u\000t\000\040\000p\000i\000x\000e\000l\000\040\000t\000o\000\040\000e\000n\000c\000o\000d\000e\000d\000\040\000b\000y\000t\000e\000s}{chapter.97}% 350
\BOOKMARK [1][-]{section.97.3}{\376\377\000R\000O\000B\000'\000s\000\040\000t\000r\000a\000n\000s\000p\000o\000r\000t\000\040\000i\000s\000\040\000c\000u\000s\000t\000o\000m\000\040\000r\000e\000l\000i\000a\000b\000l\000e\000\040\000Q\000U\000I\000C\000,\000\040\000n\000o\000t\000\040\000R\000T\000P}{chapter.97}% 351
\BOOKMARK [1][-]{section.97.4}{\376\377\000W\000h\000y\000\040\000a\000\040\000m\000i\000s\000s\000i\000n\000g\000\040\000a\000c\000c\000e\000s\000s\000\040\000u\000n\000i\000t\000\040\000t\000r\000i\000g\000g\000e\000r\000s\000\040\000I\000D\000R\000\040\000r\000e\000c\000o\000v\000e\000r\000y}{chapter.97}% 352
\BOOKMARK [0][-]{chapter.98}{\376\377\000E\000x\000c\000a\000v\000a\000t\000e\000\040\000t\000h\000e\000\040\000K\000i\000n\000e\000c\000t\000\040\000a\000n\000d\000\040\000O\000p\000e\000n\000N\000I\000\040\000p\000a\000s\000t}{part.10}% 353
\BOOKMARK [0][-]{chapter.99}{\376\377\000C\000o\000m\000p\000a\000r\000e\000\040\000K\000i\000n\000e\000c\000t\000-\000e\000r\000a\000\040\000a\000n\000d\000\040\000L\000u\000x\000o\000n\000i\000s\000-\000e\000r\000a\000\040\000d\000e\000s\000i\000g\000n}{part.10}% 354
\BOOKMARK [0][-]{chapter.100}{\376\377\000B\000u\000i\000l\000d\000\040\000a\000\040\000r\000e\000l\000i\000a\000b\000l\000e\000\040\000l\000i\000g\000h\000t\000-\000s\000a\000b\000e\000r\000\040\000b\000a\000t\000t\000l\000e\000\040\000t\000r\000a\000i\000n\000e\000r}{part.10}% 355
\BOOKMARK [0][-]{chapter.101}{\376\377\000E\000n\000g\000i\000n\000e\000e\000r\000\040\000t\000h\000e\000\040\000c\000o\000m\000e\000d\000y\000\040\000s\000h\000o\000w\000\040\000a\000s\000\040\000a\000\040\000s\000t\000a\000t\000e\000\040\000m\000a\000c\000h\000i\000n\000e}{part.10}% 356
\BOOKMARK [0][-]{chapter.102}{\376\377\000T\000e\000s\000t\000\040\000a\000t\000\040\000c\000o\000n\000t\000r\000a\000c\000t\000s\000,\000\040\000n\000o\000t\000\040\000o\000n\000l\000y\000\040\000w\000i\000n\000d\000o\000w\000s}{part.10}% 357
\BOOKMARK [0][-]{chapter.103}{\376\377\000P\000r\000o\000f\000i\000l\000e\000\040\000m\000e\000m\000o\000r\000y\000,\000\040\000l\000a\000t\000e\000n\000c\000y\000,\000\040\000a\000n\000d\000\040\000t\000h\000e\000r\000m\000a\000l\000s}{part.10}% 358
\BOOKMARK [0][-]{chapter.104}{\376\377\000R\000e\000f\000a\000c\000t\000o\000r\000\040\000w\000i\000t\000h\000o\000u\000t\000\040\000e\000r\000a\000s\000i\000n\000g\000\040\000h\000i\000s\000t\000o\000r\000y}{part.10}% 359
\BOOKMARK [0][-]{chapter.105}{\376\377\000F\000i\000l\000e\000-\000b\000y\000-\000f\000i\000l\000e\000\040\000r\000e\000a\000d\000i\000n\000g\000\040\000r\000o\000u\000t\000e}{part.10}% 360
\BOOKMARK [0][-]{chapter.106}{\376\377\000P\000r\000o\000d\000u\000c\000t\000i\000o\000n\000\040\000r\000e\000v\000i\000e\000w\000\040\000c\000h\000e\000c\000k\000l\000i\000s\000t}{part.10}% 361
\BOOKMARK [0][-]{chapter.107}{\376\377\000C\000l\000o\000s\000i\000n\000g\000\040\000p\000r\000i\000n\000c\000i\000p\000l\000e}{part.10}% 362
\BOOKMARK [0][-]{appendix.A}{\376\377\000T\000e\000a\000c\000h\000\040\000t\000h\000e\000\040\000a\000r\000c\000h\000i\000t\000e\000c\000t\000u\000r\000e\000\040\000w\000i\000t\000h\000o\000u\000t\000\040\000h\000i\000d\000i\000n\000g\000\040\000t\000h\000e\000\040\000h\000a\000z\000a\000r\000d\000s}{part.10}% 363
\BOOKMARK [1][-]{section.A.1}{\376\377\000A\000\040\000s\000p\000i\000r\000a\000l\000\040\000c\000u\000r\000r\000i\000c\000u\000l\000u\000m\000\040\000f\000o\000r\000\040\000R\000O\000B}{appendix.A}% 364
\BOOKMARK [1][-]{section.A.2}{\376\377\000F\000a\000c\000i\000l\000i\000t\000a\000t\000i\000o\000n\000\040\000p\000a\000t\000t\000e\000r\000n}{appendix.A}% 365
\BOOKMARK [0][-]{appendix.B}{\376\377\000C\000o\000m\000m\000i\000s\000s\000i\000o\000n\000\040\000t\000h\000e\000\040\000c\000o\000n\000t\000r\000o\000l\000\040\000p\000a\000t\000h\000\040\000a\000s\000\040\000o\000n\000e\000\040\000s\000a\000f\000e\000t\000y\000-\000r\000e\000l\000a\000t\000e\000d\000\040\000s\000y\000s\000t\000e\000m}{part.10}% 366
\BOOKMARK [1][-]{section.B.1}{\376\377\000C\000o\000n\000n\000e\000c\000t\000i\000o\000n\000\040\000a\000n\000d\000\040\000e\000n\000r\000o\000l\000l\000m\000e\000n\000t\000\040\000m\000a\000t\000r\000i\000x}{appendix.B}% 367
\BOOKMARK [1][-]{section.B.2}{\376\377\000M\000e\000a\000s\000u\000r\000e\000\040\000t\000h\000e\000\040\000w\000h\000o\000l\000e\000\040\000s\000t\000o\000p\000\040\000c\000h\000a\000i\000n}{appendix.B}% 368
\BOOKMARK [0][-]{appendix.C}{\376\377\000C\000a\000p\000t\000u\000r\000e\000\040\000t\000h\000e\000\040\000b\000u\000i\000l\000d\000e\000r\000'\000s\000\040\000o\000r\000a\000l\000\040\000h\000i\000s\000t\000o\000r\000y}{part.10}% 369
\BOOKMARK [1][-]{section.C.1}{\376\377\000I\000n\000t\000e\000r\000v\000i\000e\000w\000\040\000p\000r\000o\000m\000p\000t\000s}{appendix.C}% 370
\BOOKMARK [0][-]{appendix.D}{\376\377\000F\000u\000t\000u\000r\000e\000\040\000m\000e\000a\000s\000u\000r\000e\000d\000-\000e\000d\000i\000t\000i\000o\000n\000\040\000l\000e\000d\000g\000e\000r}{part.10}% 371
\BOOKMARK [0][-]{appendix.E}{\376\377\000B\000i\000l\000l\000\040\000o\000f\000\040\000m\000a\000t\000e\000r\000i\000a\000l\000s\000\040\000w\000o\000r\000k\000s\000h\000e\000e\000t}{part.10}% 372
\BOOKMARK [0][-]{appendix.F}{\376\377\000W\000i\000r\000i\000n\000g\000\040\000a\000n\000d\000\040\000c\000o\000n\000n\000e\000c\000t\000o\000r\000\040\000w\000o\000r\000k\000s\000h\000e\000e\000t}{part.10}% 373
\BOOKMARK [0][-]{appendix.G}{\376\377\000S\000e\000r\000i\000a\000l\000\040\000p\000r\000o\000t\000o\000c\000o\000l\000\040\000r\000e\000f\000e\000r\000e\000n\000c\000e}{part.10}% 374
\BOOKMARK [0][-]{appendix.H}{\376\377\000R\000e\000p\000o\000s\000i\000t\000o\000r\000y\000\040\000s\000o\000u\000r\000c\000e\000\040\000m\000a\000p}{part.10}% 375
\BOOKMARK [0][-]{appendix.I}{\376\377\000P\000r\000i\000m\000a\000r\000y\000\040\000t\000e\000c\000h\000n\000i\000c\000a\000l\000\040\000r\000e\000f\000e\000r\000e\000n\000c\000e\000s}{part.10}% 376
\BOOKMARK [0][-]{appendix.J}{\376\377\000P\000h\000o\000t\000o\000\040\000a\000n\000d\000\040\000a\000r\000t\000w\000o\000r\000k\000\040\000c\000r\000e\000d\000i\000t\000s}{part.10}% 377
