\BOOKMARK [0][-]{chapter.1}{\376\377\000R\000e\000a\000d\000\040\000C\000e\000r\000e\000b\000r\000o\000\040\000a\000s\000\040\000a\000\040\000l\000i\000v\000i\000n\000g\000\040\000r\000o\000b\000o\000t\000\040\000s\000y\000s\000t\000e\000m}{}% 1
\BOOKMARK [0][-]{chapter.2}{\376\377\000R\000e\000c\000o\000v\000e\000r\000\040\000C\000e\000r\000e\000b\000r\000o\000'\000s\000\040\000p\000r\000e\000-\000v\0005\000\040\000l\000i\000n\000e\000a\000g\000e}{}% 2
\BOOKMARK [1][-]{section.2.1}{\376\377\000v\0001\000:\000\040\000t\000h\000e\000\040\000s\000e\000r\000i\000a\000l\000\040\000n\000e\000r\000v\000o\000u\000s\000\040\000s\000y\000s\000t\000e\000m}{chapter.2}% 3
\BOOKMARK [1][-]{section.2.2}{\376\377\000v\0002\000:\000\040\000v\000o\000i\000c\000e\000,\000\040\000m\000u\000l\000t\000i\000p\000l\000e\000\040\000b\000o\000d\000i\000e\000s\000,\000\040\000a\000n\000d\000\040\000e\000x\000p\000e\000r\000i\000m\000e\000n\000t\000a\000l\000\040\000s\000e\000n\000s\000e\000s}{chapter.2}% 4
\BOOKMARK [1][-]{section.2.3}{\376\377\000v\0003\000:\000\040\000a\000r\000b\000i\000t\000r\000a\000t\000i\000o\000n\000\040\000b\000e\000c\000o\000m\000e\000s\000\040\000a\000\040\000r\000e\000q\000u\000i\000r\000e\000m\000e\000n\000t}{chapter.2}% 5
\BOOKMARK [1][-]{section.2.4}{\376\377\000v\0004\000\040\000a\000n\000d\000\040\000v\0005\000:\000\040\000m\000i\000g\000r\000a\000t\000i\000o\000n\000\040\000i\000s\000\040\000n\000o\000t\000\040\000i\000n\000v\000e\000n\000t\000i\000o\000n}{chapter.2}% 6
\BOOKMARK [1][-]{section.2.5}{\376\377\000P\000r\000e\000s\000e\000r\000v\000e\000\040\000e\000v\000i\000d\000e\000n\000c\000e\000\040\000w\000h\000i\000l\000e\000\040\000m\000o\000d\000e\000r\000n\000i\000z\000i\000n\000g}{chapter.2}% 7
\BOOKMARK [0][-]{chapter.3}{\376\377\000M\000a\000p\000\040\000t\000h\000e\000\040\000m\000i\000x\000e\000d\000-\000l\000a\000n\000g\000u\000a\000g\000e\000\040\000a\000r\000c\000h\000i\000t\000e\000c\000t\000u\000r\000e}{}% 8
\BOOKMARK [0][-]{chapter.4}{\376\377\000R\000e\000p\000r\000o\000d\000u\000c\000e\000\040\000t\000h\000e\000\040\000b\000u\000i\000l\000d\000\040\000b\000e\000f\000o\000r\000e\000\040\000c\000h\000a\000n\000g\000i\000n\000g\000\040\000b\000e\000h\000a\000v\000i\000o\000r}{}% 9
\BOOKMARK [0][-]{chapter.5}{\376\377\000E\000n\000t\000e\000r\000\040\000t\000h\000r\000o\000u\000g\000h\000\040\000A\000p\000p\000D\000e\000l\000e\000g\000a\000t\000e\000,\000\040\000t\000h\000e\000n\000\040\000f\000i\000n\000d\000\040\000o\000w\000n\000e\000r\000s\000h\000i\000p}{}% 10
\BOOKMARK [0][-]{chapter.6}{\376\377\000D\000i\000s\000s\000e\000c\000t\000\040\000R\000O\000B\000S\000e\000r\000i\000a\000l\000B\000o\000x\000:\000\040\000t\000h\000e\000\040\000h\000a\000r\000d\000w\000a\000r\000e\000\040\000b\000o\000u\000n\000d\000a\000r\000y}{}% 11
\BOOKMARK [1][-]{section.6.1}{\376\377\000F\000i\000l\000e\000\040\000d\000e\000s\000c\000r\000i\000p\000t\000o\000r\000s\000\040\000a\000r\000e\000\040\000s\000t\000a\000t\000e\000\040\000m\000a\000c\000h\000i\000n\000e\000s}{chapter.6}% 12
\BOOKMARK [0][-]{chapter.7}{\376\377\000D\000i\000s\000c\000o\000v\000e\000r\000\040\000t\000h\000e\000\040\000B\000a\000s\000e\000\040\000A\000r\000d\000u\000i\000n\000o\000\040\000b\000y\000\040\000f\000i\000r\000m\000w\000a\000r\000e\000\040\000r\000e\000s\000p\000o\000n\000s\000e}{}% 13
\BOOKMARK [1][-]{section.7.1}{\376\377\000P\000a\000r\000s\000e\000\040\000l\000i\000n\000e\000s\000\040\000b\000e\000f\000o\000r\000e\000\040\000i\000n\000t\000e\000r\000p\000r\000e\000t\000i\000n\000g\000\040\000m\000e\000a\000n\000i\000n\000g}{chapter.7}% 14
\BOOKMARK [0][-]{chapter.8}{\376\377\000S\000e\000p\000a\000r\000a\000t\000e\000\040\000d\000e\000v\000i\000c\000e\000s\000\040\000b\000y\000\040\000i\000d\000e\000n\000t\000i\000t\000y\000\040\000a\000n\000d\000\040\000p\000r\000o\000t\000o\000c\000o\000l}{}% 15
\BOOKMARK [0][-]{chapter.9}{\376\377\000T\000r\000a\000n\000s\000l\000a\000t\000e\000\040\000c\000o\000n\000t\000r\000o\000l\000l\000e\000r\000\040\000i\000n\000t\000e\000n\000t\000\040\000w\000i\000t\000h\000o\000u\000t\000\040\000e\000x\000t\000e\000n\000d\000i\000n\000g\000\040\000s\000t\000a\000l\000e\000\040\000m\000o\000t\000i\000o\000n}{}% 16
\BOOKMARK [0][-]{chapter.10}{\376\377\000C\000o\000n\000t\000r\000o\000l\000\040\000M\000a\000e\000s\000t\000r\000o\000\040\000n\000e\000c\000k\000\040\000s\000e\000r\000v\000o\000s\000\040\000a\000n\000d\000\040\000T\000i\000c\000\040\000t\000o\000r\000s\000o\000\040\000r\000o\000t\000a\000t\000i\000o\000n}{}% 17
\BOOKMARK [0][-]{chapter.11}{\376\377\000B\000r\000i\000d\000g\000e\000\040\000O\000b\000j\000e\000c\000t\000i\000v\000e\000-\000C\000\040\000a\000n\000d\000\040\000S\000w\000i\000f\000t\000\040\000d\000e\000l\000i\000b\000e\000r\000a\000t\000e\000l\000y}{}% 18
\BOOKMARK [0][-]{chapter.12}{\376\377\000C\000a\000p\000t\000u\000r\000e\000\040\000R\000G\000B\000\040\000w\000i\000t\000h\000\040\000A\000V\000F\000o\000u\000n\000d\000a\000t\000i\000o\000n}{}% 19
\BOOKMARK [0][-]{chapter.13}{\376\377\000A\000c\000q\000u\000i\000r\000e\000\040\000a\000l\000i\000g\000n\000e\000d\000\040\000R\000G\000B\000-\000D\000\040\000f\000r\000o\000m\000\040\000L\000u\000x\000o\000n\000i\000s}{}% 20
\BOOKMARK [1][-]{section.13.1}{\376\377\000S\000e\000p\000a\000r\000a\000t\000e\000\040\000h\000o\000s\000t\000\040\000i\000n\000f\000e\000r\000e\000n\000c\000e\000\040\000f\000r\000o\000m\000\040\000O\000A\000K\000\040\000i\000n\000f\000e\000r\000e\000n\000c\000e}{chapter.13}% 21
\BOOKMARK [1][-]{section.13.2}{\376\377\000U\000n\000d\000e\000r\000s\000t\000a\000n\000d\000\040\000a\000l\000i\000g\000n\000m\000e\000n\000t}{chapter.13}% 22
\BOOKMARK [0][-]{chapter.14}{\376\377\000B\000u\000i\000l\000d\000\040\000a\000\040\000b\000o\000u\000n\000d\000e\000d\000\040\000p\000e\000r\000c\000e\000p\000t\000i\000o\000n\000\040\000p\000i\000p\000e\000l\000i\000n\000e}{}% 23
\BOOKMARK [0][-]{chapter.15}{\376\377\000R\000e\000n\000d\000e\000r\000\040\000p\000e\000r\000c\000e\000p\000t\000i\000o\000n\000\040\000w\000i\000t\000h\000o\000u\000t\000\040\000l\000e\000a\000k\000i\000n\000g\000\040\000m\000e\000m\000o\000r\000y}{}% 24
\BOOKMARK [0][-]{chapter.16}{\376\377\000T\000u\000r\000n\000\040\000o\000b\000s\000e\000r\000v\000a\000t\000i\000o\000n\000s\000\040\000i\000n\000t\000o\000\040\000S\000c\000e\000n\000e\000S\000n\000a\000p\000s\000h\000o\000t}{}% 25
\BOOKMARK [0][-]{chapter.17}{\376\377\000R\000u\000n\000\040\000M\000L\000X\000\040\000p\000r\000i\000v\000a\000t\000e\000l\000y\000\040\000o\000n\000\040\000A\000p\000p\000l\000e\000\040\000s\000i\000l\000i\000c\000o\000n}{}% 26
\BOOKMARK [1][-]{section.17.1}{\376\377\000M\000L\000X\000\040\000V\000L\000M\040\024\000s\000o\000m\000e\000t\000i\000m\000e\000s\000\040\000a\000b\000b\000r\000e\000v\000i\000a\000t\000e\000d\000\040\000i\000n\000c\000o\000r\000r\000e\000c\000t\000l\000y\000\040\000a\000s\000\040\000V\000L\000X}{chapter.17}% 27
\BOOKMARK [0][-]{chapter.18}{\376\377\000R\000e\000a\000d\000\040\000t\000h\000e\000\040\000M\000L\000X\000\040\000e\000x\000e\000c\000u\000t\000i\000o\000n\000\040\000p\000a\000t\000h\000\040\000l\000i\000n\000e\000\040\000b\000y\000\040\000l\000i\000n\000e}{}% 28
\BOOKMARK [0][-]{chapter.19}{\376\377\000T\000e\000a\000c\000h\000\040\000R\000O\000B\000\040\000t\000o\000\040\000r\000e\000c\000o\000g\000n\000i\000z\000e\000\040\000a\000\040\000n\000e\000w\000\040\000o\000b\000j\000e\000c\000t\000\040\000w\000i\000t\000h\000o\000u\000t\000\040\000t\000e\000a\000c\000h\000i\000n\000g\000\040\000i\000t\000\040\000t\000o\000\040\000t\000r\000u\000s\000t\000\040\000i\000t\000s\000e\000l\000f}{}% 29
\BOOKMARK [1][-]{section.19.1}{\376\377\000A\000\040\000s\000a\000f\000e\000\040\000f\000u\000t\000u\000r\000e\000\040\000l\000e\000a\000r\000n\000i\000n\000g\000\040\000a\000r\000c\000h\000i\000t\000e\000c\000t\000u\000r\000e}{chapter.19}% 30
\BOOKMARK [0][-]{chapter.20}{\376\377\000R\000e\000c\000o\000r\000d\000\040\000t\000r\000a\000i\000n\000i\000n\000g\000\040\000e\000v\000i\000d\000e\000n\000c\000e\000\040\000w\000i\000t\000h\000o\000u\000t\000\040\000l\000e\000t\000t\000i\000n\000g\000\040\000a\000u\000t\000o\000n\000o\000m\000y\000\040\000l\000a\000b\000e\000l\000\040\000i\000t\000s\000e\000l\000f}{}% 31
\BOOKMARK [0][-]{chapter.21}{\376\377\000R\000e\000c\000o\000g\000n\000i\000z\000e\000\040\000a\000\040\000c\000o\000n\000s\000e\000n\000t\000e\000d\000\040\000f\000a\000c\000e\000\040\000w\000i\000t\000h\000o\000u\000t\000\040\000c\000o\000n\000v\000e\000r\000t\000i\000n\000g\000\040\000i\000d\000e\000n\000t\000i\000t\000y\000\040\000i\000n\000t\000o\000\040\000a\000u\000t\000h\000o\000r\000i\000t\000y}{}% 32
\BOOKMARK [1][-]{section.21.1}{\376\377\000U\000s\000e\000\040\000t\000h\000e\000\040\000s\000e\000l\000e\000c\000t\000e\000d\000\040\000A\000d\000a\000F\000a\000c\000e\000\040\000e\000n\000c\000o\000d\000e\000r\000\040\000c\000o\000n\000s\000i\000s\000t\000e\000n\000t\000l\000y}{chapter.21}% 33
\BOOKMARK [0][-]{chapter.22}{\376\377\000A\000d\000d\000\040\000b\000o\000u\000n\000d\000e\000d\000\040\000s\000e\000m\000a\000n\000t\000i\000c\000\040\000m\000e\000m\000o\000r\000y}{}% 34
\BOOKMARK [0][-]{chapter.23}{\376\377\000C\000o\000n\000s\000t\000r\000a\000i\000n\000\040\000l\000o\000c\000a\000l\000\040\000m\000o\000d\000e\000l\000\040\000o\000u\000t\000p\000u\000t}{}% 35
\BOOKMARK [0][-]{chapter.24}{\376\377\000I\000n\000t\000e\000g\000r\000a\000t\000e\000\040\000G\000e\000m\000i\000n\000i\000\040\000L\000i\000v\000e\000\040\000w\000i\000t\000h\000o\000u\000t\000\040\000c\000o\000u\000p\000l\000i\000n\000g\000\040\000s\000a\000f\000e\000t\000y}{}% 36
\BOOKMARK [0][-]{chapter.25}{\376\377\000A\000d\000d\000\040\000p\000r\000i\000v\000a\000t\000e\000\040\000M\000e\000s\000s\000a\000g\000e\000s\000\040\000w\000i\000t\000h\000o\000u\000t\000\040\000i\000m\000p\000o\000r\000t\000i\000n\000g\000\040\000t\000h\000e\000\040\000r\000o\000b\000o\000t\000-\000c\000o\000n\000t\000r\000o\000l\000\040\000s\000u\000r\000f\000a\000c\000e}{}% 37
\BOOKMARK [0][-]{chapter.26}{\376\377\000T\000r\000e\000a\000t\000\040\000m\000o\000d\000e\000l\000\040\000t\000o\000o\000l\000s\000\040\000a\000s\000\040\000p\000r\000o\000p\000o\000s\000a\000l\000s}{}% 38
\BOOKMARK [0][-]{chapter.27}{\376\377\000K\000e\000e\000p\000\040\000d\000e\000s\000t\000i\000n\000a\000t\000i\000o\000n\000\040\000a\000u\000t\000o\000n\000o\000m\000y\000\040\000a\000n\000d\000\040\000l\000e\000a\000r\000n\000e\000d\000\040\000t\000r\000a\000v\000e\000r\000s\000a\000b\000i\000l\000i\000t\000y\000\040\000b\000e\000h\000i\000n\000d\000\040\000o\000p\000e\000r\000a\000t\000o\000r\000\040\000a\000u\000t\000h\000o\000r\000i\000t\000y}{}% 39
\BOOKMARK [0][-]{chapter.28}{\376\377\000S\000t\000r\000e\000a\000m\000\040\000c\000a\000m\000e\000r\000a\000\040\000v\000i\000d\000e\000o\000\040\000t\000o\000\040\000V\000i\000s\000i\000o\000n\000\040\000P\000r\000o\000\040\000s\000e\000p\000a\000r\000a\000t\000e\000l\000y}{}% 40
\BOOKMARK [0][-]{chapter.29}{\376\377\000H\000.\0002\0006\0004\000\040\000w\000i\000t\000h\000o\000u\000t\000\040\000h\000a\000n\000d\000-\000w\000a\000v\000i\000n\000g\000:\000\040\000p\000i\000c\000t\000u\000r\000e\000s\000,\000\040\000a\000c\000c\000e\000s\000s\000\040\000u\000n\000i\000t\000s\000,\000\040\000a\000n\000d\000\040\000N\000A\000L\000\040\000u\000n\000i\000t\000s}{}% 41
\BOOKMARK [1][-]{section.29.1}{\376\377\000A\000n\000n\000e\000x\000\040\000B\000\040\000a\000n\000d\000\040\000A\000V\000C\000C\000\040\000a\000r\000e\000\040\000t\000w\000o\000\040\000w\000r\000a\000p\000p\000e\000r\000s\000\040\000a\000r\000o\000u\000n\000d\000\040\000N\000A\000L\000\040\000u\000n\000i\000t\000s}{chapter.29}% 42
\BOOKMARK [1][-]{section.29.2}{\376\377\000R\000e\000a\000d\000\040\000t\000h\000e\000\040\000e\000n\000c\000o\000d\000e\000r\000\040\000f\000r\000o\000m\000\040\000i\000n\000p\000u\000t\000\040\000p\000i\000x\000e\000l\000\040\000t\000o\000\040\000e\000n\000c\000o\000d\000e\000d\000\040\000b\000y\000t\000e\000s}{chapter.29}% 43
\BOOKMARK [1][-]{section.29.3}{\376\377\000R\000O\000B\000'\000s\000\040\000t\000r\000a\000n\000s\000p\000o\000r\000t\000\040\000i\000s\000\040\000c\000u\000s\000t\000o\000m\000\040\000r\000e\000l\000i\000a\000b\000l\000e\000\040\000Q\000U\000I\000C\000,\000\040\000n\000o\000t\000\040\000R\000T\000P}{chapter.29}% 44
\BOOKMARK [1][-]{section.29.4}{\376\377\000W\000h\000y\000\040\000a\000\040\000m\000i\000s\000s\000i\000n\000g\000\040\000a\000c\000c\000e\000s\000s\000\040\000u\000n\000i\000t\000\040\000t\000r\000i\000g\000g\000e\000r\000s\000\040\000I\000D\000R\000\040\000r\000e\000c\000o\000v\000e\000r\000y}{chapter.29}% 45
\BOOKMARK [0][-]{chapter.30}{\376\377\000E\000x\000c\000a\000v\000a\000t\000e\000\040\000t\000h\000e\000\040\000K\000i\000n\000e\000c\000t\000\040\000a\000n\000d\000\040\000O\000p\000e\000n\000N\000I\000\040\000p\000a\000s\000t}{}% 46
\BOOKMARK [0][-]{chapter.31}{\376\377\000C\000o\000m\000p\000a\000r\000e\000\040\000K\000i\000n\000e\000c\000t\000-\000e\000r\000a\000\040\000a\000n\000d\000\040\000L\000u\000x\000o\000n\000i\000s\000-\000e\000r\000a\000\040\000d\000e\000s\000i\000g\000n}{}% 47
\BOOKMARK [0][-]{chapter.32}{\376\377\000B\000u\000i\000l\000d\000\040\000a\000\040\000r\000e\000l\000i\000a\000b\000l\000e\000\040\000l\000i\000g\000h\000t\000-\000s\000a\000b\000e\000r\000\040\000b\000a\000t\000t\000l\000e\000\040\000t\000r\000a\000i\000n\000e\000r}{}% 48
\BOOKMARK [0][-]{chapter.33}{\376\377\000E\000n\000g\000i\000n\000e\000e\000r\000\040\000t\000h\000e\000\040\000c\000o\000m\000e\000d\000y\000\040\000s\000h\000o\000w\000\040\000a\000s\000\040\000a\000\040\000s\000t\000a\000t\000e\000\040\000m\000a\000c\000h\000i\000n\000e}{}% 49
\BOOKMARK [0][-]{chapter.34}{\376\377\000T\000e\000s\000t\000\040\000a\000t\000\040\000c\000o\000n\000t\000r\000a\000c\000t\000s\000,\000\040\000n\000o\000t\000\040\000o\000n\000l\000y\000\040\000w\000i\000n\000d\000o\000w\000s}{}% 50
\BOOKMARK [0][-]{chapter.35}{\376\377\000P\000r\000o\000f\000i\000l\000e\000\040\000m\000e\000m\000o\000r\000y\000,\000\040\000l\000a\000t\000e\000n\000c\000y\000,\000\040\000a\000n\000d\000\040\000t\000h\000e\000r\000m\000a\000l\000s}{}% 51
\BOOKMARK [0][-]{chapter.36}{\376\377\000R\000e\000f\000a\000c\000t\000o\000r\000\040\000w\000i\000t\000h\000o\000u\000t\000\040\000e\000r\000a\000s\000i\000n\000g\000\040\000h\000i\000s\000t\000o\000r\000y}{}% 52
\BOOKMARK [0][-]{chapter.37}{\376\377\000F\000i\000l\000e\000-\000b\000y\000-\000f\000i\000l\000e\000\040\000r\000e\000a\000d\000i\000n\000g\000\040\000r\000o\000u\000t\000e}{}% 53
\BOOKMARK [0][-]{chapter.38}{\376\377\000P\000r\000o\000d\000u\000c\000t\000i\000o\000n\000\040\000r\000e\000v\000i\000e\000w\000\040\000c\000h\000e\000c\000k\000l\000i\000s\000t}{}% 54
\BOOKMARK [0][-]{chapter.39}{\376\377\000C\000l\000o\000s\000i\000n\000g\000\040\000p\000r\000i\000n\000c\000i\000p\000l\000e}{}% 55
