\BOOKMARK [0][-]{chapter.1}{\376\377\000T\000h\000e\000\040\000a\000r\000m\000\040\000s\000y\000s\000t\000e\000m\000\040\000w\000e\000\040\000a\000c\000t\000u\000a\000l\000l\000y\000\040\000h\000a\000v\000e}{}% 1
\BOOKMARK [1][-]{section.1.1}{\376\377\000A\000n\000\040\000e\000v\000i\000d\000e\000n\000c\000e\000\040\000l\000e\000d\000g\000e\000r}{chapter.1}% 2
\BOOKMARK [0][-]{chapter.2}{\376\377\000R\000e\000a\000d\000\040\000t\000h\000e\000\040\000r\000e\000p\000o\000s\000i\000t\000o\000r\000y\000\040\000w\000i\000t\000h\000o\000u\000t\000\040\000c\000o\000p\000y\000i\000n\000g\000\040\000a\000\040\000w\000h\000o\000l\000e\000\040\000c\000o\000m\000p\000u\000t\000e\000r}{}% 3
\BOOKMARK [1][-]{section.2.1}{\376\377\000S\000n\000a\000p\000s\000h\000o\000t\000\040\000r\000e\000c\000o\000r\000d}{chapter.2}% 4
\BOOKMARK [0][-]{chapter.3}{\376\377\000U\000R\000D\000F\000\040\000i\000s\000\040\000a\000\040\000g\000e\000o\000m\000e\000t\000r\000i\000c\000\040\000s\000e\000n\000t\000e\000n\000c\000e}{}% 5
\BOOKMARK [1][-]{section.3.1}{\376\377\000T\000h\000e\000\040\000s\000i\000n\000g\000l\000e\000\040\000B\0001\000\040\000c\000h\000a\000i\000n}{chapter.3}% 6
\BOOKMARK [1][-]{section.3.2}{\376\377\000T\000h\000e\000\040\000d\000u\000a\000l\000\040\000m\000o\000d\000e\000l\000\040\000h\000a\000s\000\040\000a\000\040\000w\000a\000r\000n\000i\000n\000g\000\040\000i\000n\000\040\000i\000t\000s\000\040\000o\000w\000n\000\040\000s\000o\000u\000r\000c\000e}{chapter.3}% 7
\BOOKMARK [0][-]{chapter.4}{\376\377\000M\000e\000a\000s\000u\000r\000e\000\040\000t\000w\000o\000\040\000a\000r\000m\000s\000\040\000i\000n\000t\000o\000\040\000R\000O\000B\000'\000s\000\040\000c\000o\000o\000r\000d\000i\000n\000a\000t\000e\000\040\000s\000y\000s\000t\000e\000m}{}% 8
\BOOKMARK [1][-]{section.4.1}{\376\377\000M\000o\000u\000n\000t\000-\000t\000r\000a\000n\000s\000f\000o\000r\000m\000\040\000w\000o\000r\000k\000s\000h\000e\000e\000t}{chapter.4}% 9
\BOOKMARK [0][-]{chapter.5}{\376\377\000C\000A\000N\000:\000\040\000s\000t\000a\000b\000l\000e\000\040\000i\000d\000e\000n\000t\000i\000t\000y\000\040\000b\000e\000f\000o\000r\000e\000\040\000t\000r\000a\000f\000f\000i\000c}{}% 10
\BOOKMARK [1][-]{section.5.1}{\376\377\000P\000r\000e\000f\000e\000r\000\040\000a\000\040\000d\000e\000t\000e\000r\000m\000i\000n\000i\000s\000t\000i\000c\000\040\000h\000o\000s\000t\000\040\000b\000i\000n\000d\000i\000n\000g}{chapter.5}% 11
\BOOKMARK [1][-]{section.5.2}{\376\377\000C\000A\000N\000\040\000f\000a\000u\000l\000t\000\040\000q\000u\000e\000s\000t\000i\000o\000n\000s}{chapter.5}% 12
\BOOKMARK [0][-]{chapter.6}{\376\377\000C\000A\000N\000\040\000f\000r\000o\000m\000\040\000c\000o\000p\000p\000e\000r\000\040\000t\000o\000\040\000L\000i\000n\000u\000x}{}% 13
\BOOKMARK [1][-]{section.6.1}{\376\377\000W\000h\000a\000t\000\040\000o\000n\000e\000\040\000C\000A\000N\000\040\000f\000r\000a\000m\000e\000\040\000t\000e\000a\000c\000h\000e\000s}{chapter.6}% 14
\BOOKMARK [1][-]{section.6.2}{\376\377\000R\000e\000a\000d\000\040\000t\000h\000e\000\040\000d\000e\000t\000e\000r\000m\000i\000n\000i\000s\000t\000i\000c\000\040\000i\000n\000i\000t\000i\000a\000l\000i\000z\000e\000r\000\040\000l\000i\000n\000e\000\040\000b\000y\000\040\000l\000i\000n\000e}{chapter.6}% 15
\BOOKMARK [0][-]{chapter.7}{\376\377\000C\000o\000n\000f\000i\000g\000u\000r\000e\000\040\000o\000n\000e\000\040\000c\000o\000r\000e\000\040\000p\000e\000r\000\040\000s\000i\000d\000e}{}% 16
\BOOKMARK [0][-]{chapter.8}{\376\377\000T\000h\000e\000\040\000o\000b\000s\000e\000r\000v\000e\000d\000\040\000U\000D\000P\000\040\000p\000r\000o\000t\000o\000c\000o\000l}{}% 17
\BOOKMARK [1][-]{section.8.1}{\376\377\000C\000o\000m\000m\000a\000n\000d\000\040\000c\000a\000t\000a\000l\000o\000g\000u\000e}{chapter.8}% 18
\BOOKMARK [1][-]{section.8.2}{\376\377\000G\000r\000i\000p\000p\000e\000r\000\040\000s\000e\000q\000u\000e\000n\000c\000e}{chapter.8}% 19
\BOOKMARK [1][-]{section.8.3}{\376\377\000P\000r\000o\000t\000o\000c\000o\000l\000\040\000h\000a\000r\000d\000e\000n\000i\000n\000g\000\040\000n\000e\000e\000d\000e\000d}{chapter.8}% 20
\BOOKMARK [0][-]{chapter.9}{\376\377\000L\000C\000M\000\040\000a\000n\000d\000\040\000R\000O\000S\000\040\0002\000\040\000i\000n\000t\000e\000r\000f\000a\000c\000e\000s}{}% 21
\BOOKMARK [0][-]{chapter.10}{\376\377\000L\000C\000M\000\040\000w\000o\000r\000k\000s\000h\000o\000p\000:\000\040\000s\000c\000h\000e\000m\000a\000,\000\040\000g\000e\000n\000e\000r\000a\000t\000e\000d\000\040\000c\000o\000d\000e\000,\000\040\000a\000n\000d\000\040\000t\000h\000e\000\040\000P\000y\000t\000h\000o\000n\000\040\000b\000r\000i\000d\000g\000e}{}% 22
\BOOKMARK [1][-]{section.10.1}{\376\377\000F\000o\000l\000l\000o\000w\000\040\000o\000n\000e\000\040\000s\000t\000a\000t\000u\000s\000\040\000s\000a\000m\000p\000l\000e\000\040\000e\000n\000d\000\040\000t\000o\000\040\000e\000n\000d}{chapter.10}% 23
\BOOKMARK [0][-]{chapter.11}{\376\377\000U\000n\000d\000e\000r\000s\000t\000a\000n\000d\000\040\000t\000h\000e\000\040\000U\000b\000u\000n\000t\000u\000\040\000s\000e\000r\000v\000i\000c\000e\000s}{}% 24
\BOOKMARK [0][-]{chapter.12}{\376\377\000T\000h\000e\000\040\000h\000a\000r\000d\000e\000n\000e\000d\000\040\000C\000e\000r\000e\000b\000r\000o\000-\000t\000o\000-\000A\000M\000B\000E\000R\000\040\000g\000a\000t\000e\000w\000a\000y}{}% 25
\BOOKMARK [1][-]{section.12.1}{\376\377\000A\000\040\000s\000a\000f\000e\000\040\000c\000o\000d\000e\000-\000r\000e\000a\000d\000i\000n\000g\000\040\000l\000a\000b}{chapter.12}% 26
\BOOKMARK [0][-]{chapter.13}{\376\377\000B\000u\000i\000l\000d\000\040\000a\000\040\000c\000l\000e\000a\000n\000\040\000U\000b\000u\000n\000t\000u\000\040\000r\000u\000n\000t\000i\000m\000e}{}% 27
\BOOKMARK [1][-]{section.13.1}{\376\377\000R\000e\000p\000r\000o\000d\000u\000c\000t\000i\000o\000n\000\040\000p\000r\000o\000c\000e\000d\000u\000r\000e}{chapter.13}% 28
\BOOKMARK [1][-]{section.13.2}{\376\377\000S\000e\000r\000v\000i\000c\000e\000\040\000o\000r\000d\000e\000r}{chapter.13}% 29
\BOOKMARK [0][-]{chapter.14}{\376\377\000A\000\040\000s\000t\000a\000t\000u\000s\000-\000o\000n\000l\000y\000\040\000P\000y\000t\000h\000o\000n\000\040\000l\000e\000s\000s\000o\000n}{}% 30
\BOOKMARK [0][-]{chapter.15}{\376\377\000C\000o\000m\000m\000i\000s\000s\000i\000o\000n\000\040\000f\000r\000o\000m\000\040\000n\000o\000\040\000m\000o\000t\000i\000o\000n\000\040\000t\000o\000\040\000b\000o\000u\000n\000d\000e\000d\000\040\000m\000o\000t\000i\000o\000n}{}% 31
\BOOKMARK [1][-]{section.15.1}{\376\377\000G\000a\000t\000e\000\040\0000\000:\000\040\000p\000a\000p\000e\000r\000\040\000r\000e\000v\000i\000e\000w}{chapter.15}% 32
\BOOKMARK [1][-]{section.15.2}{\376\377\000G\000a\000t\000e\000\040\0001\000:\000\040\000p\000o\000w\000e\000r\000\040\000i\000s\000o\000l\000a\000t\000e\000d}{chapter.15}% 33
\BOOKMARK [1][-]{section.15.3}{\376\377\000G\000a\000t\000e\000\040\0002\000:\000\040\000s\000t\000a\000t\000u\000s\000\040\000o\000n\000l\000y}{chapter.15}% 34
\BOOKMARK [1][-]{section.15.4}{\376\377\000G\000a\000t\000e\000\040\0003\000:\000\040\000s\000u\000p\000p\000o\000r\000t\000e\000d\000,\000\040\000t\000o\000r\000q\000u\000e\000-\000l\000i\000m\000i\000t\000e\000d\000\040\000j\000o\000i\000n\000t\000\040\000i\000d\000e\000n\000t\000i\000f\000i\000c\000a\000t\000i\000o\000n}{chapter.15}% 35
\BOOKMARK [1][-]{section.15.5}{\376\377\000G\000a\000t\000e\000\040\0004\000:\000\040\000m\000o\000d\000e\000l\000\040\000a\000g\000r\000e\000e\000m\000e\000n\000t}{chapter.15}% 36
\BOOKMARK [1][-]{section.15.6}{\376\377\000G\000a\000t\000e\000\040\0005\000:\000\040\000i\000n\000d\000e\000p\000e\000n\000d\000e\000n\000t\000\040\000s\000i\000n\000g\000l\000e\000-\000a\000r\000m\000\040\000e\000n\000v\000e\000l\000o\000p\000e\000s}{chapter.15}% 37
\BOOKMARK [1][-]{section.15.7}{\376\377\000G\000a\000t\000e\000\040\0006\000:\000\040\000d\000u\000a\000l\000-\000a\000r\000m\000\040\000c\000o\000o\000r\000d\000i\000n\000a\000t\000i\000o\000n}{chapter.15}% 38
\BOOKMARK [0][-]{chapter.16}{\376\377\000D\000i\000a\000g\000n\000o\000s\000e\000\040\000b\000y\000\040\000l\000a\000y\000e\000r}{}% 39
\BOOKMARK [0][-]{chapter.17}{\376\377\000C\000o\000n\000n\000e\000c\000t\000\040\000t\000h\000e\000\040\000a\000r\000m\000s\000\040\000t\000o\000\040\000C\000e\000r\000e\000b\000r\000o\000\040\000r\000e\000s\000p\000o\000n\000s\000i\000b\000l\000y}{}% 40
\BOOKMARK [0][-]{chapter.18}{\376\377\000W\000h\000a\000t\000\040\000r\000e\000m\000a\000i\000n\000s\000\040\000u\000n\000k\000n\000o\000w\000n}{}% 41
\BOOKMARK [0][-]{chapter.19}{\376\377\000R\000e\000p\000r\000o\000d\000u\000c\000t\000i\000o\000n\000\040\000a\000c\000c\000e\000p\000t\000a\000n\000c\000e\000\040\000s\000h\000e\000e\000t}{}% 42
\BOOKMARK [0][-]{chapter.20}{\376\377\000T\000e\000a\000c\000h\000\040\000i\000t\000\040\000a\000s\000\040\000a\000\040\000s\000y\000s\000t\000e\000m\000s\000\040\000l\000e\000s\000s\000o\000n}{}% 43
