\BOOKMARK [0][-]{chapter.1}{\376\377\000R\000e\000a\000d\000\040\000t\000h\000i\000s\000\040\000b\000o\000o\000k\000\040\000w\000i\000t\000h\000\040\000t\000h\000e\000\040\000r\000e\000p\000o\000s\000i\000t\000o\000r\000y\000\040\000o\000p\000e\000n}{}% 1
\BOOKMARK [0][-]{chapter.2}{\376\377\000S\000t\000a\000r\000t\000\040\000w\000i\000t\000h\000\040\000t\000h\000e\000\040\000b\000u\000i\000l\000d\000\040\000g\000r\000a\000p\000h}{}% 2
\BOOKMARK [1][-]{section.2.1}{\376\377\000R\000e\000p\000r\000o\000d\000u\000c\000e\000\040\000t\000h\000e\000\040\000b\000u\000i\000l\000d}{chapter.2}% 3
\BOOKMARK [0][-]{chapter.3}{\376\377\000C\000o\000m\000p\000o\000s\000e\000\040\000t\000h\000e\000\040\000a\000p\000p\000l\000i\000c\000a\000t\000i\000o\000n\000\040\000a\000t\000\040\000o\000n\000e\000\040\000o\000b\000v\000i\000o\000u\000s\000\040\000b\000o\000u\000n\000d\000a\000r\000y}{}% 4
\BOOKMARK [0][-]{chapter.4}{\376\377\000U\000s\000e\000\040\000O\000b\000s\000e\000r\000v\000a\000t\000i\000o\000n\000\040\000w\000i\000t\000h\000o\000u\000t\000\040\000t\000u\000r\000n\000i\000n\000g\000\040\000e\000v\000e\000r\000y\000t\000h\000i\000n\000g\000\040\000i\000n\000t\000o\000\040\000U\000I\000\040\000s\000t\000a\000t\000e}{}% 5
\BOOKMARK [0][-]{chapter.5}{\376\377\000M\000a\000k\000e\000\040\000l\000i\000f\000e\000c\000y\000c\000l\000e\000\040\000c\000a\000n\000c\000e\000l\000l\000a\000t\000i\000o\000n\000\040\000e\000x\000p\000l\000i\000c\000i\000t}{}% 6
\BOOKMARK [0][-]{chapter.6}{\376\377\000P\000u\000t\000\040\000t\000h\000e\000\040\000s\000t\000a\000t\000e\000\040\000m\000a\000c\000h\000i\000n\000e\000\040\000i\000n\000\040\000a\000n\000\040\000a\000c\000t\000o\000r}{}% 7
\BOOKMARK [0][-]{chapter.7}{\376\377\000D\000e\000f\000i\000n\000e\000\040\000a\000\040\000d\000o\000m\000a\000i\000n\000\040\000p\000r\000o\000t\000o\000c\000o\000l\000\040\000b\000e\000f\000o\000r\000e\000\040\000a\000\040\000w\000i\000r\000e\000\040\000f\000o\000r\000m\000a\000t}{}% 8
\BOOKMARK [0][-]{chapter.8}{\376\377\000T\000r\000e\000a\000t\000\040\000d\000e\000a\000d\000-\000m\000a\000n\000\040\000l\000o\000g\000i\000c\000\040\000a\000s\000\040\000a\000\040\000p\000u\000r\000e\000\040\000d\000e\000c\000i\000s\000i\000o\000n\000\040\000f\000u\000n\000c\000t\000i\000o\000n}{}% 9
\BOOKMARK [0][-]{chapter.9}{\376\377\000T\000r\000a\000n\000s\000l\000a\000t\000e\000\040\000c\000o\000n\000t\000r\000o\000l\000l\000e\000r\000\040\000h\000a\000r\000d\000w\000a\000r\000e\000\040\000i\000n\000t\000o\000\040\000o\000n\000e\000\040\000s\000a\000m\000p\000l\000e}{}% 10
\BOOKMARK [1][-]{section.9.1}{\376\377\000C\000o\000m\000b\000i\000n\000e\000\040\000t\000w\000o\000\040\000c\000o\000n\000t\000r\000o\000l\000l\000e\000r\000s\000\040\000c\000a\000r\000e\000f\000u\000l\000l\000y}{chapter.9}% 11
\BOOKMARK [0][-]{chapter.10}{\376\377\000C\000o\000n\000v\000e\000r\000t\000\040\000t\000a\000n\000k\000\040\000d\000r\000i\000v\000e\000\040\000w\000i\000t\000h\000o\000u\000t\000\040\000l\000o\000s\000i\000n\000g\000\040\000i\000n\000f\000o\000r\000m\000a\000t\000i\000o\000n}{}% 12
\BOOKMARK [0][-]{chapter.11}{\376\377\000T\000r\000a\000c\000k\000\040\000h\000e\000a\000d\000\040\000o\000r\000i\000e\000n\000t\000a\000t\000i\000o\000n\000\040\000r\000e\000l\000a\000t\000i\000v\000e\000\040\000t\000o\000\040\000c\000o\000n\000s\000e\000n\000t}{}% 13
\BOOKMARK [0][-]{chapter.12}{\376\377\000U\000n\000d\000e\000r\000s\000t\000a\000n\000d\000\040\000c\000o\000n\000t\000r\000o\000l\000l\000e\000r\000\040\000p\000o\000s\000e\000\040\000a\000s\000\040\000t\000e\000l\000e\000m\000e\000t\000r\000y\000,\000\040\000n\000o\000t\000\040\000a\000u\000t\000h\000o\000r\000i\000t\000y}{}% 14
\BOOKMARK [0][-]{chapter.13}{\376\377\000D\000e\000s\000i\000g\000n\000\040\000p\000r\000e\000s\000s\000-\000a\000n\000d\000-\000h\000o\000l\000d\000\040\000s\000p\000a\000t\000i\000a\000l\000\040\000c\000o\000n\000t\000r\000o\000l\000s}{}% 15
\BOOKMARK [0][-]{chapter.14}{\376\377\000P\000a\000i\000r\000\040\000i\000d\000e\000n\000t\000i\000t\000y\000,\000\040\000n\000o\000t\000\040\000m\000e\000r\000e\000l\000y\000\040\000a\000n\000\040\000a\000d\000d\000r\000e\000s\000s}{}% 16
\BOOKMARK [0][-]{chapter.15}{\376\377\000S\000e\000p\000a\000r\000a\000t\000e\000\040\000c\000o\000n\000t\000r\000o\000l\000\040\000a\000n\000d\000\040\000v\000i\000d\000e\000o\000\040\000f\000a\000i\000l\000u\000r\000e\000\040\000d\000o\000m\000a\000i\000n\000s}{}% 17
\BOOKMARK [0][-]{chapter.16}{\376\377\000N\000e\000g\000o\000t\000i\000a\000t\000e\000\040\000v\000i\000d\000e\000o\000\040\000b\000e\000f\000o\000r\000e\000\040\000a\000l\000l\000o\000c\000a\000t\000i\000n\000g\000\040\000a\000\040\000d\000e\000c\000o\000d\000e\000r}{}% 18
\BOOKMARK [0][-]{chapter.17}{\376\377\000F\000r\000a\000m\000e\000\040\000o\000r\000d\000e\000r\000e\000d\000\040\000Q\000U\000I\000C\000\040\000v\000i\000d\000e\000o\000\040\000d\000e\000f\000e\000n\000s\000i\000v\000e\000l\000y}{}% 19
\BOOKMARK [0][-]{chapter.18}{\376\377\000C\000a\000r\000r\000y\000\040\000c\000o\000d\000e\000c\000\040\000c\000o\000n\000f\000i\000g\000u\000r\000a\000t\000i\000o\000n\000\040\000a\000n\000d\000\040\000a\000c\000c\000e\000s\000s\000\040\000u\000n\000i\000t\000s\000\040\000e\000x\000p\000l\000i\000c\000i\000t\000l\000y}{}% 20
\BOOKMARK [0][-]{chapter.19}{\376\377\000D\000e\000c\000o\000d\000e\000\040\000w\000i\000t\000h\000o\000u\000t\000\040\000b\000l\000o\000c\000k\000i\000n\000g\000\040\000c\000o\000n\000t\000r\000o\000l\000\040\000o\000r\000\040\000t\000h\000e\000\040\000m\000a\000i\000n\000\040\000a\000c\000t\000o\000r}{}% 21
\BOOKMARK [0][-]{chapter.20}{\376\377\000P\000r\000e\000s\000e\000n\000t\000\040\000A\000V\000F\000o\000u\000n\000d\000a\000t\000i\000o\000n\000\040\000m\000e\000d\000i\000a\000\040\000i\000n\000s\000i\000d\000e\000\040\000S\000w\000i\000f\000t\000U\000I}{}% 22
\BOOKMARK [0][-]{chapter.21}{\376\377\000U\000n\000d\000e\000r\000s\000t\000a\000n\000d\000\040\000a\000u\000d\000i\000o\000:\000\040\000c\000a\000p\000t\000u\000r\000e\000\040\000l\000o\000c\000a\000l\000l\000y\000,\000\040\000t\000r\000a\000n\000s\000m\000i\000t\000\040\000t\000e\000x\000t}{}% 23
\BOOKMARK [1][-]{section.21.1}{\376\377\000C\000o\000m\000m\000a\000n\000d\000\040\000v\000e\000r\000s\000u\000s\000\040\000p\000u\000p\000p\000e\000t\000\040\000s\000p\000e\000e\000c\000h}{chapter.21}% 24
\BOOKMARK [1][-]{section.21.2}{\376\377\000I\000f\000\040\000t\000r\000u\000e\000\040\000a\000u\000d\000i\000o\000\040\000s\000t\000r\000e\000a\000m\000i\000n\000g\000\040\000i\000s\000\040\000a\000d\000d\000e\000d\000\040\000l\000a\000t\000e\000r}{chapter.21}% 25
\BOOKMARK [0][-]{chapter.22}{\376\377\000D\000e\000c\000l\000a\000r\000e\000\040\000p\000r\000i\000v\000a\000c\000y\000\040\000a\000n\000d\000\040\000d\000e\000v\000i\000c\000e\000\040\000c\000a\000p\000a\000b\000i\000l\000i\000t\000i\000e\000s}{}% 26
\BOOKMARK [0][-]{chapter.23}{\376\377\000D\000e\000s\000i\000g\000n\000\040\000f\000a\000i\000l\000u\000r\000e\000s\000\040\000a\000s\000\040\000o\000r\000d\000i\000n\000a\000r\000y\000\040\000s\000t\000a\000t\000e\000s}{}% 27
\BOOKMARK [0][-]{chapter.24}{\376\377\000T\000e\000s\000t\000\040\000t\000h\000e\000\040\000p\000a\000c\000k\000a\000g\000e\000\040\000i\000n\000\040\000l\000a\000y\000e\000r\000s}{}% 28
\BOOKMARK [0][-]{chapter.25}{\376\377\000D\000e\000b\000u\000g\000\040\000w\000i\000t\000h\000o\000u\000t\000\040\000d\000r\000o\000w\000n\000i\000n\000g\000\040\000X\000c\000o\000d\000e}{}% 29
\BOOKMARK [0][-]{chapter.26}{\376\377\000A\000d\000d\000\040\000a\000\040\000f\000e\000a\000t\000u\000r\000e\000\040\000w\000i\000t\000h\000o\000u\000t\000\040\000b\000r\000e\000a\000k\000i\000n\000g\000\040\000a\000u\000t\000h\000o\000r\000i\000t\000y}{}% 30
\BOOKMARK [0][-]{chapter.27}{\376\377\000S\000w\000i\000f\000t\000\040\000t\000e\000c\000h\000n\000i\000q\000u\000e\000s\000\040\000w\000o\000r\000t\000h\000\040\000c\000a\000r\000r\000y\000i\000n\000g\000\040\000e\000l\000s\000e\000w\000h\000e\000r\000e}{}% 31
\BOOKMARK [0][-]{chapter.28}{\376\377\000P\000r\000o\000d\000u\000c\000t\000i\000o\000n\000\040\000r\000e\000v\000i\000e\000w\000\040\000c\000h\000e\000c\000k\000l\000i\000s\000t}{}% 32
\BOOKMARK [0][-]{chapter.29}{\376\377\000F\000i\000l\000e\000-\000b\000y\000-\000f\000i\000l\000e\000\040\000r\000e\000a\000d\000i\000n\000g\000\040\000o\000r\000d\000e\000r}{}% 33
\BOOKMARK [0][-]{chapter.30}{\376\377\000C\000l\000o\000s\000i\000n\000g\000\040\000p\000r\000i\000n\000c\000i\000p\000l\000e}{}% 34
